Archive member included to satisfy reference by file (symbol)

app/libapp.a(main.c.obj)      (--whole-archive)
app/libapp.a(apdu.c.obj)      (--whole-archive)
app/libapp.a(bitarray.c.obj)  (--whole-archive)
app/libapp.a(bytebuffer.c.obj)
                              (--whole-archive)
app/libapp.a(ciphering.c.obj)
                              (--whole-archive)
app/libapp.a(client.c.obj)    (--whole-archive)
app/libapp.a(converters.c.obj)
                              (--whole-archive)
app/libapp.a(cosem.c.obj)     (--whole-archive)
app/libapp.a(datainfo.c.obj)  (--whole-archive)
app/libapp.a(date.c.obj)      (--whole-archive)
app/libapp.a(dlms.c.obj)      (--whole-archive)
app/libapp.a(dlmsSettings.c.obj)
                              (--whole-archive)
app/libapp.a(gxaes.c.obj)     (--whole-archive)
app/libapp.a(gxarray.c.obj)   (--whole-archive)
app/libapp.a(gxget.c.obj)     (--whole-archive)
app/libapp.a(gxinvoke.c.obj)  (--whole-archive)
app/libapp.a(gxkey.c.obj)     (--whole-archive)
app/libapp.a(gxmd5.c.obj)     (--whole-archive)
app/libapp.a(gxobjects.c.obj)
                              (--whole-archive)
app/libapp.a(gxserializer.c.obj)
                              (--whole-archive)
app/libapp.a(gxset.c.obj)     (--whole-archive)
app/libapp.a(gxsetignoremalloc.c.obj)
                              (--whole-archive)
app/libapp.a(gxsetmalloc.c.obj)
                              (--whole-archive)
app/libapp.a(gxsha1.c.obj)    (--whole-archive)
app/libapp.a(gxsha256.c.obj)  (--whole-archive)
app/libapp.a(gxvalueeventargs.c.obj)
                              (--whole-archive)
app/libapp.a(helpers.c.obj)   (--whole-archive)
app/libapp.a(message.c.obj)   (--whole-archive)
app/libapp.a(notify.c.obj)    (--whole-archive)
app/libapp.a(objectarray.c.obj)
                              (--whole-archive)
app/libapp.a(parameters.c.obj)
                              (--whole-archive)
app/libapp.a(replydata.c.obj)
                              (--whole-archive)
app/libapp.a(server.c.obj)    (--whole-archive)
app/libapp.a(serverevents.c.obj)
                              (--whole-archive)
app/libapp.a(variant.c.obj)   (--whole-archive)
zephyr/libzephyr.a(cbprintf.c.obj)
                              (--whole-archive)
zephyr/libzephyr.a(cbprintf_packaged.c.obj)
                              (--whole-archive)
zephyr/libzephyr.a(crc32c_sw.c.obj)
                              (--whole-archive)
zephyr/libzephyr.a(crc32_sw.c.obj)
                              (--whole-archive)
zephyr/libzephyr.a(crc16_sw.c.obj)
                              (--whole-archive)
zephyr/libzephyr.a(crc8_sw.c.obj)
                              (--whole-archive)
zephyr/libzephyr.a(crc7_sw.c.obj)
                              (--whole-archive)
zephyr/libzephyr.a(dec.c.obj)
                              (--whole-archive)
zephyr/libzephyr.a(fdtable.c.obj)
                              (--whole-archive)
zephyr/libzephyr.a(hex.c.obj)
                              (--whole-archive)
zephyr/libzephyr.a(notify.c.obj)
                              (--whole-archive)
zephyr/libzephyr.a(printk.c.obj)
                              (--whole-archive)
zephyr/libzephyr.a(onoff.c.obj)
                              (--whole-archive)
zephyr/libzephyr.a(rb.c.obj)  (--whole-archive)
zephyr/libzephyr.a(sem.c.obj)
                              (--whole-archive)
zephyr/libzephyr.a(thread_entry.c.obj)
                              (--whole-archive)
zephyr/libzephyr.a(timeutil.c.obj)
                              (--whole-archive)
zephyr/libzephyr.a(heap.c.obj)
                              (--whole-archive)
zephyr/libzephyr.a(heap-validate.c.obj)
                              (--whole-archive)
zephyr/libzephyr.a(bitarray.c.obj)
                              (--whole-archive)
zephyr/libzephyr.a(cbprintf_complete.c.obj)
                              (--whole-archive)
zephyr/libzephyr.a(mpsc_pbuf.c.obj)
                              (--whole-archive)
zephyr/libzephyr.a(reboot.c.obj)
                              (--whole-archive)
zephyr/libzephyr.a(configs.c.obj)
                              (--whole-archive)
zephyr/libzephyr.a(soc_nrf_common.S.obj)
                              (--whole-archive)
zephyr/libzephyr.a(validate_base_addresses.c.obj)
                              (--whole-archive)
zephyr/libzephyr.a(validate_enabled_instances.c.obj)
                              (--whole-archive)
zephyr/libzephyr.a(log_list.c.obj)
                              (--whole-archive)
zephyr/libzephyr.a(log_core.c.obj)
                              (--whole-archive)
zephyr/libzephyr.a(log_mgmt.c.obj)
                              (--whole-archive)
zephyr/libzephyr.a(log_msg.c.obj)
                              (--whole-archive)
zephyr/libzephyr.a(log_output.c.obj)
                              (--whole-archive)
zephyr/libzephyr.a(log_backend_uart.c.obj)
                              (--whole-archive)
zephyr/libzephyr.a(log_backend_rtt.c.obj)
[...]
Memory Configuration

Name             Origin             Length             Attributes
FLASH            0x00000000         0x00100000         xr
SRAM             0x20000000         0x00040000         xw
IDT_LIST         0xfffff7ff         0x00000800         xw
*default*        0x00000000         0xffffffff

Linker script and memory map

LOAD zephyr/CMakeFiles/zephyr_final.dir/misc/empty_file.c.obj
LOAD zephyr/CMakeFiles/zephyr_final.dir/isr_tables.c.obj
LOAD zephyr/CMakeFiles/zephyr_final.dir/dev_handles.c.obj
LOAD zephyr/CMakeFiles/offsets.dir/./arch/arm/core/offsets/offsets.c.obj
                0x00000020                _region_min_align = 0x20

.rel.plt        0x00000000        0x0
 *(SORT_BY_ALIGNMENT(.rel.plt))
                [!provide]                PROVIDE (__rel_iplt_start = .)
 *(SORT_BY_ALIGNMENT(.rel.iplt))
 .rel.iplt      0x00000000        0x0 zephyr/CMakeFiles/zephyr_final.dir/isr_tables.c.obj
                [!provide]                PROVIDE (__rel_iplt_end = .)

.rela.plt       0x00000000        0x0
 *(SORT_BY_ALIGNMENT(.rela.plt))
                [!provide]                PROVIDE (__rela_iplt_start = .)
 *(SORT_BY_ALIGNMENT(.rela.iplt))
                [!provide]                PROVIDE (__rela_iplt_end = .)

.rel.dyn
 *(SORT_BY_ALIGNMENT(.rel.*))

.rela.dyn
 *(SORT_BY_ALIGNMENT(.rela.*))

/DISCARD/
 *(SORT_BY_ALIGNMENT(.plt))
 *(SORT_BY_ALIGNMENT(.iplt))
 *(SORT_BY_ALIGNMENT(.got.plt))
 *(SORT_BY_ALIGNMENT(.igot.plt))
 *(SORT_BY_ALIGNMENT(.got))
 *(SORT_BY_ALIGNMENT(.igot))
 *(SORT_BY_ALIGNMENT(.irq_info*))
 *(SORT_BY_ALIGNMENT(.intList*))
 *(SORT_BY_ALIGNMENT(.note.GNU-stack))
                0x00000000                __rom_region_start = 0x0

rom_start       0x00000000      0x100
                0x00000000                . = 0x0
                0x00000000                . = ALIGN (0x4)
                0x00000000                . = ALIGN (0x80)
                0x00000000                . = ALIGN (0x100)
                0x00000000                _vector_start = .
 *(SORT_BY_ALIGNMENT(.exc_vector_table))
 *(SORT_BY_ALIGNMENT(.exc_vector_table.*))
 .exc_vector_table._vector_table_section
                0x00000000       0x40 zephyr/arch/arch/arm/core/aarch32/cortex_m/libarch__arm__core__aarch32__cortex_m.a(vector_table.S.obj)
                0x00000000                _vector_table
 *(SORT_BY_ALIGNMENT(.gnu.linkonce.irq_vector_table*))
 .gnu.linkonce.irq_vector_table
                0x00000040       0xc0 zephyr/CMakeFiles/zephyr_final.dir/isr_tables.c.obj
                0x00000040                _irq_vector_table
 *(SORT_BY_ALIGNMENT(.vectors))
                0x00000100                _vector_end = .

text            0x00000100    0x1e618
                0x00000100                __text_region_start = .
 *(SORT_BY_ALIGNMENT(.text))
 .text          0x00000100       0xa0 c:/gnuarmemb/opt/arm-none-eabi/lib/thumb/v7e-m/nofp\libc_nano.a(lib_a-memchr.o)
                0x00000100                memchr
 .text          0x000001a0      0x378 c:/gnuarmemb/opt/bin/../lib/gcc/arm-none-eabi/9.2.1/thumb/v7e-m/nofp\libgcc.a(_arm_addsubdf3.o)
                0x000001a0                __aeabi_drsub
                0x000001a8                __aeabi_dsub
                0x000001a8                __subdf3
                0x000001ac                __aeabi_dadd
                0x000001ac                __adddf3
                0x00000424                __floatunsidf
                0x00000424                __aeabi_ui2d
                0x00000444                __floatsidf
                0x00000444                __aeabi_i2d
                0x00000468                __aeabi_f2d
                0x00000468                __extendsfdf2
                0x000004ac                __floatundidf
                0x000004ac                __aeabi_ul2d
                0x000004bc                __floatdidf
                0x000004bc                __aeabi_l2d
 .text          0x00000518      0x424 c:/gnuarmemb/opt/bin/../lib/gcc/arm-none-eabi/9.2.1/thumb/v7e-m/nofp\libgcc.a(_arm_muldivdf3.o)
                0x00000518                __aeabi_dmul
                0x00000518                __muldf3
                0x0000076c                __divdf3
                0x0000076c                __aeabi_ddiv
 .text          0x0000093c       0x50 c:/gnuarmemb/opt/bin/../lib/gcc/arm-none-eabi/9.2.1/thumb/v7e-m/nofp\libgcc.a(_arm_fixdfsi.o)
                0x0000093c                __aeabi_d2iz
                0x0000093c                __fixdfsi
 .text          0x0000098c       0x40 c:/gnuarmemb/opt/bin/../lib/gcc/arm-none-eabi/9.2.1/thumb/v7e-m/nofp\libgcc.a(_arm_fixunsdfsi.o)
                0x0000098c                __aeabi_d2uiz
                0x0000098c                __fixunsdfsi
 .text          0x000009cc       0x4c c:/gnuarmemb/opt/bin/../lib/gcc/arm-none-eabi/9.2.1/thumb/v7e-m/nofp\libgcc.a(_arm_fixsfsi.o)
                0x000009cc                __aeabi_f2iz
                0x000009cc                __fixsfsi
 .text          0x00000a18       0xa0 c:/gnuarmemb/opt/bin/../lib/gcc/arm-none-eabi/9.2.1/thumb/v7e-m/nofp\libgcc.a(_aeabi_ldivmod.o)
                0x00000a18                __aeabi_ldivmod
 .text          0x00000ab8       0x30 c:/gnuarmemb/opt/bin/../lib/gcc/arm-none-eabi/9.2.1/thumb/v7e-m/nofp\libgcc.a(_aeabi_uldivmod.o)
                0x00000ab8                __aeabi_uldivmod
 .text          0x00000ae8      0x2c0 c:/gnuarmemb/opt/bin/../lib/gcc/arm-none-eabi/9.2.1/thumb/v7e-m/nofp\libgcc.a(_udivmoddi4.o)
                0x00000ae8                __udivmoddi4
 .text          0x00000da8        0x4 c:/gnuarmemb/opt/bin/../lib/gcc/arm-none-eabi/9.2.1/thumb/v7e-m/nofp\libgcc.a(_dvmd_tls.o)
                0x00000da8                __aeabi_idiv0
                0x00000da8                __aeabi_ldiv0
 .text          0x00000dac       0x14 c:/gnuarmemb/opt/arm-none-eabi/lib/thumb/v7e-m/nofp\libc_nano.a(lib_a-strcmp.o)
                0x00000dac                strcmp
 .text          0x00000dc0       0x10 c:/gnuarmemb/opt/arm-none-eabi/lib/thumb/v7e-m/nofp\libc_nano.a(lib_a-strlen.o)
                0x00000dc0                strlen
 *(SORT_BY_ALIGNMENT(.text.*))
 .text.comparator_handler
                0x00000dd0        0xc app/libapp.a(main.c.obj)
 .text.lora_config.constprop.0
                0x00000ddc        0xc app/libapp.a(main.c.obj)
 .text.init_mbus_comp_gpiote
                0x00000de8      0x154 app/libapp.a(main.c.obj)
                0x00000de8                init_mbus_comp_gpiote
 .text.szl_encode_uleb128
                0x00000f3c       0x44 app/libapp.a(main.c.obj)
                0x00000f3c                szl_encode_uleb128
 .text.sponge_encode
                0x00000f80       0xa4 app/libapp.a(main.c.obj)
                0x00000f80                sponge_encode
 .text.dlms_console_init
                0x00001024       0x5c app/libapp.a(main.c.obj)
                0x00001024                dlms_console_init
 .text.dlms_push_listener_init
                0x00001080       0x7c app/libapp.a(main.c.obj)
                0x00001080                dlms_push_listener_init
 .text.dlms_push_listener_rx
                0x000010fc      0x33c app/libapp.a(main.c.obj)
                0x000010fc                dlms_push_listener_rx
 .text.szl_lora_init
                0x00001438       0x60 app/libapp.a(main.c.obj)
                0x00001438                szl_lora_init
 .text.szl_lora_send
                0x00001498       0x88 app/libapp.a(main.c.obj)
                0x00001498                szl_lora_send
 .text.main     0x00001520       0x64 app/libapp.a(main.c.obj)
                0x00001520                main
 .text.ba_getByteCount
                0x00001584       0x3c app/libapp.a(bitarray.c.obj)
                0x00001584                ba_getByteCount
 .text.cip_init
                0x000015c0       0x58 app/libapp.a(ciphering.c.obj)
                0x000015c0                cip_init
 .text.cip_int  0x00001618      0x200 app/libapp.a(ciphering.c.obj)
                0x00001618                cip_int
 .text.aes_Encrypt
                0x00001818      0x2c4 app/libapp.a(ciphering.c.obj)
                0x00001818                aes_Encrypt
 .text.cip_crypt
                0x00001adc      0x3b8 app/libapp.a(ciphering.c.obj)
                0x00001adc                cip_crypt
 .text.cip_decrypt
                0x00001e94      0x18c app/libapp.a(ciphering.c.obj)
                0x00001e94                cip_decrypt
 .text.cosem_init4
                0x00002020       0xf0 app/libapp.a(cosem.c.obj)
                0x00002020                cosem_init4
 .text.cosem_createObject
                0x00002110       0x54 app/libapp.a(cosem.c.obj)
                0x00002110                cosem_createObject
 .text.cosem_findObjectByLN
                0x00002164       0x7c app/libapp.a(cosem.c.obj)
                0x00002164                cosem_findObjectByLN
 .text.time_init
                0x000021e0      0x150 app/libapp.a(date.c.obj)
                0x000021e0                time_init
 .text.time_getYears2
                0x00002330       0x6c app/libapp.a(date.c.obj)
                0x00002330                time_getYears2
 .text.time_getMonths2
                0x0000239c       0x70 app/libapp.a(date.c.obj)
                0x0000239c                time_getMonths2
 .text.time_getDays2
                0x0000240c       0x74 app/libapp.a(date.c.obj)
                0x0000240c                time_getDays2
 .text.time_getHours
                0x00002480       0x1c app/libapp.a(date.c.obj)
                0x00002480                time_getHours
 .text.time_fromUnixTime2
                0x0000249c       0xfc app/libapp.a(date.c.obj)
                0x0000249c                time_fromUnixTime2
 .text.time_toString
                0x00002598      0x280 app/libapp.a(date.c.obj)
                0x00002598                time_toString
 .text.time_toUnixTime2
                0x00002818       0x4c app/libapp.a(date.c.obj)
                0x00002818                time_toUnixTime2
 .text.time_compareWithDiff
                0x00002864      0x11c app/libapp.a(date.c.obj)
                0x00002864                time_compareWithDiff
 .text.countCRC.isra.0
                0x00002980       0x34 app/libapp.a(dlms.c.obj)
 .text.getBcd   0x000029b4       0xa0 app/libapp.a(dlms.c.obj)
                0x000029b4                getBcd
 .text.getTime  0x00002a54       0xb4 app/libapp.a(dlms.c.obj)
                0x00002a54                getTime
 .text.getDate  0x00002b08       0xb0 app/libapp.a(dlms.c.obj)
                0x00002b08                getDate
 .text.dlms_checkLLCBytes
                0x00002bb8       0x38 app/libapp.a(dlms.c.obj)
                0x00002bb8                dlms_checkLLCBytes
 .text.dlms_countFCS24
                0x00002bf0       0x44 app/libapp.a(dlms.c.obj)
                0x00002bf0                dlms_countFCS24
 .text.dlms_handleGloDedRequest
                0x00002c34      0x134 app/libapp.a(dlms.c.obj)
                0x00002c34                dlms_handleGloDedRequest
 .text.dlms_getPdu
                0x00002d68      0x350 app/libapp.a(dlms.c.obj)
                0x00002d68                dlms_getPdu
 .text.plc_reset
                0x000030b8       0x54 app/libapp.a(dlmsSettings.c.obj)
                0x000030b8                plc_reset
 .text.cl_init  0x0000310c       0xec app/libapp.a(dlmsSettings.c.obj)
                0x0000310c                cl_init
 .text.getActivityCalendarDayProfileTable
                0x000031f8       0xb8 app/libapp.a(gxget.c.obj)
                0x000031f8                getActivityCalendarDayProfileTable
 .text.getLNObjects
                0x000032b0      0x218 app/libapp.a(gxget.c.obj)
                0x000032b0                getLNObjects
 .text.cosem_getIP4Setup
                0x000034c8      0x174 app/libapp.a(gxget.c.obj)
                0x000034c8                cosem_getIP4Setup
 .text.cosem_getLimiter
                0x0000363c      0x2e4 app/libapp.a(gxget.c.obj)
                0x0000363c                cosem_getLimiter
 .text.cosem_getmMbusClient
                0x00003920      0x180 app/libapp.a(gxget.c.obj)
                0x00003920                cosem_getmMbusClient
 .text.cosem_getModemConfiguration
                0x00003aa0      0x2b0 app/libapp.a(gxget.c.obj)
                0x00003aa0                cosem_getModemConfiguration
 .text.cosem_getPppSetup
                0x00003d50      0x220 app/libapp.a(gxget.c.obj)
                0x00003d50                cosem_getPppSetup
 .text.cosem_getParameterMonitor
                0x00003f70      0x128 app/libapp.a(gxget.c.obj)
                0x00003f70                cosem_getParameterMonitor
 .text.obj_getLogicalName
                0x00004098       0x10 app/libapp.a(gxobjects.c.obj)
                0x00004098                obj_getLogicalName
 .text.cosem_setProfileGeneric
                0x000040a8      0x320 app/libapp.a(gxsetmalloc.c.obj)
                0x000040a8                cosem_setProfileGeneric
 .text.hlp_bytesToHex
                0x000043c8       0x78 app/libapp.a(helpers.c.obj)
                0x000043c8                hlp_bytesToHex
 .text.hlp_getDataTypeSize
                0x00004440       0x14 app/libapp.a(helpers.c.obj)
                0x00004440                hlp_getDataTypeSize
 .text.var_getDateTime2
                0x00004454      0x158 app/libapp.a(variant.c.obj)
                0x00004454                var_getDateTime2
 .text.var_copy
                0x000045ac      0x234 app/libapp.a(variant.c.obj)
                0x000045ac                var_copy
 .text.convert.part.0
                0x000047e0      0x330 app/libapp.a(variant.c.obj)
 .text.var_changeType
                0x00004b10      0x17c app/libapp.a(variant.c.obj)
                0x00004b10                var_changeType
 .text.char_out
                0x00004c8c       0x10 zephyr/libzephyr.a(printk.c.obj)
 .text.__printk_hook_install
                0x00004c9c        0xc zephyr/libzephyr.a(printk.c.obj)
                0x00004c9c                __printk_hook_install
 .text.vprintk  0x00004ca8       0x1c zephyr/libzephyr.a(printk.c.obj)
                0x00004ca8                vprintk
 .text.vsnprintk
                0x00004cc4       0x28 zephyr/libzephyr.a(printk.c.obj)
                0x00004cc4                vsnprintk
 .text.process_event
                0x00004cec      0x1cc zephyr/libzephyr.a(onoff.c.obj)
 .text.extract_decimal
                0x00004eb8       0x2c zephyr/libzephyr.a(cbprintf_complete.c.obj)
 .text.encode_uint
                0x00004ee4       0xa0 zephyr/libzephyr.a(cbprintf_complete.c.obj)
 .text.cbvprintf
                0x00004f84      0x730 zephyr/libzephyr.a(cbprintf_complete.c.obj)
                0x00004f84                cbvprintf
 .text.sys_reboot
                0x000056b4       0x30 zephyr/libzephyr.a(reboot.c.obj)
                0x000056b4                sys_reboot
 .text.enable_logger
                0x000056e4       0x5c zephyr/libzephyr.a(log_core.c.obj)
 .text.log_process_thread_timer_expiry_fn
                0x00005740        0xc zephyr/libzephyr.a(log_core.c.obj)
 .text.z_log_get_s_mask
                0x0000574c       0x48 zephyr/libzephyr.a(log_core.c.obj)
                0x0000574c                z_log_get_s_mask
 .text.log_core_init
                0x00005794       0x50 zephyr/libzephyr.a(log_core.c.obj)
                0x00005794                log_core_init
 .text.log_init
                0x000057e4       0x58 zephyr/libzephyr.a(log_core.c.obj)
                0x000057e4                log_init
 .text.get_msg  0x0000583c       0x28 zephyr/libzephyr.a(log_core.c.obj)
                0x0000583c                get_msg
 .text.z_log_notify_backend_enabled
                0x00005864       0x1c zephyr/libzephyr.a(log_core.c.obj)
                0x00005864                z_log_notify_backend_enabled
 .text.z_log_dropped
                0x00005880       0x3c zephyr/libzephyr.a(log_core.c.obj)
                0x00005880                z_log_dropped
 .text.z_log_dropped_read_and_clear
                0x000058bc       0x20 zephyr/libzephyr.a(log_core.c.obj)
                0x000058bc                z_log_dropped_read_and_clear
 .text.dropped_notify
                0x000058dc       0x38 zephyr/libzephyr.a(log_core.c.obj)
                0x000058dc                dropped_notify
 .text.z_log_strdup
                0x00005914       0x70 zephyr/libzephyr.a(log_core.c.obj)
                0x00005914                z_log_strdup
 .text.log_is_strdup
                0x00005984       0x1c zephyr/libzephyr.a(log_core.c.obj)
                0x00005984                log_is_strdup
 .text.z_impl_log_process
                0x000059a0      0x144 zephyr/libzephyr.a(log_core.c.obj)
                0x000059a0                z_impl_log_process
 .text.msg_finalize
                0x00005ae4       0xc4 zephyr/libzephyr.a(log_core.c.obj)
 .text.log_process_thread_func
                0x00005ba8       0x48 zephyr/libzephyr.a(log_core.c.obj)
 .text.z_impl_log_panic
                0x00005bf0       0x48 zephyr/libzephyr.a(log_core.c.obj)
                0x00005bf0                z_impl_log_panic
 .text.log_free
                0x00005c38       0x34 zephyr/libzephyr.a(log_core.c.obj)
                0x00005c38                log_free
 .text.log_source_name_get
                0x00005c6c       0x1c zephyr/libzephyr.a(log_mgmt.c.obj)
                0x00005c6c                log_source_name_get
 .text.log_backend_enable
                0x00005c88       0x1c zephyr/libzephyr.a(log_mgmt.c.obj)
                0x00005c88                log_backend_enable
 .text.log_msg_pool_init
                0x00005ca4       0x14 zephyr/libzephyr.a(log_msg.c.obj)
                0x00005ca4                log_msg_pool_init
 .text.log_msg_no_space_handle
                0x00005cb8       0x30 zephyr/libzephyr.a(log_msg.c.obj)
                0x00005cb8                log_msg_no_space_handle
 .text.log_msg_chunk_alloc
                0x00005ce8       0x28 zephyr/libzephyr.a(log_msg.c.obj)
                0x00005ce8                log_msg_chunk_alloc
 .text.msg_free
                0x00005d10       0x7c zephyr/libzephyr.a(log_msg.c.obj)
 .text.print_formatted
                0x00005d8c       0x24 zephyr/libzephyr.a(log_output.c.obj)
 .text.prefix_print
                0x00005db0      0x120 zephyr/libzephyr.a(log_output.c.obj)
 .text.postfix_print
                0x00005ed0       0x3c zephyr/libzephyr.a(log_output.c.obj)
 .text.hexdump_line_print
                0x00005f0c       0xe4 zephyr/libzephyr.a(log_output.c.obj)
 .text.log_output_msg_process
                0x00005ff0       0xf8 zephyr/libzephyr.a(log_output.c.obj)
                0x00005ff0                log_output_msg_process
 .text.log_output_dropped_process
                0x000060e8       0x58 zephyr/libzephyr.a(log_output.c.obj)
                0x000060e8                log_output_dropped_process
 .text.log_output_timestamp_freq_set
                0x00006140       0x30 zephyr/libzephyr.a(log_output.c.obj)
                0x00006140                log_output_timestamp_freq_set
 .text.char_out
                0x00006170       0x24 zephyr/libzephyr.a(log_backend_uart.c.obj)
 .text.log_backend_uart_init
                0x00006194       0x10 zephyr/libzephyr.a(log_backend_uart.c.obj)
 .text.panic    0x000061a4        0xc zephyr/libzephyr.a(log_backend_uart.c.obj)
 .text.dropped  0x000061b0        0xc zephyr/libzephyr.a(log_backend_uart.c.obj)
 .text.put      0x000061bc       0x24 zephyr/libzephyr.a(log_backend_uart.c.obj)
 .text.log_backend_rtt_init
                0x000061e0        0xc zephyr/libzephyr.a(log_backend_rtt.c.obj)
 .text.panic    0x000061ec       0x14 zephyr/libzephyr.a(log_backend_rtt.c.obj)
 .text.dropped  0x00006200        0xc zephyr/libzephyr.a(log_backend_rtt.c.obj)
 .text.put      0x0000620c       0x24 zephyr/libzephyr.a(log_backend_rtt.c.obj)
 .text.on_failed_write.part.0
                0x00006230       0x1c zephyr/libzephyr.a(log_backend_rtt.c.obj)
 .text.data_out_block_mode
                0x0000624c       0xa4 zephyr/libzephyr.a(log_backend_rtt.c.obj)
 .text.tty_init
                0x000062f0       0x40 zephyr/libzephyr.a(tty.c.obj)
                0x000062f0                tty_init
 .text.pm_state_notify
                0x00006330       0x4c zephyr/libzephyr.a(power.c.obj)
 .text.pm_system_resume
                0x0000637c       0x4c zephyr/libzephyr.a(power.c.obj)
                0x0000637c                pm_system_resume
 .text.pm_system_suspend
                0x000063c8       0x88 zephyr/libzephyr.a(power.c.obj)
                0x000063c8                pm_system_suspend
 .text.nrf_cc3xx_platform_abort_init
                0x00006450        0xc zephyr/libzephyr.a(nrf_cc3xx_platform_abort_zephyr.c.obj)
                0x00006450                nrf_cc3xx_platform_abort_init
 .text.mutex_unlock_platform
                0x0000645c       0x4c zephyr/libzephyr.a(nrf_cc3xx_platform_mutex_zephyr.c.obj)
 .text.mutex_free_platform
                0x000064a8       0x48 zephyr/libzephyr.a(nrf_cc3xx_platform_mutex_zephyr.c.obj)
 .text.mutex_init_platform
                0x000064f0       0x70 zephyr/libzephyr.a(nrf_cc3xx_platform_mutex_zephyr.c.obj)
 .text.mutex_lock_platform
                0x00006560       0x58 zephyr/libzephyr.a(nrf_cc3xx_platform_mutex_zephyr.c.obj)
 .text.nrf_cc3xx_platform_mutex_init
                0x000065b8       0x2c zephyr/libzephyr.a(nrf_cc3xx_platform_mutex_zephyr.c.obj)
                0x000065b8                nrf_cc3xx_platform_mutex_init
 .text.z_arm_cpu_idle_init
                0x000065e4        0xc zephyr/arch/arch/arm/core/aarch32/libarch__arm__core__aarch32.a(cpu_idle.S.obj)
                0x000065e4                z_arm_cpu_idle_init
 .text.arch_cpu_idle
                0x000065f0       0x1c zephyr/arch/arch/arm/core/aarch32/libarch__arm__core__aarch32.a(cpu_idle.S.obj)
                0x000065f0                arch_cpu_idle
 .text.arch_cpu_atomic_idle
                0x0000660c       0x14 zephyr/arch/arch/arm/core/aarch32/libarch__arm__core__aarch32.a(cpu_idle.S.obj)
                0x0000660c                arch_cpu_atomic_idle
 .text.z_arm_fatal_error
                0x00006620       0x70 zephyr/arch/arch/arm/core/aarch32/libarch__arm__core__aarch32.a(fatal.c.obj)
                0x00006620                z_arm_fatal_error
 .text.arch_irq_enable
                0x00006690       0x20 zephyr/arch/arch/arm/core/aarch32/libarch__arm__core__aarch32.a(irq_manage.c.obj)
                0x00006690                arch_irq_enable
 .text.arch_irq_disable
                0x000066b0       0x28 zephyr/arch/arch/arm/core/aarch32/libarch__arm__core__aarch32.a(irq_manage.c.obj)
                0x000066b0                arch_irq_disable
 .text.arch_irq_is_enabled
                0x000066d8       0x1c zephyr/arch/arch/arm/core/aarch32/libarch__arm__core__aarch32.a(irq_manage.c.obj)
                0x000066d8                arch_irq_is_enabled
 .text.z_arm_irq_priority_set
                0x000066f4       0x30 zephyr/arch/arch/arm/core/aarch32/libarch__arm__core__aarch32.a(irq_manage.c.obj)
                0x000066f4                z_arm_irq_priority_set
 .text.z_SysNmiOnReset
                0x00006724        0x8 zephyr/arch/arch/arm/core/aarch32/libarch__arm__core__aarch32.a(nmi_on_reset.S.obj)
                0x00006724                z_SysNmiOnReset
 .text.z_arm_prep_c
                0x0000672c       0x38 zephyr/arch/arch/arm/core/aarch32/libarch__arm__core__aarch32.a(prep_c.c.obj)
                0x0000672c                z_arm_prep_c
 .text.arch_swap
                0x00006764       0x34 zephyr/arch/arch/arm/core/aarch32/libarch__arm__core__aarch32.a(swap.c.obj)
                0x00006764                arch_swap
 .text.z_arm_pendsv
                0x00006798       0x54 zephyr/arch/arch/arm/core/aarch32/libarch__arm__core__aarch32.a(swap_helper.S.obj)
                0x00006798                z_arm_pendsv
 .text.z_arm_svc
                0x000067ec       0x20 zephyr/arch/arch/arm/core/aarch32/libarch__arm__core__aarch32.a(swap_helper.S.obj)
                0x000067ec                z_arm_svc
 .text.arch_new_thread
                0x0000680c       0x38 zephyr/arch/arch/arm/core/aarch32/libarch__arm__core__aarch32.a(thread.c.obj)
                0x0000680c                arch_new_thread
 .text.z_check_thread_stack_fail
                0x00006844       0x34 zephyr/arch/arch/arm/core/aarch32/libarch__arm__core__aarch32.a(thread.c.obj)
                0x00006844                z_check_thread_stack_fail
 .text.arch_switch_to_main_thread
                0x00006878       0x2c zephyr/arch/arch/arm/core/aarch32/libarch__arm__core__aarch32.a(thread.c.obj)
                0x00006878                arch_switch_to_main_thread
 .text._isr_wrapper
                0x000068a4       0x40 zephyr/arch/arch/arm/core/aarch32/libarch__arm__core__aarch32.a(isr_wrapper.S.obj)
                0x000068a4                _isr_wrapper
 .text._HandlerModeExit
                0x000068e4       0x1c zephyr/arch/arch/arm/core/aarch32/cortex_m/libarch__arm__core__aarch32__cortex_m.a(exc_exit.S.obj)
                0x000068e4                z_arm_int_exit
                0x000068e4                z_arm_exc_exit
 .text.mem_manage_fault
                0x00006900      0x104 zephyr/arch/arch/arm/core/aarch32/cortex_m/libarch__arm__core__aarch32__cortex_m.a(fault.c.obj)
 .text.usage_fault.isra.0
                0x00006a04       0xb8 zephyr/arch/arch/arm/core/aarch32/cortex_m/libarch__arm__core__aarch32__cortex_m.a(fault.c.obj)
 .text.bus_fault.isra.0
                0x00006abc       0xdc zephyr/arch/arch/arm/core/aarch32/cortex_m/libarch__arm__core__aarch32__cortex_m.a(fault.c.obj)
 .text.z_arm_fault
                0x00006b98      0x1e4 zephyr/arch/arch/arm/core/aarch32/cortex_m/libarch__arm__core__aarch32__cortex_m.a(fault.c.obj)
                0x00006b98                z_arm_fault
 .text.z_arm_fault_init
                0x00006d7c       0x10 zephyr/arch/arch/arm/core/aarch32/cortex_m/libarch__arm__core__aarch32__cortex_m.a(fault.c.obj)
                0x00006d7c                z_arm_fault_init
 .text.__fault  0x00006d8c       0x14 zephyr/arch/arch/arm/core/aarch32/cortex_m/libarch__arm__core__aarch32__cortex_m.a(fault_s.S.obj)
                0x00006d8c                z_arm_usage_fault
                0x00006d8c                z_arm_mpu_fault
                0x00006d8c                z_arm_exc_spurious
                0x00006d8c                z_arm_debug_monitor
                0x00006d8c                z_arm_hard_fault
                0x00006d8c                z_arm_bus_fault
 .text.z_arm_interrupt_init
                0x00006da0       0x18 zephyr/arch/arch/arm/core/aarch32/cortex_m/libarch__arm__core__aarch32__cortex_m.a(irq_init.c.obj)
                0x00006da0                z_arm_interrupt_init
 .text._reset_section
                0x00006db8       0x54 zephyr/arch/arch/arm/core/aarch32/cortex_m/libarch__arm__core__aarch32__cortex_m.a(reset.S.obj)
                0x00006db8                __start
                0x00006db8                z_arm_reset
 .text.z_arm_clear_arm_mpu_config
                0x00006e0c       0x20 zephyr/arch/arch/arm/core/aarch32/cortex_m/libarch__arm__core__aarch32__cortex_m.a(scb.c.obj)
                0x00006e0c                z_arm_clear_arm_mpu_config
 .text.z_arm_init_arch_hw_at_boot
                0x00006e2c       0x64 zephyr/arch/arch/arm/core/aarch32/cortex_m/libarch__arm__core__aarch32__cortex_m.a(scb.c.obj)
                0x00006e2c                z_arm_init_arch_hw_at_boot
 .text.z_impl_k_thread_abort
                0x00006e90       0x24 zephyr/arch/arch/arm/core/aarch32/cortex_m/libarch__arm__core__aarch32__cortex_m.a(thread_abort.c.obj)
                0x00006e90                z_impl_k_thread_abort
 .text.z_arm_configure_static_mpu_regions
                0x00006eb4       0x18 zephyr/arch/arch/arm/core/aarch32/mpu/libarch__arm__core__aarch32__mpu.a(arm_core_mpu.c.obj)
                0x00006eb4                z_arm_configure_static_mpu_regions
 .text.z_arm_configure_dynamic_mpu_regions
                0x00006ecc       0x20 zephyr/arch/arch/arm/core/aarch32/mpu/libarch__arm__core__aarch32__mpu.a(arm_core_mpu.c.obj)
                0x00006ecc                z_arm_configure_dynamic_mpu_regions
 .text.mpu_configure_regions
                0x00006eec       0xb8 zephyr/arch/arch/arm/core/aarch32/mpu/libarch__arm__core__aarch32__mpu.a(arm_mpu.c.obj)
 .text.arm_core_mpu_enable
                0x00006fa4       0x14 zephyr/arch/arch/arm/core/aarch32/mpu/libarch__arm__core__aarch32__mpu.a(arm_mpu.c.obj)
                0x00006fa4                arm_core_mpu_enable
 .text.arm_core_mpu_disable
                0x00006fb8       0x10 zephyr/arch/arch/arm/core/aarch32/mpu/libarch__arm__core__aarch32__mpu.a(arm_mpu.c.obj)
                0x00006fb8                arm_core_mpu_disable
 .text.arm_core_mpu_configure_static_mpu_regions
                0x00006fc8       0x14 zephyr/arch/arch/arm/core/aarch32/mpu/libarch__arm__core__aarch32__mpu.a(arm_mpu.c.obj)
                0x00006fc8                arm_core_mpu_configure_static_mpu_regions
 .text.arm_core_mpu_configure_dynamic_mpu_regions
                0x00006fdc       0x2c zephyr/arch/arch/arm/core/aarch32/mpu/libarch__arm__core__aarch32__mpu.a(arm_mpu.c.obj)
                0x00006fdc                arm_core_mpu_configure_dynamic_mpu_regions
 .text.z_arm_mpu_init
                0x00007008       0x5c zephyr/arch/arch/arm/core/aarch32/mpu/libarch__arm__core__aarch32__mpu.a(arm_mpu.c.obj)
                0x00007008                z_arm_mpu_init
 .text.__stdout_hook_install
                0x00007064        0xc zephyr/lib/libc/newlib/liblib__libc__newlib.a(libc-hooks.c.obj)
                0x00007064                __stdout_hook_install
 .text.z_impl_zephyr_write_stdout
                0x00007070       0x30 zephyr/lib/libc/newlib/liblib__libc__newlib.a(libc-hooks.c.obj)
                0x00007070                z_impl_zephyr_write_stdout
 .text._sbrk    0x000070a0       0x28 zephyr/lib/libc/newlib/liblib__libc__newlib.a(libc-hooks.c.obj)
                0x000070a0                sbrk
                0x000070a0                _sbrk
 .text.__chk_fail
                0x000070c8       0x1c zephyr/lib/libc/newlib/liblib__libc__newlib.a(libc-hooks.c.obj)
                0x000070c8                __chk_fail
 .text.nordicsemi_nrf52_init
                0x000070e4       0x30 zephyr/soc/arm/nordic_nrf/nrf52/libsoc__arm__nordic_nrf__nrf52.a(soc.c.obj)
 .text.sys_arch_reboot
                0x00007114       0x2c zephyr/soc/arm/nordic_nrf/nrf52/libsoc__arm__nordic_nrf__nrf52.a(soc.c.obj)
                0x00007114                sys_arch_reboot
 .text.arch_busy_wait
                0x00007140       0x14 zephyr/soc/arm/nordic_nrf/nrf52/libsoc__arm__nordic_nrf__nrf52.a(soc.c.obj)
                0x00007140                arch_busy_wait
 .text.onoff_stop
                0x00007154       0x48 zephyr/drivers/clock_control/libdrivers__clock_control.a(clock_control_nrf.c.obj)
 .text.onoff_start
                0x0000719c       0x54 zephyr/drivers/clock_control/libdrivers__clock_control.a(clock_control_nrf.c.obj)
 .text.clk_init
                0x000071f0       0x60 zephyr/drivers/clock_control/libdrivers__clock_control.a(clock_control_nrf.c.obj)
 .text.clkstarted_handle.constprop.0
                0x00007250       0x34 zephyr/drivers/clock_control/libdrivers__clock_control.a(clock_control_nrf.c.obj)
 .text.clock_event_handler
                0x00007284       0x1c zephyr/drivers/clock_control/libdrivers__clock_control.a(clock_control_nrf.c.obj)
 .text.generic_hfclk_start
                0x000072a0       0x64 zephyr/drivers/clock_control/libdrivers__clock_control.a(clock_control_nrf.c.obj)
 .text.generic_hfclk_stop
                0x00007304       0x2c zephyr/drivers/clock_control/libdrivers__clock_control.a(clock_control_nrf.c.obj)
 .text.api_blocking_start
                0x00007330       0x3c zephyr/drivers/clock_control/libdrivers__clock_control.a(clock_control_nrf.c.obj)
 .text.z_nrf_clock_control_lf_on
                0x0000736c      0x10c zephyr/drivers/clock_control/libdrivers__clock_control.a(clock_control_nrf.c.obj)
                0x0000736c                z_nrf_clock_control_lf_on
 .text.console_out
                0x00007478       0x34 zephyr/drivers/console/libdrivers__console.a(uart_console.c.obj)
 .text.uart_console_init
                0x000074ac       0x30 zephyr/drivers/console/libdrivers__console.a(uart_console.c.obj)
 .text.gpio_nrfx_init
                0x000074dc       0x30 zephyr/drivers/gpio/libdrivers__gpio.a(gpio_nrfx.c.obj)
 .text.gpio_nrfx_config
                0x0000750c       0xc0 zephyr/drivers/gpio/libdrivers__gpio.a(gpio_nrfx.c.obj)
 .text.nrf_gpio_cfg_sense_set
                0x000075cc       0x2c zephyr/drivers/gpio/libdrivers__gpio.a(gpio_nrfx.c.obj)
 .text.check_level_trigger_pins
                0x000075f8       0x90 zephyr/drivers/gpio/libdrivers__gpio.a(gpio_nrfx.c.obj)
 .text.gpio_nrfx_pin_interrupt_configure
                0x00007688      0x1a4 zephyr/drivers/gpio/libdrivers__gpio.a(gpio_nrfx.c.obj)
 .text.gpiote_event_handler
                0x0000782c       0xc0 zephyr/drivers/gpio/libdrivers__gpio.a(gpio_nrfx.c.obj)
 .text.transfer_next_chunk
                0x000078ec       0x7c zephyr/drivers/spi/libdrivers__spi.a(spi_nrfx_spi.c.obj)
 .text.spi_nrfx_transceive
                0x00007968      0x328 zephyr/drivers/spi/libdrivers__spi.a(spi_nrfx_spi.c.obj)
 .text.event_handler
                0x00007c90       0xb8 zephyr/drivers/spi/libdrivers__spi.a(spi_nrfx_spi.c.obj)
 .text.transfer_next_chunk
                0x00007d48       0xc0 zephyr/drivers/spi/libdrivers__spi.a(spi_nrfx_spim.c.obj)
 .text.spi_nrfx_transceive
                0x00007e08      0x360 zephyr/drivers/spi/libdrivers__spi.a(spi_nrfx_spim.c.obj)
 .text.event_handler
                0x00008168       0xb8 zephyr/drivers/spi/libdrivers__spi.a(spi_nrfx_spim.c.obj)
 .text.timer_callback
                0x00008220        0xc zephyr/drivers/lora/libloramac-node.a(hal_common.c.obj)
 .text.RtcGetTimerElapsedTime
                0x0000822c       0x14 zephyr/drivers/lora/libloramac-node.a(hal_common.c.obj)
                0x0000822c                RtcGetTimerElapsedTime
 .text.RtcStopAlarm
                0x00008240        0xc zephyr/drivers/lora/libloramac-node.a(hal_common.c.obj)
                0x00008240                RtcStopAlarm
 .text.RtcSetAlarm
                0x0000824c       0x38 zephyr/drivers/lora/libloramac-node.a(hal_common.c.obj)
                0x0000824c                RtcSetAlarm
 .text.RtcSetTimerContext
                0x00008284       0x10 zephyr/drivers/lora/libloramac-node.a(hal_common.c.obj)
                0x00008284                RtcSetTimerContext
 .text.RtcGetTimerContext
                0x00008294        0xc zephyr/drivers/lora/libloramac-node.a(hal_common.c.obj)
                0x00008294                RtcGetTimerContext
 .text.modem_release.constprop.0
                0x000082a0       0x58 zephyr/drivers/lora/libloramac-node.a(sx12xx_common.c.obj)
 .text.sx12xx_ev_tx_done
                0x000082f8       0x20 zephyr/drivers/lora/libloramac-node.a(sx12xx_common.c.obj)
 .text.sx12xx_ev_rx_done
                0x00008318       0x84 zephyr/drivers/lora/libloramac-node.a(sx12xx_common.c.obj)
 .text.__sx12xx_configure_pin
                0x0000839c       0xa0 zephyr/drivers/lora/libloramac-node.a(sx12xx_common.c.obj)
                0x0000839c                __sx12xx_configure_pin
 .text.sx12xx_lora_send_async
                0x0000843c       0x50 zephyr/drivers/lora/libloramac-node.a(sx12xx_common.c.obj)
                0x0000843c                sx12xx_lora_send_async
 .text.sx12xx_lora_send
                0x0000848c       0xe4 zephyr/drivers/lora/libloramac-node.a(sx12xx_common.c.obj)
                0x0000848c                sx12xx_lora_send
 .text.sx12xx_lora_recv
                0x00008570       0xcc zephyr/drivers/lora/libloramac-node.a(sx12xx_common.c.obj)
                0x00008570                sx12xx_lora_recv
 .text.sx12xx_lora_config
                0x0000863c       0xa8 zephyr/drivers/lora/libloramac-node.a(sx12xx_common.c.obj)
                0x0000863c                sx12xx_lora_config
 .text.sx12xx_lora_test_cw
                0x000086e4       0x40 zephyr/drivers/lora/libloramac-node.a(sx12xx_common.c.obj)
                0x000086e4                sx12xx_lora_test_cw
 .text.sx12xx_init
                0x00008724       0x48 zephyr/drivers/lora/libloramac-node.a(sx12xx_common.c.obj)
                0x00008724                sx12xx_init
 .text.sx127x_dio_work_handle
                0x0000876c       0x18 zephyr/drivers/lora/libloramac-node.a(sx127x.c.obj)
 .text.sx127x_irq_callback
                0x00008784       0x48 zephyr/drivers/lora/libloramac-node.a(sx127x.c.obj)
 .text.SX1276Reset
                0x000087cc       0x2c zephyr/drivers/lora/libloramac-node.a(sx127x.c.obj)
                0x000087cc                SX1276Reset
 .text.SX1276IoIrqInit
                0x000087f8      0x124 zephyr/drivers/lora/libloramac-node.a(sx127x.c.obj)
                0x000087f8                SX1276IoIrqInit
 .text.sx127x_read
                0x0000891c       0x3c zephyr/drivers/lora/libloramac-node.a(sx127x.c.obj)
                0x0000891c                sx127x_read
 .text.SX1276ReadBuffer
                0x00008958       0x38 zephyr/drivers/lora/libloramac-node.a(sx127x.c.obj)
                0x00008958                SX1276ReadBuffer
 .text.sx127x_lora_init
                0x00008990      0x11c zephyr/drivers/lora/libloramac-node.a(sx127x.c.obj)
 .text.sx127x_write
                0x00008aac       0x3c zephyr/drivers/lora/libloramac-node.a(sx127x.c.obj)
                0x00008aac                sx127x_write
 .text.SX1276WriteBuffer
                0x00008ae8       0x38 zephyr/drivers/lora/libloramac-node.a(sx127x.c.obj)
                0x00008ae8                SX1276WriteBuffer
 .text.SX1276SetRfTxPower
                0x00008b20       0xd4 zephyr/drivers/lora/libloramac-node.a(sx127x.c.obj)
                0x00008b20                SX1276SetRfTxPower
 .text.SX1276GetDio1PinState
                0x00008bf4       0x2c zephyr/drivers/lora/libloramac-node.a(sx127x.c.obj)
                0x00008bf4                SX1276GetDio1PinState
 .text.TimerInsertNewHeadTimer
                0x00008c20       0x18 zephyr/drivers/lora/libloramac-node.a(timer.c.obj)
 .text.TimerStart
                0x00008c38       0x70 zephyr/drivers/lora/libloramac-node.a(timer.c.obj)
                0x00008c38                TimerStart
 .text.TimerIrqHandler
                0x00008ca8       0x78 zephyr/drivers/lora/libloramac-node.a(timer.c.obj)
                0x00008ca8                TimerIrqHandler
 .text.TimerStop
                0x00008d20       0x58 zephyr/drivers/lora/libloramac-node.a(timer.c.obj)
                0x00008d20                TimerStop
 .text.GetFskBandwidthRegValue
                0x00008d78       0x2c zephyr/drivers/lora/libloramac-node.a(sx1276.c.obj)
 .text.SX1276OnDio4Irq
                0x00008da4       0x1c zephyr/drivers/lora/libloramac-node.a(sx1276.c.obj)
 .text.SX1276GetStatus
                0x00008dc0        0xc zephyr/drivers/lora/libloramac-node.a(sx1276.c.obj)
                0x00008dc0                SX1276GetStatus
 .text.SX1276GetTimeOnAir
                0x00008dcc       0xf0 zephyr/drivers/lora/libloramac-node.a(sx1276.c.obj)
                0x00008dcc                SX1276GetTimeOnAir
 .text.SX1276SetChannel
                0x00008ebc       0x48 zephyr/drivers/lora/libloramac-node.a(sx1276.c.obj)
                0x00008ebc                SX1276SetChannel
 .text.SX1276OnDio3Irq
                0x00008f04       0x50 zephyr/drivers/lora/libloramac-node.a(sx1276.c.obj)
 .text.SX1276OnDio2Irq
                0x00008f54       0xd8 zephyr/drivers/lora/libloramac-node.a(sx1276.c.obj)
 .text.SX1276OnDio1Irq
                0x0000902c      0x124 zephyr/drivers/lora/libloramac-node.a(sx1276.c.obj)
 .text.SX1276OnDio0Irq
                0x00009150      0x260 zephyr/drivers/lora/libloramac-node.a(sx1276.c.obj)
 .text.RxChainCalibration
                0x000093b0       0x94 zephyr/drivers/lora/libloramac-node.a(sx1276.c.obj)
 .text.SX1276SetSleep
                0x00009444       0x3c zephyr/drivers/lora/libloramac-node.a(sx1276.c.obj)
                0x00009444                SX1276SetSleep
 .text.SX1276SetStby
                0x00009480       0x34 zephyr/drivers/lora/libloramac-node.a(sx1276.c.obj)
                0x00009480                SX1276SetStby
 .text.SX1276Send
                0x000094b4      0x19c zephyr/drivers/lora/libloramac-node.a(sx1276.c.obj)
                0x000094b4                SX1276Send
 .text.SX1276SetRx
                0x00009650      0x224 zephyr/drivers/lora/libloramac-node.a(sx1276.c.obj)
                0x00009650                SX1276SetRx
 .text.SX1276ReadRssi
                0x00009874       0x48 zephyr/drivers/lora/libloramac-node.a(sx1276.c.obj)
                0x00009874                SX1276ReadRssi
 .text.SX1276SetModem
                0x000098bc       0x74 zephyr/drivers/lora/libloramac-node.a(sx1276.c.obj)
                0x000098bc                SX1276SetModem
 .text.SX1276Init
                0x00009930       0x80 zephyr/drivers/lora/libloramac-node.a(sx1276.c.obj)
                0x00009930                SX1276Init
 .text.SX1276SetRxConfig
                0x000099b0      0x2a8 zephyr/drivers/lora/libloramac-node.a(sx1276.c.obj)
                0x000099b0                SX1276SetRxConfig
 .text.SX1276SetTxConfig
                0x00009c58      0x240 zephyr/drivers/lora/libloramac-node.a(sx1276.c.obj)
                0x00009c58                SX1276SetTxConfig
 .text.SX1276SetTxContinuousWave
                0x00009e98       0x80 zephyr/drivers/lora/libloramac-node.a(sx1276.c.obj)
                0x00009e98                SX1276SetTxContinuousWave
 .text.SX1276SetMaxPayloadLength
                0x00009f18       0x34 zephyr/drivers/lora/libloramac-node.a(sx1276.c.obj)
                0x00009f18                SX1276SetMaxPayloadLength
 .text.SX1276SetPublicNetwork
                0x00009f4c       0x28 zephyr/drivers/lora/libloramac-node.a(sx1276.c.obj)
                0x00009f4c                SX1276SetPublicNetwork
 .text.SX1276OnTimeoutIrq
                0x00009f74       0xc8 zephyr/drivers/lora/libloramac-node.a(sx1276.c.obj)
 .text.uarte_nrfx_configure
                0x0000a03c      0x16c zephyr/drivers/serial/libdrivers__serial.a(uart_nrfx_uarte.c.obj)
 .text.nrf_gpio_cfg_input
                0x0000a1a8       0x20 zephyr/drivers/serial/libdrivers__serial.a(uart_nrfx_uarte.c.obj)
 .text.uarte_nrfx_poll_out
                0x0000a1c8       0x94 zephyr/drivers/serial/libdrivers__serial.a(uart_nrfx_uarte.c.obj)
 .text.nrf_gpio_cfg_output
                0x0000a25c       0x20 zephyr/drivers/serial/libdrivers__serial.a(uart_nrfx_uarte.c.obj)
 .text.nrf_gpio_pin_set
                0x0000a27c       0x20 zephyr/drivers/serial/libdrivers__serial.a(uart_nrfx_uarte.c.obj)
 .text.uarte_instance_init.isra.0
                0x0000a29c      0x12c zephyr/drivers/serial/libdrivers__serial.a(uart_nrfx_uarte.c.obj)
 .text.sys_clock_timeout_handler
                0x0000a3c8       0x78 zephyr/drivers/timer/libdrivers__timer.a(nrf_rtc_timer.c.obj)
 .text.compare_int_lock
                0x0000a440       0x50 zephyr/drivers/timer/libdrivers__timer.a(nrf_rtc_timer.c.obj)
 .text.compare_int_unlock.part.0
                0x0000a490       0x5c zephyr/drivers/timer/libdrivers__timer.a(nrf_rtc_timer.c.obj)
 .text.z_nrf_rtc_timer_read
                0x0000a4ec       0x44 zephyr/drivers/timer/libdrivers__timer.a(nrf_rtc_timer.c.obj)
                0x0000a4ec                z_nrf_rtc_timer_read
 .text.compare_set
                0x0000a530      0x154 zephyr/drivers/timer/libdrivers__timer.a(nrf_rtc_timer.c.obj)
 .text.rtc_nrf_isr
                0x0000a684       0xf0 zephyr/drivers/timer/libdrivers__timer.a(nrf_rtc_timer.c.obj)
                0x0000a684                rtc_nrf_isr
 .text.sys_clock_driver_init
                0x0000a774       0x88 zephyr/drivers/timer/libdrivers__timer.a(nrf_rtc_timer.c.obj)
                0x0000a774                sys_clock_driver_init
 .text.sys_clock_set_timeout
                0x0000a7fc       0x60 zephyr/drivers/timer/libdrivers__timer.a(nrf_rtc_timer.c.obj)
                0x0000a7fc                sys_clock_set_timeout
 .text.sys_clock_elapsed
                0x0000a85c       0x14 zephyr/drivers/timer/libdrivers__timer.a(nrf_rtc_timer.c.obj)
                0x0000a85c                sys_clock_elapsed
 .text.k_sys_fatal_error_handler
                0x0000a870       0x2c modules/nrf/lib/fatal_error/lib..__nrf__lib__fatal_error.a(fatal_error.c.obj)
                0x0000a870                k_sys_fatal_error_handler
 .text.nrf52_errata_36
                0x0000a89c       0x14 modules/hal_nordic/nrfx/libmodules__hal_nordic__nrfx.a(system_nrf52840.c.obj)
 .text.nrf52_errata_98
                0x0000a8b0       0x28 modules/hal_nordic/nrfx/libmodules__hal_nordic__nrfx.a(system_nrf52840.c.obj)
 .text.nvmc_wait
                0x0000a8d8       0x10 modules/hal_nordic/nrfx/libmodules__hal_nordic__nrfx.a(system_nrf52840.c.obj)
                0x0000a8d8                nvmc_wait
 .text.SystemInit
                0x0000a8e8      0x1d0 modules/hal_nordic/nrfx/libmodules__hal_nordic__nrfx.a(system_nrf52840.c.obj)
                0x0000a8e8                SystemInit
 .text.nrfx_clock_init
                0x0000aab8       0x20 modules/hal_nordic/nrfx/libmodules__hal_nordic__nrfx.a(nrfx_clock.c.obj)
                0x0000aab8                nrfx_clock_init
 .text.nrfx_clock_start
                0x0000aad8       0x64 modules/hal_nordic/nrfx/libmodules__hal_nordic__nrfx.a(nrfx_clock.c.obj)
                0x0000aad8                nrfx_clock_start
 .text.nrfx_clock_stop
                0x0000ab3c       0x8c modules/hal_nordic/nrfx/libmodules__hal_nordic__nrfx.a(nrfx_clock.c.obj)
                0x0000ab3c                nrfx_clock_stop
 .text.nrfx_power_clock_irq_handler
                0x0000abc8       0x68 modules/hal_nordic/nrfx/libmodules__hal_nordic__nrfx.a(nrfx_clock.c.obj)
                0x0000abc8                nrfx_power_clock_irq_handler
 .text.nrfx_comp_init
                0x0000ac30       0xcc modules/hal_nordic/nrfx/libmodules__hal_nordic__nrfx.a(nrfx_comp.c.obj)
                0x0000ac30                nrfx_comp_init
 .text.nrfx_comp_start
                0x0000acfc       0x24 modules/hal_nordic/nrfx/libmodules__hal_nordic__nrfx.a(nrfx_comp.c.obj)
                0x0000acfc                nrfx_comp_start
 .text.nrf_gpio_pin_port_decode
                0x0000ad20       0x1c modules/hal_nordic/nrfx/libmodules__hal_nordic__nrfx.a(nrfx_gpiote.c.obj)
 .text.nrfx_gpiote_init
                0x0000ad3c       0x98 modules/hal_nordic/nrfx/libmodules__hal_nordic__nrfx.a(nrfx_gpiote.c.obj)
                0x0000ad3c                nrfx_gpiote_init
 .text.nrfx_gpiote_channel_free
                0x0000add4       0x44 modules/hal_nordic/nrfx/libmodules__hal_nordic__nrfx.a(nrfx_gpiote.c.obj)
                0x0000add4                nrfx_gpiote_channel_free
 .text.nrfx_gpiote_channel_alloc
                0x0000ae18       0x70 modules/hal_nordic/nrfx/libmodules__hal_nordic__nrfx.a(nrfx_gpiote.c.obj)
                0x0000ae18                nrfx_gpiote_channel_alloc
 .text.gpiote_out_init
                0x0000ae88      0x100 modules/hal_nordic/nrfx/libmodules__hal_nordic__nrfx.a(nrfx_gpiote.c.obj)
 .text.nrfx_gpiote_out_task_enable
                0x0000af88       0x24 modules/hal_nordic/nrfx/libmodules__hal_nordic__nrfx.a(nrfx_gpiote.c.obj)
                0x0000af88                nrfx_gpiote_out_task_enable
 .text.nrfx_gpiote_set_task_get
                0x0000afac       0x18 modules/hal_nordic/nrfx/libmodules__hal_nordic__nrfx.a(nrfx_gpiote.c.obj)
                0x0000afac                nrfx_gpiote_set_task_get
 .text.nrfx_gpiote_clr_task_get
                0x0000afc4       0x18 modules/hal_nordic/nrfx/libmodules__hal_nordic__nrfx.a(nrfx_gpiote.c.obj)
                0x0000afc4                nrfx_gpiote_clr_task_get
 .text.nrfx_ppi_channel_alloc
                0x0000afdc       0x68 modules/hal_nordic/nrfx/libmodules__hal_nordic__nrfx.a(nrfx_ppi.c.obj)
                0x0000afdc                nrfx_ppi_channel_alloc
 .text.nrfx_ppi_channel_enable
                0x0000b044       0x34 modules/hal_nordic/nrfx/libmodules__hal_nordic__nrfx.a(nrfx_ppi.c.obj)
                0x0000b044                nrfx_ppi_channel_enable
 .text.nrf_gpio_pin_port_decode
                0x0000b078       0x1c modules/hal_nordic/nrfx/libmodules__hal_nordic__nrfx.a(nrfx_spi.c.obj)
 .text.nrfx_spi_init
                0x0000b094      0x144 modules/hal_nordic/nrfx/libmodules__hal_nordic__nrfx.a(nrfx_spi.c.obj)
                0x0000b094                nrfx_spi_init
 .text.nrfx_spi_uninit
                0x0000b1d8       0x64 modules/hal_nordic/nrfx/libmodules__hal_nordic__nrfx.a(nrfx_spi.c.obj)
                0x0000b1d8                nrfx_spi_uninit
 .text.nrfx_spi_xfer
                0x0000b23c       0xfc modules/hal_nordic/nrfx/libmodules__hal_nordic__nrfx.a(nrfx_spi.c.obj)
                0x0000b23c                nrfx_spi_xfer
 .text.nrfx_spi_1_irq_handler
                0x0000b338       0x40 modules/hal_nordic/nrfx/libmodules__hal_nordic__nrfx.a(nrfx_spi.c.obj)
                0x0000b338                nrfx_spi_1_irq_handler
 .text.nrf_gpio_pin_clear
                0x0000b378       0x20 modules/hal_nordic/nrfx/libmodules__hal_nordic__nrfx.a(nrfx_spim.c.obj)
 .text.nrf_gpio_cfg_default
                0x0000b398       0x20 modules/hal_nordic/nrfx/libmodules__hal_nordic__nrfx.a(nrfx_spim.c.obj)
 .text.nrf_gpio_pin_set
                0x0000b3b8       0x20 modules/hal_nordic/nrfx/libmodules__hal_nordic__nrfx.a(nrfx_spim.c.obj)
 .text.nrfx_spim_init
                0x0000b3d8      0x1d8 modules/hal_nordic/nrfx/libmodules__hal_nordic__nrfx.a(nrfx_spim.c.obj)
                0x0000b3d8                nrfx_spim_init
 .text.nrfx_spim_uninit
                0x0000b5b0       0xb0 modules/hal_nordic/nrfx/libmodules__hal_nordic__nrfx.a(nrfx_spim.c.obj)
                0x0000b5b0                nrfx_spim_uninit
 .text.nrfx_spim_xfer
                0x0000b660      0x128 modules/hal_nordic/nrfx/libmodules__hal_nordic__nrfx.a(nrfx_spim.c.obj)
                0x0000b660                nrfx_spim_xfer
 .text.nrfx_spim_3_irq_handler
                0x0000b788       0x50 modules/hal_nordic/nrfx/libmodules__hal_nordic__nrfx.a(nrfx_spim.c.obj)
                0x0000b788                nrfx_spim_3_irq_handler
 .text._DoInit  0x0000b7d8       0x60 modules/segger/libmodules__segger.a(SEGGER_RTT.c.obj)
 .text.SEGGER_RTT_WriteSkipNoLock
                0x0000b838       0x98 modules/segger/libmodules__segger.a(SEGGER_RTT.c.obj)
                0x0000b838                SEGGER_RTT_WriteSkipNoLock
 .text.SEGGER_RTT_HasDataUp
                0x0000b8d0       0x14 modules/segger/libmodules__segger.a(SEGGER_RTT.c.obj)
                0x0000b8d0                SEGGER_RTT_HasDataUp
 .text.z_sys_init_run_level
                0x0000b8e4       0x40 zephyr/kernel/libkernel.a(device.c.obj)
                0x0000b8e4                z_sys_init_run_level
 .text.z_impl_device_get_binding
                0x0000b924       0x58 zephyr/kernel/libkernel.a(device.c.obj)
                0x0000b924                z_impl_device_get_binding
 .text.z_fatal_error
                0x0000b97c       0xbc zephyr/kernel/libkernel.a(fatal.c.obj)
                0x0000b97c                z_fatal_error
 .text.init_idle_thread
                0x0000ba38       0x58 zephyr/kernel/libkernel.a(init.c.obj)
 .text.bg_thread_main
                0x0000ba90       0x34 zephyr/kernel/libkernel.a(init.c.obj)
 .text.z_bss_zero
                0x0000bac4       0x14 zephyr/kernel/libkernel.a(init.c.obj)
                0x0000bac4                z_bss_zero
 .text.z_cstart
                0x0000bad8       0xe8 zephyr/kernel/libkernel.a(init.c.obj)
                0x0000bad8                z_cstart
 .text.init_mem_slab_module
                0x0000bbc0       0x44 zephyr/kernel/libkernel.a(mem_slab.c.obj)
 .text.k_mem_slab_alloc
                0x0000bc04       0x60 zephyr/kernel/libkernel.a(mem_slab.c.obj)
                0x0000bc04                k_mem_slab_alloc
 .text.z_setup_new_thread
                0x0000bc64       0x64 zephyr/kernel/libkernel.a(thread.c.obj)
                0x0000bc64                z_setup_new_thread
 .text.z_impl_k_thread_create
                0x0000bcc8       0x58 zephyr/kernel/libkernel.a(thread.c.obj)
                0x0000bcc8                z_impl_k_thread_create
 .text.z_init_static_threads
                0x0000bd20       0xbc zephyr/kernel/libkernel.a(thread.c.obj)
                0x0000bd20                z_init_static_threads
 .text.idle     0x0000bddc       0x2c zephyr/kernel/libkernel.a(idle.c.obj)
                0x0000bddc                idle
 .text.z_impl_k_mutex_lock
                0x0000be08       0xfc zephyr/kernel/libkernel.a(mutex.c.obj)
                0x0000be08                z_impl_k_mutex_lock
 .text.z_impl_k_mutex_unlock
                0x0000bf04       0x8c zephyr/kernel/libkernel.a(mutex.c.obj)
                0x0000bf04                z_impl_k_mutex_unlock
 .text.z_impl_k_sem_give
                0x0000bf90       0x4c zephyr/kernel/libkernel.a(sem.c.obj)
                0x0000bf90                z_impl_k_sem_give
 .text.z_impl_k_sem_take
                0x0000bfdc       0x54 zephyr/kernel/libkernel.a(sem.c.obj)
                0x0000bfdc                z_impl_k_sem_take
 .text.work_queue_main
                0x0000c030      0x13c zephyr/kernel/libkernel.a(work.c.obj)
 .text.submit_to_queue_locked
                0x0000c16c       0xa0 zephyr/kernel/libkernel.a(work.c.obj)
 .text.k_work_submit
                0x0000c20c        0xc zephyr/kernel/libkernel.a(work.c.obj)
                0x0000c20c                k_work_submit
 .text.k_work_queue_start
                0x0000c218       0x70 zephyr/kernel/libkernel.a(work.c.obj)
                0x0000c218                k_work_queue_start
 .text.z_reset_time_slice
                0x0000c288       0x2c zephyr/kernel/libkernel.a(sched.c.obj)
                0x0000c288                z_reset_time_slice
 .text.k_sched_time_slice_set
                0x0000c2b4       0x64 zephyr/kernel/libkernel.a(sched.c.obj)
                0x0000c2b4                k_sched_time_slice_set
 .text.z_reschedule
                0x0000c318       0x24 zephyr/kernel/libkernel.a(sched.c.obj)
                0x0000c318                z_reschedule
 .text.k_sched_lock
                0x0000c33c       0x28 zephyr/kernel/libkernel.a(sched.c.obj)
                0x0000c33c                k_sched_lock
 .text.update_cache
                0x0000c364       0x40 zephyr/kernel/libkernel.a(sched.c.obj)
 .text.move_thread_to_end_of_prio_q
                0x0000c3a4       0x7c zephyr/kernel/libkernel.a(sched.c.obj)
 .text.z_time_slice
                0x0000c420       0x84 zephyr/kernel/libkernel.a(sched.c.obj)
                0x0000c420                z_time_slice
 .text.ready_thread
                0x0000c4a4       0x70 zephyr/kernel/libkernel.a(sched.c.obj)
 .text.z_sched_start
                0x0000c514       0x3c zephyr/kernel/libkernel.a(sched.c.obj)
                0x0000c514                z_sched_start
 .text.unready_thread
                0x0000c550       0x30 zephyr/kernel/libkernel.a(sched.c.obj)
 .text.pend     0x0000c580       0x4c zephyr/kernel/libkernel.a(sched.c.obj)
 .text.z_pend_curr
                0x0000c5cc       0x28 zephyr/kernel/libkernel.a(sched.c.obj)
                0x0000c5cc                z_pend_curr
 .text.z_set_prio
                0x0000c5f4       0x98 zephyr/kernel/libkernel.a(sched.c.obj)
                0x0000c5f4                z_set_prio
 .text.z_impl_k_thread_suspend
                0x0000c68c       0x64 zephyr/kernel/libkernel.a(sched.c.obj)
                0x0000c68c                z_impl_k_thread_suspend
 .text.k_sched_unlock
                0x0000c6f0       0x38 zephyr/kernel/libkernel.a(sched.c.obj)
                0x0000c6f0                k_sched_unlock
 .text.z_sched_init
                0x0000c728       0x18 zephyr/kernel/libkernel.a(sched.c.obj)
                0x0000c728                z_sched_init
 .text.z_impl_k_yield
                0x0000c740       0x84 zephyr/kernel/libkernel.a(sched.c.obj)
                0x0000c740                z_impl_k_yield
 .text.z_tick_sleep
                0x0000c7c4       0x98 zephyr/kernel/libkernel.a(sched.c.obj)
 .text.z_impl_k_sleep
                0x0000c85c       0x34 zephyr/kernel/libkernel.a(sched.c.obj)
                0x0000c85c                z_impl_k_sleep
 .text.z_impl_z_current_get
                0x0000c890        0xc zephyr/kernel/libkernel.a(sched.c.obj)
                0x0000c890                z_impl_z_current_get
 .text.z_impl_k_is_preempt_thread
                0x0000c89c       0x20 zephyr/kernel/libkernel.a(sched.c.obj)
                0x0000c89c                z_impl_k_is_preempt_thread
 .text.z_thread_abort
                0x0000c8bc       0xa4 zephyr/kernel/libkernel.a(sched.c.obj)
                0x0000c8bc                z_thread_abort
 .text.z_sched_wait
                0x0000c960       0x24 zephyr/kernel/libkernel.a(sched.c.obj)
                0x0000c960                z_sched_wait
 .text.z_data_copy
                0x0000c984       0x34 zephyr/kernel/libkernel.a(xip.c.obj)
                0x0000c984                z_data_copy
 .text.elapsed  0x0000c9b8       0x14 zephyr/kernel/libkernel.a(timeout.c.obj)
 .text.remove_timeout
                0x0000c9cc       0x34 zephyr/kernel/libkernel.a(timeout.c.obj)
 .text.next_timeout
                0x0000ca00       0x58 zephyr/kernel/libkernel.a(timeout.c.obj)
 .text.z_add_timeout
                0x0000ca58      0x110 zephyr/kernel/libkernel.a(timeout.c.obj)
                0x0000ca58                z_add_timeout
 .text.sys_clock_announce
                0x0000cb68       0xd8 zephyr/kernel/libkernel.a(timeout.c.obj)
                0x0000cb68                sys_clock_announce
 .text.sys_clock_tick_get
                0x0000cc40       0x34 zephyr/kernel/libkernel.a(timeout.c.obj)
                0x0000cc40                sys_clock_tick_get
 .text.z_timer_expiration_handler
                0x0000cc74       0x78 zephyr/kernel/libkernel.a(timer.c.obj)
                0x0000cc74                z_timer_expiration_handler
 .text.z_impl_k_timer_start
                0x0000ccec       0xc0 zephyr/kernel/libkernel.a(timer.c.obj)
                0x0000ccec                z_impl_k_timer_start
 .text.z_impl_k_poll
                0x0000cdac       0xb8 zephyr/kernel/libkernel.a(poll.c.obj)
                0x0000cdac                z_impl_k_poll
 .text.z_impl_k_poll_signal_raise
                0x0000ce64       0x50 zephyr/kernel/libkernel.a(poll.c.obj)
                0x0000ce64                z_impl_k_poll_signal_raise
 .text.boot_banner
                0x0000ceb4       0x18 zephyr/kernel/libkernel.a(banner.c.obj)
                0x0000ceb4                boot_banner
 .text.statics_init
                0x0000cecc       0x24 zephyr/kernel/libkernel.a(kheap.c.obj)
 .text.k_sys_work_q_init
                0x0000cef0       0x34 zephyr/kernel/libkernel.a(system_work_q.c.obj)
 .text.nrf_cc3xx_platform_init_no_rng
                0x0000cf24       0x38 C:/Users/raffa/Github/ncs/nrfxlib/crypto/nrf_cc310_platform/lib/cortex-m4/soft-float/no-interrupts/libnrf_cc310_platform_0.9.12.a(nrf_cc3xx_platform.c.obj)
                0x0000cf24                nrf_cc3xx_platform_init_no_rng
 .text.nrf_cc3xx_platform_abort
                0x0000cf5c       0x24 C:/Users/raffa/Github/ncs/nrfxlib/crypto/nrf_cc310_platform/lib/cortex-m4/soft-float/no-interrupts/libnrf_cc310_platform_0.9.12.a(nrf_cc3xx_platform_abort.c.obj)
 .text.CC_PalAbort
                0x0000cf80       0x40 C:/Users/raffa/Github/ncs/nrfxlib/crypto/nrf_cc310_platform/lib/cortex-m4/soft-float/no-interrupts/libnrf_cc310_platform_0.9.12.a(nrf_cc3xx_platform_abort.c.obj)
                0x0000cf80                CC_PalAbort
 .text.nrf_cc3xx_platform_set_abort
                0x0000cfc0       0x10 C:/Users/raffa/Github/ncs/nrfxlib/crypto/nrf_cc310_platform/lib/cortex-m4/soft-float/no-interrupts/libnrf_cc310_platform_0.9.12.a(nrf_cc3xx_platform_abort.c.obj)
                0x0000cfc0                nrf_cc3xx_platform_set_abort
 .text.mutex_free
                0x0000cfd0       0x28 C:/Users/raffa/Github/ncs/nrfxlib/crypto/nrf_cc310_platform/lib/cortex-m4/soft-float/no-interrupts/libnrf_cc310_platform_0.9.12.a(nrf_cc3xx_platform_mutex.c.obj)
 .text.mutex_unlock
                0x0000cff8       0x2c C:/Users/raffa/Github/ncs/nrfxlib/crypto/nrf_cc310_platform/lib/cortex-m4/soft-float/no-interrupts/libnrf_cc310_platform_0.9.12.a(nrf_cc3xx_platform_mutex.c.obj)
 .text.mutex_init
                0x0000d024       0x1c C:/Users/raffa/Github/ncs/nrfxlib/crypto/nrf_cc310_platform/lib/cortex-m4/soft-float/no-interrupts/libnrf_cc310_platform_0.9.12.a(nrf_cc3xx_platform_mutex.c.obj)
 .text.mutex_lock
                0x0000d040       0x44 C:/Users/raffa/Github/ncs/nrfxlib/crypto/nrf_cc310_platform/lib/cortex-m4/soft-float/no-interrupts/libnrf_cc310_platform_0.9.12.a(nrf_cc3xx_platform_mutex.c.obj)
 .text.nrf_cc3xx_platform_set_mutexes
                0x0000d084       0x60 C:/Users/raffa/Github/ncs/nrfxlib/crypto/nrf_cc310_platform/lib/cortex-m4/soft-float/no-interrupts/libnrf_cc310_platform_0.9.12.a(nrf_cc3xx_platform_mutex.c.obj)
                0x0000d084                nrf_cc3xx_platform_set_mutexes
 .text.CC_LibInitNoRng
                0x0000d0e4       0x6c C:/Users/raffa/Github/ncs/nrfxlib/crypto/nrf_cc310_platform/lib/cortex-m4/soft-float/no-interrupts/libnrf_cc310_platform_0.9.12.a(cc_lib.c.obj)
                0x0000d0e4                CC_LibInitNoRng
 .text.CC_HalInit
                0x0000d150        0x4 C:/Users/raffa/Github/ncs/nrfxlib/crypto/nrf_cc310_platform/lib/cortex-m4/soft-float/no-interrupts/libnrf_cc310_platform_0.9.12.a(cc_hal.c.obj)
                0x0000d150                CC_HalInit
 .text.CC_HalTerminate
                0x0000d154        0x4 C:/Users/raffa/Github/ncs/nrfxlib/crypto/nrf_cc310_platform/lib/cortex-m4/soft-float/no-interrupts/libnrf_cc310_platform_0.9.12.a(cc_hal.c.obj)
                0x0000d154                CC_HalTerminate
 .text.CC_HalMaskInterrupt
                0x0000d158        0xc C:/Users/raffa/Github/ncs/nrfxlib/crypto/nrf_cc310_platform/lib/cortex-m4/soft-float/no-interrupts/libnrf_cc310_platform_0.9.12.a(cc_hal.c.obj)
                0x0000d158                CC_HalMaskInterrupt
 .text.CC_PalInit
                0x0000d164       0x5c C:/Users/raffa/Github/ncs/nrfxlib/crypto/nrf_cc310_platform/lib/cortex-m4/soft-float/no-interrupts/libnrf_cc310_platform_0.9.12.a(cc_pal.c.obj)
                0x0000d164                CC_PalInit
 .text.CC_PalTerminate
                0x0000d1c0       0x34 C:/Users/raffa/Github/ncs/nrfxlib/crypto/nrf_cc310_platform/lib/cortex-m4/soft-float/no-interrupts/libnrf_cc310_platform_0.9.12.a(cc_pal.c.obj)
                0x0000d1c0                CC_PalTerminate
 .text.CC_PalDmaInit
                0x0000d1f4        0x4 C:/Users/raffa/Github/ncs/nrfxlib/crypto/nrf_cc310_platform/lib/cortex-m4/soft-float/no-interrupts/libnrf_cc310_platform_0.9.12.a(cc_pal_dma.c.obj)
                0x0000d1f4                CC_PalDmaInit
 .text.CC_PalDmaTerminate
                0x0000d1f8        0x4 C:/Users/raffa/Github/ncs/nrfxlib/crypto/nrf_cc310_platform/lib/cortex-m4/soft-float/no-interrupts/libnrf_cc310_platform_0.9.12.a(cc_pal_dma.c.obj)
                0x0000d1f8                CC_PalDmaTerminate
 .text.CC_PalMutexCreate
                0x0000d1fc       0x14 C:/Users/raffa/Github/ncs/nrfxlib/crypto/nrf_cc310_platform/lib/cortex-m4/soft-float/no-interrupts/libnrf_cc310_platform_0.9.12.a(cc_pal_mutex.c.obj)
                0x0000d1fc                CC_PalMutexCreate
 .text.CC_PalMutexDestroy
                0x0000d210       0x14 C:/Users/raffa/Github/ncs/nrfxlib/crypto/nrf_cc310_platform/lib/cortex-m4/soft-float/no-interrupts/libnrf_cc310_platform_0.9.12.a(cc_pal_mutex.c.obj)
                0x0000d210                CC_PalMutexDestroy
 .text.CC_PalPowerSaveModeInit
                0x0000d224       0x3c C:/Users/raffa/Github/ncs/nrfxlib/crypto/nrf_cc310_platform/lib/cortex-m4/soft-float/no-interrupts/libnrf_cc310_platform_0.9.12.a(cc_pal_pm.c.obj)
                0x0000d224                CC_PalPowerSaveModeInit
 .text.CC_PalPowerSaveModeSelect
                0x0000d260       0x84 C:/Users/raffa/Github/ncs/nrfxlib/crypto/nrf_cc310_platform/lib/cortex-m4/soft-float/no-interrupts/libnrf_cc310_platform_0.9.12.a(cc_pal_pm.c.obj)
                0x0000d260                CC_PalPowerSaveModeSelect
 .text.calloc   0x0000d2e4       0x10 c:/gnuarmemb/opt/arm-none-eabi/lib/thumb/v7e-m/nofp\libc_nano.a(lib_a-calloc.o)
                0x0000d2e4                calloc
 .text.malloc   0x0000d2f4       0x10 c:/gnuarmemb/opt/arm-none-eabi/lib/thumb/v7e-m/nofp\libc_nano.a(lib_a-malloc.o)
                0x0000d2f4                malloc
 .text.free     0x0000d304       0x10 c:/gnuarmemb/opt/arm-none-eabi/lib/thumb/v7e-m/nofp\libc_nano.a(lib_a-malloc.o)
                0x0000d304                free
 .text._free_r  0x0000d314       0x9c c:/gnuarmemb/opt/arm-none-eabi/lib/thumb/v7e-m/nofp\libc_nano.a(lib_a-nano-freer.o)
                0x0000d314                _free_r
 .text._malloc_r
                0x0000d3b0       0xb4 c:/gnuarmemb/opt/arm-none-eabi/lib/thumb/v7e-m/nofp\libc_nano.a(lib_a-nano-mallocr.o)
                0x0000d3b0                _malloc_r
 .text.realloc  0x0000d464       0x10 c:/gnuarmemb/opt/arm-none-eabi/lib/thumb/v7e-m/nofp\libc_nano.a(lib_a-realloc.o)
                0x0000d464                realloc
 .text._sbrk_r  0x0000d474       0x20 c:/gnuarmemb/opt/arm-none-eabi/lib/thumb/v7e-m/nofp\libc_nano.a(lib_a-sbrkr.o)
                0x0000d474                _sbrk_r
 .text.sscanf   0x0000d494       0x54 c:/gnuarmemb/opt/arm-none-eabi/lib/thumb/v7e-m/nofp\libc_nano.a(lib_a-sscanf.o)
                0x0000d494                siscanf
                0x0000d494                sscanf
 .text.vsnprintf
                0x0000d4e8       0x1c c:/gnuarmemb/opt/arm-none-eabi/lib/thumb/v7e-m/nofp\libc_nano.a(lib_a-vsnprintf.o)
                0x0000d4e8                vsniprintf
                0x0000d4e8                vsnprintf
 .text._vsprintf_r
                0x0000d504       0x2c c:/gnuarmemb/opt/arm-none-eabi/lib/thumb/v7e-m/nofp\libc_nano.a(lib_a-vsprintf.o)
                0x0000d504                _vsprintf_r
                0x0000d504                _vsiprintf_r
 .text.vsprintf
                0x0000d530       0x14 c:/gnuarmemb/opt/arm-none-eabi/lib/thumb/v7e-m/nofp\libc_nano.a(lib_a-vsprintf.o)
                0x0000d530                vsiprintf
                0x0000d530                vsprintf
 .text.__malloc_lock
                0x0000d544        0xc c:/gnuarmemb/opt/arm-none-eabi/lib/thumb/v7e-m/nofp\libc_nano.a(lib_a-mlock.o)
                0x0000d544                __malloc_lock
 .text.__malloc_unlock
                0x0000d550        0xc c:/gnuarmemb/opt/arm-none-eabi/lib/thumb/v7e-m/nofp\libc_nano.a(lib_a-mlock.o)
                0x0000d550                __malloc_unlock
 .text._svfprintf_r
                0x0000d55c      0x200 c:/gnuarmemb/opt/arm-none-eabi/lib/thumb/v7e-m/nofp\libc_nano.a(lib_a-nano-svfprintf.o)
                0x0000d55c                _svfiprintf_r
                0x0000d55c                _svfprintf_r
 .text.__ssvfscanf_r
                0x0000d75c      0x2f0 c:/gnuarmemb/opt/arm-none-eabi/lib/thumb/v7e-m/nofp\libc_nano.a(lib_a-nano-svfscanf.o)
                0x0000d75c                __ssvfiscanf_r
                0x0000d75c                __ssvfscanf_r
 .text._printf_i
                0x0000da4c      0x24c c:/gnuarmemb/opt/arm-none-eabi/lib/thumb/v7e-m/nofp\libc_nano.a(lib_a-nano-vfprintf_i.o)
                0x0000da4c                _printf_i
 .text._scanf_chars
                0x0000dc98       0xb0 c:/gnuarmemb/opt/arm-none-eabi/lib/thumb/v7e-m/nofp\libc_nano.a(lib_a-nano-vfscanf_i.o)
                0x0000dc98                _scanf_chars
 .text._scanf_i
                0x0000dd48      0x1e8 c:/gnuarmemb/opt/arm-none-eabi/lib/thumb/v7e-m/nofp\libc_nano.a(lib_a-nano-vfscanf_i.o)
                0x0000dd48                _scanf_i
 .text._strtol_l.isra.0
                0x0000df30       0xf4 c:/gnuarmemb/opt/arm-none-eabi/lib/thumb/v7e-m/nofp\libc_nano.a(lib_a-strtol.o)
 .text._strtoul_l.isra.0
                0x0000e024       0xf8 c:/gnuarmemb/opt/arm-none-eabi/lib/thumb/v7e-m/nofp\libc_nano.a(lib_a-strtoul.o)
 .text._OffsetAbsSyms
                0x0000e11c        0x2 zephyr/CMakeFiles/offsets.dir/./arch/arm/core/offsets/offsets.c.obj
                0x0000e11c                _OffsetAbsSyms
 .text.svr_getAttributeAccess
                0x0000e11e        0x4 app/libapp.a(main.c.obj)
                0x0000e11e                svr_getAttributeAccess
 .text.svr_getMethodAccess
                0x0000e122        0x4 app/libapp.a(main.c.obj)
                0x0000e122                svr_getMethodAccess
 .text.svr_connected
                0x0000e126        0x4 app/libapp.a(main.c.obj)
                0x0000e126                svr_connected
 .text.svr_isTarget
                0x0000e12a        0x4 app/libapp.a(main.c.obj)
                0x0000e12a                svr_isTarget
 .text.ba_init  0x0000e12e        0x8 app/libapp.a(bitarray.c.obj)
                0x0000e12e                ba_init
 .text.ba_attach
                0x0000e136       0x10 app/libapp.a(bitarray.c.obj)
                0x0000e136                ba_attach
 .text.ba_capacity
                0x0000e146       0x52 app/libapp.a(bitarray.c.obj)
                0x0000e146                ba_capacity
 .text.ba_setByIndex
                0x0000e198       0x76 app/libapp.a(bitarray.c.obj)
                0x0000e198                ba_setByIndex
 .text.ba_clear
                0x0000e20e       0x16 app/libapp.a(bitarray.c.obj)
                0x0000e20e                ba_clear
 .text.ba_copy  0x0000e224       0x34 app/libapp.a(bitarray.c.obj)
                0x0000e224                ba_copy
 .text.ba_getByIndex
                0x0000e258       0x4c app/libapp.a(bitarray.c.obj)
                0x0000e258                ba_getByIndex
 .text.ba_toInteger
                0x0000e2a4       0x38 app/libapp.a(bitarray.c.obj)
                0x0000e2a4                ba_toInteger
 .text.ba_toString
                0x0000e2dc       0x3e app/libapp.a(bitarray.c.obj)
                0x0000e2dc                ba_toString
 .text.bb_isAttached
                0x0000e31a        0x8 app/libapp.a(bytebuffer.c.obj)
                0x0000e31a                bb_isAttached
 .text.bb_available
                0x0000e322        0xc app/libapp.a(bytebuffer.c.obj)
                0x0000e322                bb_available
 .text.bb_getCapacity
                0x0000e32e        0x8 app/libapp.a(bytebuffer.c.obj)
                0x0000e32e                bb_getCapacity
 .text.bb_size  0x0000e336        0x6 app/libapp.a(bytebuffer.c.obj)
                0x0000e336                bb_size
 .text.bb_init  0x0000e33c        0xc app/libapp.a(bytebuffer.c.obj)
                0x0000e33c                bb_init
 .text.bb_capacity
                0x0000e348       0x52 app/libapp.a(bytebuffer.c.obj)
                0x0000e348                bb_capacity
 .text.bb_allocate
                0x0000e39a       0x56 app/libapp.a(bytebuffer.c.obj)
                0x0000e39a                bb_allocate
 .text.bb_setUInt8ByIndex
                0x0000e3f0       0x1e app/libapp.a(bytebuffer.c.obj)
                0x0000e3f0                bb_setUInt8ByIndex
 .text.bb_setUInt8
                0x0000e40e       0x1e app/libapp.a(bytebuffer.c.obj)
                0x0000e40e                bb_setUInt8
 .text.bb_setUInt16ByIndex
                0x0000e42c       0x26 app/libapp.a(bytebuffer.c.obj)
                0x0000e42c                bb_setUInt16ByIndex
 .text.bb_setUInt16
                0x0000e452       0x16 app/libapp.a(bytebuffer.c.obj)
                0x0000e452                bb_setUInt16
 .text.bb_setUInt32ByIndex
                0x0000e468       0x2e app/libapp.a(bytebuffer.c.obj)
                0x0000e468                bb_setUInt32ByIndex
 .text.bb_setUInt32
                0x0000e496       0x16 app/libapp.a(bytebuffer.c.obj)
                0x0000e496                bb_setUInt32
 .text.bb_setUInt64
                0x0000e4ac       0x64 app/libapp.a(bytebuffer.c.obj)
                0x0000e4ac                bb_setUInt64
 .text.bb_setFloat
                0x0000e510       0x44 app/libapp.a(bytebuffer.c.obj)
                0x0000e510                bb_setFloat
 .text.bb_setDouble
                0x0000e554       0x74 app/libapp.a(bytebuffer.c.obj)
                0x0000e554                bb_setDouble
 .text.bb_setInt8
                0x0000e5c8        0x4 app/libapp.a(bytebuffer.c.obj)
                0x0000e5c8                bb_setInt8
 .text.bb_setInt16
                0x0000e5cc        0x6 app/libapp.a(bytebuffer.c.obj)
                0x0000e5cc                bb_setInt16
 .text.bb_setInt32
                0x0000e5d2        0x4 app/libapp.a(bytebuffer.c.obj)
                0x0000e5d2                bb_setInt32
 .text.bb_setInt64
                0x0000e5d6        0x4 app/libapp.a(bytebuffer.c.obj)
                0x0000e5d6                bb_setInt64
 .text.bb_set   0x0000e5da       0x2a app/libapp.a(bytebuffer.c.obj)
                0x0000e5da                bb_set
 .text.bb_addString.part.0
                0x0000e604       0x34 app/libapp.a(bytebuffer.c.obj)
 .text.bb_set2  0x0000e638       0x38 app/libapp.a(bytebuffer.c.obj)
                0x0000e638                bb_set2
 .text.bb_addString
                0x0000e670        0xa app/libapp.a(bytebuffer.c.obj)
                0x0000e670                bb_addString
 .text.bb_attach
                0x0000e67a       0x26 app/libapp.a(bytebuffer.c.obj)
                0x0000e67a                bb_attach
 .text.bb_attachString
                0x0000e6a0       0x22 app/libapp.a(bytebuffer.c.obj)
                0x0000e6a0                bb_attachString
 .text.bb_clear
                0x0000e6c2       0x22 app/libapp.a(bytebuffer.c.obj)
                0x0000e6c2                bb_clear
 .text.bb_empty
                0x0000e6e4        0xa app/libapp.a(bytebuffer.c.obj)
                0x0000e6e4                bb_empty
 .text.bb_getUInt8
                0x0000e6ee       0x1e app/libapp.a(bytebuffer.c.obj)
                0x0000e6ee                bb_getUInt8
 .text.bb_getInt8
                0x0000e70c       0x1e app/libapp.a(bytebuffer.c.obj)
                0x0000e70c                bb_getInt8
 .text.bb_getUInt8ByIndex
                0x0000e72a       0x16 app/libapp.a(bytebuffer.c.obj)
                0x0000e72a                bb_getUInt8ByIndex
 .text.bb_getUInt16
                0x0000e740       0x2a app/libapp.a(bytebuffer.c.obj)
                0x0000e740                bb_getUInt16
 .text.bb_getUInt32
                0x0000e76a       0x32 app/libapp.a(bytebuffer.c.obj)
                0x0000e76a                bb_getUInt32
 .text.bb_getInt16
                0x0000e79c       0x2a app/libapp.a(bytebuffer.c.obj)
                0x0000e79c                bb_getInt16
 .text.bb_getUInt24ByIndex
                0x0000e7c6       0x2e app/libapp.a(bytebuffer.c.obj)
                0x0000e7c6                bb_getUInt24ByIndex
 .text.bb_getUInt24
                0x0000e7f4       0x14 app/libapp.a(bytebuffer.c.obj)
                0x0000e7f4                bb_getUInt24
 .text.bb_getUInt32ByIndex
                0x0000e808       0x2e app/libapp.a(bytebuffer.c.obj)
                0x0000e808                bb_getUInt32ByIndex
 .text.bb_getInt32
                0x0000e836       0x14 app/libapp.a(bytebuffer.c.obj)
                0x0000e836                bb_getInt32
 .text.bb_getUInt64ByIndex
                0x0000e84a       0x48 app/libapp.a(bytebuffer.c.obj)
                0x0000e84a                bb_getUInt64ByIndex
 .text.bb_getInt64
                0x0000e892       0x16 app/libapp.a(bytebuffer.c.obj)
                0x0000e892                bb_getInt64
 .text.bb_getUInt64
                0x0000e8a8       0x16 app/libapp.a(bytebuffer.c.obj)
                0x0000e8a8                bb_getUInt64
 .text.bb_getFloat
                0x0000e8be       0x38 app/libapp.a(bytebuffer.c.obj)
                0x0000e8be                bb_getFloat
 .text.bb_getDouble
                0x0000e8f6       0x56 app/libapp.a(bytebuffer.c.obj)
                0x0000e8f6                bb_getDouble
 .text.bb_getUInt16ByIndex
                0x0000e94c       0x22 app/libapp.a(bytebuffer.c.obj)
                0x0000e94c                bb_getUInt16ByIndex
 .text.bb_addHexString
                0x0000e96e       0x32 app/libapp.a(bytebuffer.c.obj)
                0x0000e96e                bb_addHexString
 .text.bb_toHexString
                0x0000e9a0        0x8 app/libapp.a(bytebuffer.c.obj)
                0x0000e9a0                bb_toHexString
 .text.bb_addIntAsString2
                0x0000e9a8       0x20 app/libapp.a(bytebuffer.c.obj)
                0x0000e9a8                bb_addIntAsString2
 .text.bb_addIntAsString
                0x0000e9c8        0x6 app/libapp.a(bytebuffer.c.obj)
                0x0000e9c8                bb_addIntAsString
 .text.bb_move  0x0000e9ce       0x62 app/libapp.a(bytebuffer.c.obj)
                0x0000e9ce                bb_move
 .text.bb_insert
                0x0000ea30       0x56 app/libapp.a(bytebuffer.c.obj)
                0x0000ea30                bb_insert
 .text.bb_trim  0x0000ea86       0x26 app/libapp.a(bytebuffer.c.obj)
                0x0000ea86                bb_trim
 .text.bb_get   0x0000eaac       0x2e app/libapp.a(bytebuffer.c.obj)
                0x0000eaac                bb_get
 .text.cip_xor  0x0000eada       0x1c app/libapp.a(ciphering.c.obj)
 .text.shift_right_block
                0x0000eaf6       0x7e app/libapp.a(ciphering.c.obj)
 .text.cip_inc32
                0x0000eb74        0xc app/libapp.a(ciphering.c.obj)
 .text.cip_multiplyH
                0x0000eb80       0x64 app/libapp.a(ciphering.c.obj)
 .text.cip_getGHash
                0x0000ebe4       0x90 app/libapp.a(ciphering.c.obj)
 .text.aes_gcm_ghash
                0x0000ec74       0x70 app/libapp.a(ciphering.c.obj)
 .text.cip_clear
                0x0000ece4       0x36 app/libapp.a(ciphering.c.obj)
                0x0000ece4                cip_clear
 .text.cip_gctr.part.0
                0x0000ed1a       0xa4 app/libapp.a(ciphering.c.obj)
 .text.aes_gcm_gctr.constprop.0
                0x0000edbe       0x2e app/libapp.a(ciphering.c.obj)
 .text.cosem_getObjectSize
                0x0000edec       0xd8 app/libapp.a(cosem.c.obj)
                0x0000edec                cosem_getObjectSize
 .text.cosem_setLogicalName
                0x0000eec4        0xe app/libapp.a(cosem.c.obj)
                0x0000eec4                cosem_setLogicalName
 .text.cosem_init2
                0x0000eed2        0xa app/libapp.a(cosem.c.obj)
                0x0000eed2                cosem_init2
 .text.cosem_getStructure
                0x0000eedc       0x32 app/libapp.a(cosem.c.obj)
                0x0000eedc                cosem_getStructure
 .text.cosem_checkStructure
                0x0000ef0e       0x1c app/libapp.a(cosem.c.obj)
                0x0000ef0e                cosem_checkStructure
 .text.cosem_checkArray2
                0x0000ef2a       0x42 app/libapp.a(cosem.c.obj)
                0x0000ef2a                cosem_checkArray2
 .text.cosem_checkArray
                0x0000ef6c        0x6 app/libapp.a(cosem.c.obj)
                0x0000ef6c                cosem_checkArray
 .text.cosem_getUInt8
                0x0000ef72       0x28 app/libapp.a(cosem.c.obj)
                0x0000ef72                cosem_getUInt8
 .text.cosem_getUInt16
                0x0000ef9a       0x28 app/libapp.a(cosem.c.obj)
                0x0000ef9a                cosem_getUInt16
 .text.cosem_setDateTimeAsOctetString
                0x0000efc2       0x26 app/libapp.a(cosem.c.obj)
                0x0000efc2                cosem_setDateTimeAsOctetString
 .text.cosem_setDateAsOctetString
                0x0000efe8       0x26 app/libapp.a(cosem.c.obj)
                0x0000efe8                cosem_setDateAsOctetString
 .text.cosem_setBitString
                0x0000f00e       0x98 app/libapp.a(cosem.c.obj)
                0x0000f00e                cosem_setBitString
 .text.cosem_setTimeAsOctetString
                0x0000f0a6       0x26 app/libapp.a(cosem.c.obj)
                0x0000f0a6                cosem_setTimeAsOctetString
 .text.cosem_setOctetString
                0x0000f0cc       0x3c app/libapp.a(cosem.c.obj)
                0x0000f0cc                cosem_setOctetString
 .text.cosem_setString
                0x0000f108       0x42 app/libapp.a(cosem.c.obj)
                0x0000f108                cosem_setString
 .text.cosem_setDateTime
                0x0000f14a       0x1c app/libapp.a(cosem.c.obj)
                0x0000f14a                cosem_setDateTime
 .text.cosem_setOctetString2
                0x0000f166       0x42 app/libapp.a(cosem.c.obj)
                0x0000f166                cosem_setOctetString2
 .text.cosem_setUInt8
                0x0000f1a8       0x1c app/libapp.a(cosem.c.obj)
                0x0000f1a8                cosem_setUInt8
 .text.cosem_setUInt16
                0x0000f1c4       0x1c app/libapp.a(cosem.c.obj)
                0x0000f1c4                cosem_setUInt16
 .text.cosem_setUInt32
                0x0000f1e0       0x1c app/libapp.a(cosem.c.obj)
                0x0000f1e0                cosem_setUInt32
 .text.cosem_setInt8
                0x0000f1fc       0x1c app/libapp.a(cosem.c.obj)
                0x0000f1fc                cosem_setInt8
 .text.cosem_setInt16
                0x0000f218       0x1c app/libapp.a(cosem.c.obj)
                0x0000f218                cosem_setInt16
 .text.cosem_setInt32
                0x0000f234       0x1c app/libapp.a(cosem.c.obj)
                0x0000f234                cosem_setInt32
 .text.cosem_setVariant
                0x0000f250        0xe app/libapp.a(cosem.c.obj)
                0x0000f250                cosem_setVariant
 .text.cosem_setStructure
                0x0000f25e       0x1c app/libapp.a(cosem.c.obj)
                0x0000f25e                cosem_setStructure
 .text.cosem_setArray
                0x0000f27a       0x1c app/libapp.a(cosem.c.obj)
                0x0000f27a                cosem_setArray
 .text.cosem_setEnum
                0x0000f296       0x1c app/libapp.a(cosem.c.obj)
                0x0000f296                cosem_setEnum
 .text.cosem_setBoolean
                0x0000f2b2       0x1c app/libapp.a(cosem.c.obj)
                0x0000f2b2                cosem_setBoolean
 .text.getSelectedColumns
                0x0000f2ce       0xe4 app/libapp.a(cosem.c.obj)
                0x0000f2ce                getSelectedColumns
 .text.cosem_getColumns
                0x0000f3b2       0xe6 app/libapp.a(cosem.c.obj)
                0x0000f3b2                cosem_getColumns
 .text.di_init  0x0000f498        0xe app/libapp.a(datainfo.c.obj)
                0x0000f498                di_init
 .text.time_getYears
                0x0000f4a6        0x6 app/libapp.a(date.c.obj)
                0x0000f4a6                time_getYears
 .text.time_getMonths
                0x0000f4ac        0x6 app/libapp.a(date.c.obj)
                0x0000f4ac                time_getMonths
 .text.time_getDays
                0x0000f4b2        0x6 app/libapp.a(date.c.obj)
                0x0000f4b2                time_getDays
 .text.time_getMinutes
                0x0000f4b8       0x18 app/libapp.a(date.c.obj)
                0x0000f4b8                time_getMinutes
 .text.time_getSeconds
                0x0000f4d0       0x10 app/libapp.a(date.c.obj)
                0x0000f4d0                time_getSeconds
 .text.time_addHours
                0x0000f4e0        0xe app/libapp.a(date.c.obj)
                0x0000f4e0                time_addHours
 .text.time_addMinutes
                0x0000f4ee        0xc app/libapp.a(date.c.obj)
                0x0000f4ee                time_addMinutes
 .text.time_addSeconds
                0x0000f4fa        0x8 app/libapp.a(date.c.obj)
                0x0000f4fa                time_addSeconds
 .text.time_initUnix
                0x0000f502        0xa app/libapp.a(date.c.obj)
                0x0000f502                time_initUnix
 .text.time_clear
                0x0000f50c        0xa app/libapp.a(date.c.obj)
                0x0000f50c                time_clear
 .text.date_isleap
                0x0000f516       0x2c app/libapp.a(date.c.obj)
                0x0000f516                date_isleap
 .text.date_daysInMonth
                0x0000f542       0x2c app/libapp.a(date.c.obj)
                0x0000f542                date_daysInMonth
 .text.time_copy
                0x0000f56e       0x18 app/libapp.a(date.c.obj)
                0x0000f56e                time_copy
 .text.time_dayOfWeek
                0x0000f586       0x5e app/libapp.a(date.c.obj)
                0x0000f586                time_dayOfWeek
 .text.time_compare
                0x0000f5e4       0x1a app/libapp.a(date.c.obj)
                0x0000f5e4                time_compare
 .text.time_toUTC
                0x0000f5fe       0x24 app/libapp.a(date.c.obj)
                0x0000f5fe                time_toUTC
 .text.dlms_useHdlc
                0x0000f622       0x12 app/libapp.a(dlms.c.obj)
                0x0000f622                dlms_useHdlc
 .text.dlms_getInvokeIDPriority
                0x0000f634       0x30 app/libapp.a(dlms.c.obj)
                0x0000f634                dlms_getInvokeIDPriority
 .text.dlms_setData
                0x0000f664       0x20 app/libapp.a(dlms.c.obj)
                0x0000f664                dlms_setData
 .text.getCount
                0x0000f684       0x36 app/libapp.a(dlms.c.obj)
                0x0000f684                getCount
 .text.getUInt32
                0x0000f6ba       0x30 app/libapp.a(dlms.c.obj)
                0x0000f6ba                getUInt32
 .text.getInt32
                0x0000f6ea       0x30 app/libapp.a(dlms.c.obj)
                0x0000f6ea                getInt32
 .text.getString
                0x0000f71a       0x60 app/libapp.a(dlms.c.obj)
                0x0000f71a                getString
 .text.getUtfString
                0x0000f77a       0x72 app/libapp.a(dlms.c.obj)
                0x0000f77a                getUtfString
 .text.getOctetString
                0x0000f7ec       0x5e app/libapp.a(dlms.c.obj)
                0x0000f7ec                getOctetString
 .text.getUInt8
                0x0000f84a       0x38 app/libapp.a(dlms.c.obj)
                0x0000f84a                getUInt8
 .text.getInt16
                0x0000f882       0x38 app/libapp.a(dlms.c.obj)
                0x0000f882                getInt16
 .text.getInt8  0x0000f8ba       0x38 app/libapp.a(dlms.c.obj)
                0x0000f8ba                getInt8
 .text.getUInt16
                0x0000f8f2       0x38 app/libapp.a(dlms.c.obj)
                0x0000f8f2                getUInt16
 .text.getInt64
                0x0000f92a       0x38 app/libapp.a(dlms.c.obj)
                0x0000f92a                getInt64
 .text.getUInt64
                0x0000f962       0x38 app/libapp.a(dlms.c.obj)
                0x0000f962                getUInt64
 .text.getEnum  0x0000f99a       0x38 app/libapp.a(dlms.c.obj)
                0x0000f99a                getEnum
 .text.getDouble
                0x0000f9d2       0x38 app/libapp.a(dlms.c.obj)
                0x0000f9d2                getDouble
 .text.getFloat
                0x0000fa0a       0x38 app/libapp.a(dlms.c.obj)
                0x0000fa0a                getFloat
 .text.getDateTime
                0x0000fa42      0x1d2 app/libapp.a(dlms.c.obj)
                0x0000fa42                getDateTime
 .text.getDataTypes
                0x0000fc14      0x1a4 app/libapp.a(dlms.c.obj)
                0x0000fc14                getDataTypes
 .text.dlms_getData
                0x0000fdb8      0x216 app/libapp.a(dlms.c.obj)
                0x0000fdb8                dlms_getData
 .text.getArray
                0x0000ffce       0xb8 app/libapp.a(dlms.c.obj)
                0x0000ffce                getArray
 .text.getCompactArrayItem
                0x00010086       0xf2 app/libapp.a(dlms.c.obj)
                0x00010086                getCompactArrayItem
 .text.getCompactArrayItem2
                0x00010178       0x94 app/libapp.a(dlms.c.obj)
                0x00010178                getCompactArrayItem2
 .text.getCompactArray
                0x0001020c      0x234 app/libapp.a(dlms.c.obj)
                0x0001020c                getCompactArray
 .text.dlms_getHDLCAddress
                0x00010440       0xb2 app/libapp.a(dlms.c.obj)
                0x00010440                dlms_getHDLCAddress
 .text.dlms_checkHdlcAddress
                0x000104f2       0xb0 app/libapp.a(dlms.c.obj)
                0x000104f2                dlms_checkHdlcAddress
 .text.dlms_getDataFromFrame
                0x000105a2       0x4e app/libapp.a(dlms.c.obj)
                0x000105a2                dlms_getDataFromFrame
 .text.dlms_getHdlcData
                0x000105f0      0x332 app/libapp.a(dlms.c.obj)
                0x000105f0                dlms_getHdlcData
 .text.dlms_checkWrapperAddress
                0x00010922       0x84 app/libapp.a(dlms.c.obj)
                0x00010922                dlms_checkWrapperAddress
 .text.dlms_getTcpData
                0x000109a6       0x7e app/libapp.a(dlms.c.obj)
                0x000109a6                dlms_getTcpData
 .text.dlms_getMBusData
                0x00010a24       0xdc app/libapp.a(dlms.c.obj)
                0x00010a24                dlms_getMBusData
 .text.dlms_getPlcData
                0x00010b00      0x1c2 app/libapp.a(dlms.c.obj)
                0x00010b00                dlms_getPlcData
 .text.dlms_getPlcHdlcData
                0x00010cc2      0x1c4 app/libapp.a(dlms.c.obj)
                0x00010cc2                dlms_getPlcHdlcData
 .text.dlms_getDataFromBlock
                0x00010e86       0x24 app/libapp.a(dlms.c.obj)
                0x00010e86                dlms_getDataFromBlock
 .text.dlms_verifyInvokeId
                0x00010eaa       0x20 app/libapp.a(dlms.c.obj)
                0x00010eaa                dlms_verifyInvokeId
 .text.dlms_handleGetResponse
                0x00010eca      0x150 app/libapp.a(dlms.c.obj)
                0x00010eca                dlms_handleGetResponse
 .text.handleWriteResponse
                0x0001101a       0x50 app/libapp.a(dlms.c.obj)
                0x0001101a                handleWriteResponse
 .text.dlms_getValueFromData
                0x0001106a       0xe0 app/libapp.a(dlms.c.obj)
                0x0001106a                dlms_getValueFromData
 .text.dlms_readResponseDataBlockResult
                0x0001114a       0xb0 app/libapp.a(dlms.c.obj)
                0x0001114a                dlms_readResponseDataBlockResult
 .text.dlms_handleReadResponse
                0x000111fa      0x174 app/libapp.a(dlms.c.obj)
                0x000111fa                dlms_handleReadResponse
 .text.dlms_handleMethodResponse
                0x0001136e       0xaa app/libapp.a(dlms.c.obj)
                0x0001136e                dlms_handleMethodResponse
 .text.dlms_handleSetResponse
                0x00011418       0x60 app/libapp.a(dlms.c.obj)
                0x00011418                dlms_handleSetResponse
 .text.dlms_changeType
                0x00011478       0x5c app/libapp.a(dlms.c.obj)
                0x00011478                dlms_changeType
 .text.dlms_changeType2
                0x000114d4       0x2e app/libapp.a(dlms.c.obj)
                0x000114d4                dlms_changeType2
 .text.dlms_handleDataNotification
                0x00011502       0x8c app/libapp.a(dlms.c.obj)
                0x00011502                dlms_handleDataNotification
 .text.dlms_handleConfirmedServiceError
                0x0001158e       0x42 app/libapp.a(dlms.c.obj)
                0x0001158e                dlms_handleConfirmedServiceError
 .text.dlms_handleExceptionResponse
                0x000115d0       0x44 app/libapp.a(dlms.c.obj)
                0x000115d0                dlms_handleExceptionResponse
 .text.dlms_handleGbt
                0x00011614      0x106 app/libapp.a(dlms.c.obj)
                0x00011614                dlms_handleGbt
 .text.dlms_handleGloDedResponse
                0x0001171a       0xda app/libapp.a(dlms.c.obj)
                0x0001171a                dlms_handleGloDedResponse
 .text.dlms_handleGeneralCiphering
                0x000117f4       0x6a app/libapp.a(dlms.c.obj)
                0x000117f4                dlms_handleGeneralCiphering
 .text.dlms_getData2
                0x0001185e       0xec app/libapp.a(dlms.c.obj)
                0x0001185e                dlms_getData2
 .text.dlms_isPduFull
                0x0001194a       0x3e app/libapp.a(dlms.c.obj)
                0x0001194a                dlms_isPduFull
 .text.resetBlockIndex
                0x00011988        0x8 app/libapp.a(dlmsSettings.c.obj)
                0x00011988                resetBlockIndex
 .text.resetFrameSequence
                0x00011990       0x16 app/libapp.a(dlmsSettings.c.obj)
                0x00011990                resetFrameSequence
 .text.cl_clear
                0x000119a6       0x86 app/libapp.a(dlmsSettings.c.obj)
                0x000119a6                cl_clear
 .text.increaseReceiverSequence
                0x00011a2c       0x14 app/libapp.a(dlmsSettings.c.obj)
                0x00011a2c                increaseReceiverSequence
 .text.increaseSendSequence
                0x00011a40       0x10 app/libapp.a(dlmsSettings.c.obj)
                0x00011a40                increaseSendSequence
 .text.checkFrame
                0x00011a50       0x72 app/libapp.a(dlmsSettings.c.obj)
                0x00011a50                checkFrame
 .text.arr_init
                0x00011ac2        0xa app/libapp.a(gxarray.c.obj)
                0x00011ac2                arr_init