Archive member included to satisfy reference by file (symbol)

app/libapp.a(main.c.obj)      (--whole-archive)
app/libapp.a(apdu.c.obj)      (--whole-archive)
app/libapp.a(bitarray.c.obj)  (--whole-archive)
app/libapp.a(bytebuffer.c.obj)
                              (--whole-archive)
app/libapp.a(ciphering.c.obj)
                              (--whole-archive)
app/libapp.a(client.c.obj)    (--whole-archive)
app/libapp.a(converters.c.obj)
                              (--whole-archive)
app/libapp.a(cosem.c.obj)     (--whole-archive)
app/libapp.a(datainfo.c.obj)  (--whole-archive)
app/libapp.a(date.c.obj)      (--whole-archive)
app/libapp.a(dlms.c.obj)      (--whole-archive)
app/libapp.a(dlmsSettings.c.obj)
                              (--whole-archive)
app/libapp.a(gxaes.c.obj)     (--whole-archive)
app/libapp.a(gxarray.c.obj)   (--whole-archive)
app/libapp.a(gxget.c.obj)     (--whole-archive)
app/libapp.a(gxinvoke.c.obj)  (--whole-archive)
app/libapp.a(gxkey.c.obj)     (--whole-archive)
app/libapp.a(gxmd5.c.obj)     (--whole-archive)
app/libapp.a(gxobjects.c.obj)
                              (--whole-archive)
app/libapp.a(gxserializer.c.obj)
                              (--whole-archive)
app/libapp.a(gxset.c.obj)     (--whole-archive)
app/libapp.a(gxsetignoremalloc.c.obj)
                              (--whole-archive)
app/libapp.a(gxsetmalloc.c.obj)
                              (--whole-archive)
app/libapp.a(gxsha1.c.obj)    (--whole-archive)
app/libapp.a(gxsha256.c.obj)  (--whole-archive)
app/libapp.a(gxvalueeventargs.c.obj)
                              (--whole-archive)
app/libapp.a(helpers.c.obj)   (--whole-archive)
app/libapp.a(message.c.obj)   (--whole-archive)
app/libapp.a(notify.c.obj)    (--whole-archive)
app/libapp.a(objectarray.c.obj)
                              (--whole-archive)
app/libapp.a(parameters.c.obj)
                              (--whole-archive)
app/libapp.a(replydata.c.obj)
                              (--whole-archive)
app/libapp.a(server.c.obj)    (--whole-archive)
app/libapp.a(serverevents.c.obj)
                              (--whole-archive)
app/libapp.a(variant.c.obj)   (--whole-archive)
zephyr/libzephyr.a(cbprintf.c.obj)
                              (--whole-archive)
zephyr/libzephyr.a(cbprintf_packaged.c.obj)
                              (--whole-archive)
zephyr/libzephyr.a(crc32c_sw.c.obj)
                              (--whole-archive)
zephyr/libzephyr.a(crc32_sw.c.obj)
                              (--whole-archive)
zephyr/libzephyr.a(crc16_sw.c.obj)
                              (--whole-archive)
zephyr/libzephyr.a(crc8_sw.c.obj)
                              (--whole-archive)
zephyr/libzephyr.a(crc7_sw.c.obj)
                              (--whole-archive)
zephyr/libzephyr.a(dec.c.obj)
                              (--whole-archive)
zephyr/libzephyr.a(fdtable.c.obj)
                              (--whole-archive)
zephyr/libzephyr.a(hex.c.obj)
                              (--whole-archive)
zephyr/libzephyr.a(notify.c.obj)
                              (--whole-archive)
zephyr/libzephyr.a(printk.c.obj)
                              (--whole-archive)
zephyr/libzephyr.a(onoff.c.obj)
                              (--whole-archive)
zephyr/libzephyr.a(rb.c.obj)  (--whole-archive)
zephyr/libzephyr.a(sem.c.obj)
                              (--whole-archive)
zephyr/libzephyr.a(thread_entry.c.obj)
                              (--whole-archive)
zephyr/libzephyr.a(timeutil.c.obj)
                              (--whole-archive)
zephyr/libzephyr.a(heap.c.obj)
                              (--whole-archive)
zephyr/libzephyr.a(heap-validate.c.obj)
                              (--whole-archive)
zephyr/libzephyr.a(bitarray.c.obj)
                              (--whole-archive)
zephyr/libzephyr.a(cbprintf_complete.c.obj)
                              (--whole-archive)
zephyr/libzephyr.a(mpsc_pbuf.c.obj)
                              (--whole-archive)
zephyr/libzephyr.a(reboot.c.obj)
                              (--whole-archive)
zephyr/libzephyr.a(configs.c.obj)
                              (--whole-archive)
zephyr/libzephyr.a(soc_nrf_common.S.obj)
                              (--whole-archive)
zephyr/libzephyr.a(validate_base_addresses.c.obj)
                              (--whole-archive)
zephyr/libzephyr.a(validate_enabled_instances.c.obj)
                              (--whole-archive)
zephyr/libzephyr.a(log_list.c.obj)
                              (--whole-archive)
zephyr/libzephyr.a(log_core.c.obj)
                              (--whole-archive)
zephyr/libzephyr.a(log_mgmt.c.obj)
                              (--whole-archive)
zephyr/libzephyr.a(log_msg.c.obj)
                              (--whole-archive)
zephyr/libzephyr.a(log_output.c.obj)
                              (--whole-archive)
zephyr/libzephyr.a(log_backend_uart.c.obj)
                              (--whole-archive)
zephyr/libzephyr.a(tty.c.obj)
                              (--whole-archive)
[...]
Memory Configuration

Name             Origin             Length             Attributes
FLASH            0x00000000         0x00100000         xr
SRAM             0x20000000         0x00040000         xw
IDT_LIST         0xfffff7ff         0x00000800         xw
*default*        0x00000000         0xffffffff

Linker script and memory map

LOAD zephyr/CMakeFiles/zephyr_prebuilt.dir/misc/empty_file.c.obj
LOAD zephyr/CMakeFiles/offsets.dir/./arch/arm/core/offsets/offsets.c.obj
                0x00000020                _region_min_align = 0x20

.rel.plt        0x00000000        0x0
 *(SORT_BY_ALIGNMENT(.rel.plt))
                [!provide]                PROVIDE (__rel_iplt_start = .)
 *(SORT_BY_ALIGNMENT(.rel.iplt))
 .rel.iplt      0x00000000        0x0 zephyr/CMakeFiles/offsets.dir/./arch/arm/core/offsets/offsets.c.obj
                [!provide]                PROVIDE (__rel_iplt_end = .)

.rela.plt       0x00000000        0x0
 *(SORT_BY_ALIGNMENT(.rela.plt))
                [!provide]                PROVIDE (__rela_iplt_start = .)
 *(SORT_BY_ALIGNMENT(.rela.iplt))
                [!provide]                PROVIDE (__rela_iplt_end = .)

.rel.dyn
 *(SORT_BY_ALIGNMENT(.rel.*))

.rela.dyn
 *(SORT_BY_ALIGNMENT(.rela.*))

/DISCARD/
 *(SORT_BY_ALIGNMENT(.plt))
 *(SORT_BY_ALIGNMENT(.iplt))
 *(SORT_BY_ALIGNMENT(.got.plt))
 *(SORT_BY_ALIGNMENT(.igot.plt))
 *(SORT_BY_ALIGNMENT(.got))
 *(SORT_BY_ALIGNMENT(.igot))
 *(SORT_BY_ALIGNMENT(.note.GNU-stack))
                0x00000000                __rom_region_start = 0x0

rom_start       0x00000000      0x100
                0x00000000                . = 0x0
                0x00000000                . = ALIGN (0x4)
                0x00000000                . = ALIGN (0x80)
                0x00000000                . = ALIGN (0x100)
                0x00000000                _vector_start = .
 *(SORT_BY_ALIGNMENT(.exc_vector_table))
 *(SORT_BY_ALIGNMENT(.exc_vector_table.*))
 .exc_vector_table._vector_table_section
                0x00000000       0x40 zephyr/arch/arch/arm/core/aarch32/cortex_m/libarch__arm__core__aarch32__cortex_m.a(vector_table.S.obj)
                0x00000000                _vector_table
 *(SORT_BY_ALIGNMENT(.gnu.linkonce.irq_vector_table*))
 .gnu.linkonce.irq_vector_table
                0x00000040       0xc0 zephyr/arch/common/libisr_tables.a(isr_tables.c.obj)
                0x00000040                _irq_vector_table
 *(SORT_BY_ALIGNMENT(.vectors))
                0x00000100                _vector_end = .

text            0x00000100    0x1dcc4
                0x00000100                __text_region_start = .
 *(SORT_BY_ALIGNMENT(.text))
 .text          0x00000100       0xa0 c:/gnuarmemb/opt/arm-none-eabi/lib/thumb/v7e-m/nofp\libc_nano.a(lib_a-memchr.o)
                0x00000100                memchr
 .text          0x000001a0      0x378 c:/gnuarmemb/opt/bin/../lib/gcc/arm-none-eabi/9.2.1/thumb/v7e-m/nofp\libgcc.a(_arm_addsubdf3.o)
                0x000001a0                __aeabi_drsub
                0x000001a8                __aeabi_dsub
                0x000001a8                __subdf3
                0x000001ac                __aeabi_dadd
                0x000001ac                __adddf3
                0x00000424                __floatunsidf
                0x00000424                __aeabi_ui2d
                0x00000444                __floatsidf
                0x00000444                __aeabi_i2d
                0x00000468                __aeabi_f2d
                0x00000468                __extendsfdf2
                0x000004ac                __floatundidf
                0x000004ac                __aeabi_ul2d
                0x000004bc                __floatdidf
                0x000004bc                __aeabi_l2d
 .text          0x00000518      0x424 c:/gnuarmemb/opt/bin/../lib/gcc/arm-none-eabi/9.2.1/thumb/v7e-m/nofp\libgcc.a(_arm_muldivdf3.o)
                0x00000518                __aeabi_dmul
                0x00000518                __muldf3
                0x0000076c                __divdf3
                0x0000076c                __aeabi_ddiv
 .text          0x0000093c       0x50 c:/gnuarmemb/opt/bin/../lib/gcc/arm-none-eabi/9.2.1/thumb/v7e-m/nofp\libgcc.a(_arm_fixdfsi.o)
                0x0000093c                __aeabi_d2iz
                0x0000093c                __fixdfsi
 .text          0x0000098c       0x40 c:/gnuarmemb/opt/bin/../lib/gcc/arm-none-eabi/9.2.1/thumb/v7e-m/nofp\libgcc.a(_arm_fixunsdfsi.o)
                0x0000098c                __aeabi_d2uiz
                0x0000098c                __fixunsdfsi
 .text          0x000009cc       0x4c c:/gnuarmemb/opt/bin/../lib/gcc/arm-none-eabi/9.2.1/thumb/v7e-m/nofp\libgcc.a(_arm_fixsfsi.o)
                0x000009cc                __aeabi_f2iz
                0x000009cc                __fixsfsi
 .text          0x00000a18       0xa0 c:/gnuarmemb/opt/bin/../lib/gcc/arm-none-eabi/9.2.1/thumb/v7e-m/nofp\libgcc.a(_aeabi_ldivmod.o)
                0x00000a18                __aeabi_ldivmod
 .text          0x00000ab8       0x30 c:/gnuarmemb/opt/bin/../lib/gcc/arm-none-eabi/9.2.1/thumb/v7e-m/nofp\libgcc.a(_aeabi_uldivmod.o)
                0x00000ab8                __aeabi_uldivmod
 .text          0x00000ae8      0x2c0 c:/gnuarmemb/opt/bin/../lib/gcc/arm-none-eabi/9.2.1/thumb/v7e-m/nofp\libgcc.a(_udivmoddi4.o)
                0x00000ae8                __udivmoddi4
 .text          0x00000da8        0x4 c:/gnuarmemb/opt/bin/../lib/gcc/arm-none-eabi/9.2.1/thumb/v7e-m/nofp\libgcc.a(_dvmd_tls.o)
                0x00000da8                __aeabi_idiv0
                0x00000da8                __aeabi_ldiv0
 .text          0x00000dac       0x14 c:/gnuarmemb/opt/arm-none-eabi/lib/thumb/v7e-m/nofp\libc_nano.a(lib_a-strcmp.o)
                0x00000dac                strcmp
 .text          0x00000dc0       0x10 c:/gnuarmemb/opt/arm-none-eabi/lib/thumb/v7e-m/nofp\libc_nano.a(lib_a-strlen.o)
                0x00000dc0                strlen
 *(SORT_BY_ALIGNMENT(.text.*))
 .text.comparator_handler
                0x00000dd0        0xc app/libapp.a(main.c.obj)
 .text.lora_config.constprop.0
                0x00000ddc        0xc app/libapp.a(main.c.obj)
 .text.init_mbus_comp_gpiote
                0x00000de8      0x154 app/libapp.a(main.c.obj)
                0x00000de8                init_mbus_comp_gpiote
 .text.szl_encode_uleb128
                0x00000f3c       0x44 app/libapp.a(main.c.obj)
                0x00000f3c                szl_encode_uleb128
 .text.sponge_encode
                0x00000f80       0xa4 app/libapp.a(main.c.obj)
                0x00000f80                sponge_encode
 .text.dlms_console_init
                0x00001024       0x5c app/libapp.a(main.c.obj)
                0x00001024                dlms_console_init
 .text.dlms_push_listener_init
                0x00001080       0x7c app/libapp.a(main.c.obj)
                0x00001080                dlms_push_listener_init
 .text.dlms_push_listener_rx
                0x000010fc      0x334 app/libapp.a(main.c.obj)
                0x000010fc                dlms_push_listener_rx
 .text.szl_lora_init
                0x00001430       0x60 app/libapp.a(main.c.obj)
                0x00001430                szl_lora_init
 .text.szl_lora_send
                0x00001490       0x88 app/libapp.a(main.c.obj)
                0x00001490                szl_lora_send
 .text.main     0x00001518       0x64 app/libapp.a(main.c.obj)
                0x00001518                main
 .text.ba_getByteCount
                0x0000157c       0x3c app/libapp.a(bitarray.c.obj)
                0x0000157c                ba_getByteCount
 .text.cip_init
                0x000015b8       0x58 app/libapp.a(ciphering.c.obj)
                0x000015b8                cip_init
 .text.cip_int  0x00001610      0x200 app/libapp.a(ciphering.c.obj)
                0x00001610                cip_int
 .text.aes_Encrypt
                0x00001810      0x2c4 app/libapp.a(ciphering.c.obj)
                0x00001810                aes_Encrypt
 .text.cip_crypt
                0x00001ad4      0x3b8 app/libapp.a(ciphering.c.obj)
                0x00001ad4                cip_crypt
 .text.cip_decrypt
                0x00001e8c      0x18c app/libapp.a(ciphering.c.obj)
                0x00001e8c                cip_decrypt
 .text.cosem_init4
                0x00002018       0xf0 app/libapp.a(cosem.c.obj)
                0x00002018                cosem_init4
 .text.cosem_createObject
                0x00002108       0x54 app/libapp.a(cosem.c.obj)
                0x00002108                cosem_createObject
 .text.cosem_findObjectByLN
                0x0000215c       0x7c app/libapp.a(cosem.c.obj)
                0x0000215c                cosem_findObjectByLN
 .text.time_init
                0x000021d8      0x150 app/libapp.a(date.c.obj)
                0x000021d8                time_init
 .text.time_getYears2
                0x00002328       0x6c app/libapp.a(date.c.obj)
                0x00002328                time_getYears2
 .text.time_getMonths2
                0x00002394       0x70 app/libapp.a(date.c.obj)
                0x00002394                time_getMonths2
 .text.time_getDays2
                0x00002404       0x74 app/libapp.a(date.c.obj)
                0x00002404                time_getDays2
 .text.time_getHours
                0x00002478       0x1c app/libapp.a(date.c.obj)
                0x00002478                time_getHours
 .text.time_fromUnixTime2
                0x00002494       0xfc app/libapp.a(date.c.obj)
                0x00002494                time_fromUnixTime2
 .text.time_toString
                0x00002590      0x280 app/libapp.a(date.c.obj)
                0x00002590                time_toString
 .text.time_toUnixTime2
                0x00002810       0x4c app/libapp.a(date.c.obj)
                0x00002810                time_toUnixTime2
 .text.time_compareWithDiff
                0x0000285c      0x11c app/libapp.a(date.c.obj)
                0x0000285c                time_compareWithDiff
 .text.countCRC.isra.0
                0x00002978       0x34 app/libapp.a(dlms.c.obj)
 .text.getBcd   0x000029ac       0xa0 app/libapp.a(dlms.c.obj)
                0x000029ac                getBcd
 .text.getTime  0x00002a4c       0xb4 app/libapp.a(dlms.c.obj)
                0x00002a4c                getTime
 .text.getDate  0x00002b00       0xb0 app/libapp.a(dlms.c.obj)
                0x00002b00                getDate
 .text.dlms_checkLLCBytes
                0x00002bb0       0x38 app/libapp.a(dlms.c.obj)
                0x00002bb0                dlms_checkLLCBytes
 .text.dlms_countFCS24
                0x00002be8       0x44 app/libapp.a(dlms.c.obj)
                0x00002be8                dlms_countFCS24
 .text.dlms_handleGloDedRequest
                0x00002c2c      0x134 app/libapp.a(dlms.c.obj)
                0x00002c2c                dlms_handleGloDedRequest
 .text.dlms_getPdu
                0x00002d60      0x350 app/libapp.a(dlms.c.obj)
                0x00002d60                dlms_getPdu
 .text.plc_reset
                0x000030b0       0x54 app/libapp.a(dlmsSettings.c.obj)
                0x000030b0                plc_reset
 .text.cl_init  0x00003104       0xec app/libapp.a(dlmsSettings.c.obj)
                0x00003104                cl_init
 .text.getActivityCalendarDayProfileTable
                0x000031f0       0xb8 app/libapp.a(gxget.c.obj)
                0x000031f0                getActivityCalendarDayProfileTable
 .text.getLNObjects
                0x000032a8      0x218 app/libapp.a(gxget.c.obj)
                0x000032a8                getLNObjects
 .text.cosem_getIP4Setup
                0x000034c0      0x174 app/libapp.a(gxget.c.obj)
                0x000034c0                cosem_getIP4Setup
 .text.cosem_getLimiter
                0x00003634      0x2e4 app/libapp.a(gxget.c.obj)
                0x00003634                cosem_getLimiter
 .text.cosem_getmMbusClient
                0x00003918      0x180 app/libapp.a(gxget.c.obj)
                0x00003918                cosem_getmMbusClient
 .text.cosem_getModemConfiguration
                0x00003a98      0x2b0 app/libapp.a(gxget.c.obj)
                0x00003a98                cosem_getModemConfiguration
 .text.cosem_getPppSetup
                0x00003d48      0x220 app/libapp.a(gxget.c.obj)
                0x00003d48                cosem_getPppSetup
 .text.cosem_getParameterMonitor
                0x00003f68      0x128 app/libapp.a(gxget.c.obj)
                0x00003f68                cosem_getParameterMonitor
 .text.obj_getLogicalName
                0x00004090       0x10 app/libapp.a(gxobjects.c.obj)
                0x00004090                obj_getLogicalName
 .text.cosem_setProfileGeneric
                0x000040a0      0x320 app/libapp.a(gxsetmalloc.c.obj)
                0x000040a0                cosem_setProfileGeneric
 .text.hlp_bytesToHex
                0x000043c0       0x78 app/libapp.a(helpers.c.obj)
                0x000043c0                hlp_bytesToHex
 .text.hlp_getDataTypeSize
                0x00004438       0x14 app/libapp.a(helpers.c.obj)
                0x00004438                hlp_getDataTypeSize
 .text.var_getDateTime2
                0x0000444c      0x158 app/libapp.a(variant.c.obj)
                0x0000444c                var_getDateTime2
 .text.var_copy
                0x000045a4      0x234 app/libapp.a(variant.c.obj)
                0x000045a4                var_copy
 .text.convert.part.0
                0x000047d8      0x330 app/libapp.a(variant.c.obj)
 .text.var_changeType
                0x00004b08      0x17c app/libapp.a(variant.c.obj)
                0x00004b08                var_changeType
 .text.char_out
                0x00004c84       0x10 zephyr/libzephyr.a(printk.c.obj)
 .text.__printk_hook_install
                0x00004c94        0xc zephyr/libzephyr.a(printk.c.obj)
                0x00004c94                __printk_hook_install
 .text.vprintk  0x00004ca0       0x1c zephyr/libzephyr.a(printk.c.obj)
                0x00004ca0                vprintk
 .text.vsnprintk
                0x00004cbc       0x28 zephyr/libzephyr.a(printk.c.obj)
                0x00004cbc                vsnprintk
 .text.process_event
                0x00004ce4      0x1cc zephyr/libzephyr.a(onoff.c.obj)
 .text.extract_decimal
                0x00004eb0       0x2c zephyr/libzephyr.a(cbprintf_complete.c.obj)
 .text.encode_uint
                0x00004edc       0xa0 zephyr/libzephyr.a(cbprintf_complete.c.obj)
 .text.cbvprintf
                0x00004f7c      0x730 zephyr/libzephyr.a(cbprintf_complete.c.obj)
                0x00004f7c                cbvprintf
 .text.sys_reboot
                0x000056ac       0x30 zephyr/libzephyr.a(reboot.c.obj)
                0x000056ac                sys_reboot
 .text.enable_logger
                0x000056dc       0x5c zephyr/libzephyr.a(log_core.c.obj)
 .text.log_process_thread_timer_expiry_fn
                0x00005738        0xc zephyr/libzephyr.a(log_core.c.obj)
 .text.z_log_get_s_mask
                0x00005744       0x48 zephyr/libzephyr.a(log_core.c.obj)
                0x00005744                z_log_get_s_mask
 .text.log_core_init
                0x0000578c       0x50 zephyr/libzephyr.a(log_core.c.obj)
                0x0000578c                log_core_init
 .text.log_init
                0x000057dc       0x58 zephyr/libzephyr.a(log_core.c.obj)
                0x000057dc                log_init
 .text.get_msg  0x00005834       0x28 zephyr/libzephyr.a(log_core.c.obj)
                0x00005834                get_msg
 .text.z_log_notify_backend_enabled
                0x0000585c       0x1c zephyr/libzephyr.a(log_core.c.obj)
                0x0000585c                z_log_notify_backend_enabled
 .text.z_log_dropped
                0x00005878       0x3c zephyr/libzephyr.a(log_core.c.obj)
                0x00005878                z_log_dropped
 .text.z_log_dropped_read_and_clear
                0x000058b4       0x20 zephyr/libzephyr.a(log_core.c.obj)
                0x000058b4                z_log_dropped_read_and_clear
 .text.dropped_notify
                0x000058d4       0x38 zephyr/libzephyr.a(log_core.c.obj)
                0x000058d4                dropped_notify
 .text.z_log_strdup
                0x0000590c       0x70 zephyr/libzephyr.a(log_core.c.obj)
                0x0000590c                z_log_strdup
 .text.log_is_strdup
                0x0000597c       0x1c zephyr/libzephyr.a(log_core.c.obj)
                0x0000597c                log_is_strdup
 .text.z_impl_log_process
                0x00005998      0x144 zephyr/libzephyr.a(log_core.c.obj)
                0x00005998                z_impl_log_process
 .text.msg_finalize
                0x00005adc       0xc4 zephyr/libzephyr.a(log_core.c.obj)
 .text.log_process_thread_func
                0x00005ba0       0x48 zephyr/libzephyr.a(log_core.c.obj)
 .text.z_impl_log_panic
                0x00005be8       0x48 zephyr/libzephyr.a(log_core.c.obj)
                0x00005be8                z_impl_log_panic
 .text.log_free
                0x00005c30       0x34 zephyr/libzephyr.a(log_core.c.obj)
                0x00005c30                log_free
 .text.log_source_name_get
                0x00005c64       0x1c zephyr/libzephyr.a(log_mgmt.c.obj)
                0x00005c64                log_source_name_get
 .text.log_backend_enable
                0x00005c80       0x1c zephyr/libzephyr.a(log_mgmt.c.obj)
                0x00005c80                log_backend_enable
 .text.log_msg_pool_init
                0x00005c9c       0x14 zephyr/libzephyr.a(log_msg.c.obj)
                0x00005c9c                log_msg_pool_init
 .text.log_msg_no_space_handle
                0x00005cb0       0x30 zephyr/libzephyr.a(log_msg.c.obj)
                0x00005cb0                log_msg_no_space_handle
 .text.log_msg_chunk_alloc
                0x00005ce0       0x28 zephyr/libzephyr.a(log_msg.c.obj)
                0x00005ce0                log_msg_chunk_alloc
 .text.msg_free
                0x00005d08       0x7c zephyr/libzephyr.a(log_msg.c.obj)
 .text.print_formatted
                0x00005d84       0x24 zephyr/libzephyr.a(log_output.c.obj)
 .text.prefix_print
                0x00005da8      0x120 zephyr/libzephyr.a(log_output.c.obj)
 .text.postfix_print
                0x00005ec8       0x3c zephyr/libzephyr.a(log_output.c.obj)
 .text.hexdump_line_print
                0x00005f04       0xe4 zephyr/libzephyr.a(log_output.c.obj)
 .text.log_output_msg_process
                0x00005fe8       0xf8 zephyr/libzephyr.a(log_output.c.obj)
                0x00005fe8                log_output_msg_process
 .text.log_output_dropped_process
                0x000060e0       0x58 zephyr/libzephyr.a(log_output.c.obj)
                0x000060e0                log_output_dropped_process
 .text.log_output_timestamp_freq_set
                0x00006138       0x30 zephyr/libzephyr.a(log_output.c.obj)
                0x00006138                log_output_timestamp_freq_set
 .text.char_out
                0x00006168       0x24 zephyr/libzephyr.a(log_backend_uart.c.obj)
 .text.log_backend_uart_init
                0x0000618c       0x10 zephyr/libzephyr.a(log_backend_uart.c.obj)
 .text.panic    0x0000619c        0xc zephyr/libzephyr.a(log_backend_uart.c.obj)
 .text.dropped  0x000061a8        0xc zephyr/libzephyr.a(log_backend_uart.c.obj)
 .text.put      0x000061b4       0x24 zephyr/libzephyr.a(log_backend_uart.c.obj)
 .text.tty_init
                0x000061d8       0x40 zephyr/libzephyr.a(tty.c.obj)
                0x000061d8                tty_init
 .text.pm_state_notify
                0x00006218       0x4c zephyr/libzephyr.a(power.c.obj)
 .text.pm_system_resume
                0x00006264       0x4c zephyr/libzephyr.a(power.c.obj)
                0x00006264                pm_system_resume
 .text.pm_system_suspend
                0x000062b0       0x88 zephyr/libzephyr.a(power.c.obj)
                0x000062b0                pm_system_suspend
 .text.nrf_cc3xx_platform_abort_init
                0x00006338        0xc zephyr/libzephyr.a(nrf_cc3xx_platform_abort_zephyr.c.obj)
                0x00006338                nrf_cc3xx_platform_abort_init
 .text.mutex_unlock_platform
                0x00006344       0x4c zephyr/libzephyr.a(nrf_cc3xx_platform_mutex_zephyr.c.obj)
 .text.mutex_free_platform
                0x00006390       0x48 zephyr/libzephyr.a(nrf_cc3xx_platform_mutex_zephyr.c.obj)
 .text.mutex_init_platform
                0x000063d8       0x70 zephyr/libzephyr.a(nrf_cc3xx_platform_mutex_zephyr.c.obj)
 .text.mutex_lock_platform
                0x00006448       0x58 zephyr/libzephyr.a(nrf_cc3xx_platform_mutex_zephyr.c.obj)
 .text.nrf_cc3xx_platform_mutex_init
                0x000064a0       0x2c zephyr/libzephyr.a(nrf_cc3xx_platform_mutex_zephyr.c.obj)
                0x000064a0                nrf_cc3xx_platform_mutex_init
 .text.z_arm_cpu_idle_init
                0x000064cc        0xc zephyr/arch/arch/arm/core/aarch32/libarch__arm__core__aarch32.a(cpu_idle.S.obj)
                0x000064cc                z_arm_cpu_idle_init
 .text.arch_cpu_idle
                0x000064d8       0x1c zephyr/arch/arch/arm/core/aarch32/libarch__arm__core__aarch32.a(cpu_idle.S.obj)
                0x000064d8                arch_cpu_idle
 .text.arch_cpu_atomic_idle
                0x000064f4       0x14 zephyr/arch/arch/arm/core/aarch32/libarch__arm__core__aarch32.a(cpu_idle.S.obj)
                0x000064f4                arch_cpu_atomic_idle
 .text.z_arm_fatal_error
                0x00006508       0x70 zephyr/arch/arch/arm/core/aarch32/libarch__arm__core__aarch32.a(fatal.c.obj)
                0x00006508                z_arm_fatal_error
 .text.arch_irq_enable
                0x00006578       0x20 zephyr/arch/arch/arm/core/aarch32/libarch__arm__core__aarch32.a(irq_manage.c.obj)
                0x00006578                arch_irq_enable
 .text.arch_irq_disable
                0x00006598       0x28 zephyr/arch/arch/arm/core/aarch32/libarch__arm__core__aarch32.a(irq_manage.c.obj)
                0x00006598                arch_irq_disable
 .text.arch_irq_is_enabled
                0x000065c0       0x1c zephyr/arch/arch/arm/core/aarch32/libarch__arm__core__aarch32.a(irq_manage.c.obj)
                0x000065c0                arch_irq_is_enabled
 .text.z_arm_irq_priority_set
                0x000065dc       0x30 zephyr/arch/arch/arm/core/aarch32/libarch__arm__core__aarch32.a(irq_manage.c.obj)
                0x000065dc                z_arm_irq_priority_set
 .text.z_SysNmiOnReset
                0x0000660c        0x8 zephyr/arch/arch/arm/core/aarch32/libarch__arm__core__aarch32.a(nmi_on_reset.S.obj)
                0x0000660c                z_SysNmiOnReset
 .text.z_arm_prep_c
                0x00006614       0x38 zephyr/arch/arch/arm/core/aarch32/libarch__arm__core__aarch32.a(prep_c.c.obj)
                0x00006614                z_arm_prep_c
 .text.arch_swap
                0x0000664c       0x34 zephyr/arch/arch/arm/core/aarch32/libarch__arm__core__aarch32.a(swap.c.obj)
                0x0000664c                arch_swap
 .text.z_arm_pendsv
                0x00006680       0x54 zephyr/arch/arch/arm/core/aarch32/libarch__arm__core__aarch32.a(swap_helper.S.obj)
                0x00006680                z_arm_pendsv
 .text.z_arm_svc
                0x000066d4       0x20 zephyr/arch/arch/arm/core/aarch32/libarch__arm__core__aarch32.a(swap_helper.S.obj)
                0x000066d4                z_arm_svc
 .text.arch_new_thread
                0x000066f4       0x38 zephyr/arch/arch/arm/core/aarch32/libarch__arm__core__aarch32.a(thread.c.obj)
                0x000066f4                arch_new_thread
 .text.z_check_thread_stack_fail
                0x0000672c       0x34 zephyr/arch/arch/arm/core/aarch32/libarch__arm__core__aarch32.a(thread.c.obj)
                0x0000672c                z_check_thread_stack_fail
 .text.arch_switch_to_main_thread
                0x00006760       0x2c zephyr/arch/arch/arm/core/aarch32/libarch__arm__core__aarch32.a(thread.c.obj)
                0x00006760                arch_switch_to_main_thread
 .text._isr_wrapper
                0x0000678c       0x40 zephyr/arch/arch/arm/core/aarch32/libarch__arm__core__aarch32.a(isr_wrapper.S.obj)
                0x0000678c                _isr_wrapper
 .text._HandlerModeExit
                0x000067cc       0x1c zephyr/arch/arch/arm/core/aarch32/cortex_m/libarch__arm__core__aarch32__cortex_m.a(exc_exit.S.obj)
                0x000067cc                z_arm_int_exit
                0x000067cc                z_arm_exc_exit
 .text.mem_manage_fault
                0x000067e8      0x104 zephyr/arch/arch/arm/core/aarch32/cortex_m/libarch__arm__core__aarch32__cortex_m.a(fault.c.obj)
 .text.usage_fault.isra.0
                0x000068ec       0xb8 zephyr/arch/arch/arm/core/aarch32/cortex_m/libarch__arm__core__aarch32__cortex_m.a(fault.c.obj)
 .text.bus_fault.isra.0
                0x000069a4       0xdc zephyr/arch/arch/arm/core/aarch32/cortex_m/libarch__arm__core__aarch32__cortex_m.a(fault.c.obj)
 .text.z_arm_fault
                0x00006a80      0x1e4 zephyr/arch/arch/arm/core/aarch32/cortex_m/libarch__arm__core__aarch32__cortex_m.a(fault.c.obj)
                0x00006a80                z_arm_fault
 .text.z_arm_fault_init
                0x00006c64       0x10 zephyr/arch/arch/arm/core/aarch32/cortex_m/libarch__arm__core__aarch32__cortex_m.a(fault.c.obj)
                0x00006c64                z_arm_fault_init
 .text.__fault  0x00006c74       0x14 zephyr/arch/arch/arm/core/aarch32/cortex_m/libarch__arm__core__aarch32__cortex_m.a(fault_s.S.obj)
                0x00006c74                z_arm_usage_fault
                0x00006c74                z_arm_mpu_fault
                0x00006c74                z_arm_exc_spurious
                0x00006c74                z_arm_debug_monitor
                0x00006c74                z_arm_hard_fault
                0x00006c74                z_arm_bus_fault
 .text.z_arm_interrupt_init
                0x00006c88       0x18 zephyr/arch/arch/arm/core/aarch32/cortex_m/libarch__arm__core__aarch32__cortex_m.a(irq_init.c.obj)
                0x00006c88                z_arm_interrupt_init
 .text._reset_section
                0x00006ca0       0x54 zephyr/arch/arch/arm/core/aarch32/cortex_m/libarch__arm__core__aarch32__cortex_m.a(reset.S.obj)
                0x00006ca0                __start
                0x00006ca0                z_arm_reset
 .text.z_arm_clear_arm_mpu_config
                0x00006cf4       0x20 zephyr/arch/arch/arm/core/aarch32/cortex_m/libarch__arm__core__aarch32__cortex_m.a(scb.c.obj)
                0x00006cf4                z_arm_clear_arm_mpu_config
 .text.z_arm_init_arch_hw_at_boot
                0x00006d14       0x64 zephyr/arch/arch/arm/core/aarch32/cortex_m/libarch__arm__core__aarch32__cortex_m.a(scb.c.obj)
                0x00006d14                z_arm_init_arch_hw_at_boot
 .text.z_impl_k_thread_abort
                0x00006d78       0x24 zephyr/arch/arch/arm/core/aarch32/cortex_m/libarch__arm__core__aarch32__cortex_m.a(thread_abort.c.obj)
                0x00006d78                z_impl_k_thread_abort
 .text.z_arm_configure_static_mpu_regions
                0x00006d9c       0x18 zephyr/arch/arch/arm/core/aarch32/mpu/libarch__arm__core__aarch32__mpu.a(arm_core_mpu.c.obj)
                0x00006d9c                z_arm_configure_static_mpu_regions
 .text.z_arm_configure_dynamic_mpu_regions
                0x00006db4       0x20 zephyr/arch/arch/arm/core/aarch32/mpu/libarch__arm__core__aarch32__mpu.a(arm_core_mpu.c.obj)
                0x00006db4                z_arm_configure_dynamic_mpu_regions
 .text.mpu_configure_regions
                0x00006dd4       0xb8 zephyr/arch/arch/arm/core/aarch32/mpu/libarch__arm__core__aarch32__mpu.a(arm_mpu.c.obj)
 .text.arm_core_mpu_enable
                0x00006e8c       0x14 zephyr/arch/arch/arm/core/aarch32/mpu/libarch__arm__core__aarch32__mpu.a(arm_mpu.c.obj)
                0x00006e8c                arm_core_mpu_enable
 .text.arm_core_mpu_disable
                0x00006ea0       0x10 zephyr/arch/arch/arm/core/aarch32/mpu/libarch__arm__core__aarch32__mpu.a(arm_mpu.c.obj)
                0x00006ea0                arm_core_mpu_disable
 .text.arm_core_mpu_configure_static_mpu_regions
                0x00006eb0       0x14 zephyr/arch/arch/arm/core/aarch32/mpu/libarch__arm__core__aarch32__mpu.a(arm_mpu.c.obj)
                0x00006eb0                arm_core_mpu_configure_static_mpu_regions
 .text.arm_core_mpu_configure_dynamic_mpu_regions
                0x00006ec4       0x2c zephyr/arch/arch/arm/core/aarch32/mpu/libarch__arm__core__aarch32__mpu.a(arm_mpu.c.obj)
                0x00006ec4                arm_core_mpu_configure_dynamic_mpu_regions
 .text.z_arm_mpu_init
                0x00006ef0       0x5c zephyr/arch/arch/arm/core/aarch32/mpu/libarch__arm__core__aarch32__mpu.a(arm_mpu.c.obj)
                0x00006ef0                z_arm_mpu_init
 .text.__stdout_hook_install
                0x00006f4c        0xc zephyr/lib/libc/newlib/liblib__libc__newlib.a(libc-hooks.c.obj)
                0x00006f4c                __stdout_hook_install
 .text.z_impl_zephyr_write_stdout
                0x00006f58       0x30 zephyr/lib/libc/newlib/liblib__libc__newlib.a(libc-hooks.c.obj)
                0x00006f58                z_impl_zephyr_write_stdout
 .text._sbrk    0x00006f88       0x28 zephyr/lib/libc/newlib/liblib__libc__newlib.a(libc-hooks.c.obj)
                0x00006f88                sbrk
                0x00006f88                _sbrk
 .text.__chk_fail
                0x00006fb0       0x1c zephyr/lib/libc/newlib/liblib__libc__newlib.a(libc-hooks.c.obj)
                0x00006fb0                __chk_fail
 .text.nordicsemi_nrf52_init
                0x00006fcc       0x30 zephyr/soc/arm/nordic_nrf/nrf52/libsoc__arm__nordic_nrf__nrf52.a(soc.c.obj)
 .text.sys_arch_reboot
                0x00006ffc       0x2c zephyr/soc/arm/nordic_nrf/nrf52/libsoc__arm__nordic_nrf__nrf52.a(soc.c.obj)
                0x00006ffc                sys_arch_reboot
 .text.arch_busy_wait
                0x00007028       0x14 zephyr/soc/arm/nordic_nrf/nrf52/libsoc__arm__nordic_nrf__nrf52.a(soc.c.obj)
                0x00007028                arch_busy_wait
 .text.board_nrf52840dongle_nrf52840_init
                0x0000703c       0x7c zephyr/boards/arm/nrf52840dongle_nrf52840/libboards__arm__nrf52840dongle_nrf52840.a(board.c.obj)
 .text.onoff_stop
                0x000070b8       0x48 zephyr/drivers/clock_control/libdrivers__clock_control.a(clock_control_nrf.c.obj)
 .text.onoff_start
                0x00007100       0x54 zephyr/drivers/clock_control/libdrivers__clock_control.a(clock_control_nrf.c.obj)
 .text.clk_init
                0x00007154       0x60 zephyr/drivers/clock_control/libdrivers__clock_control.a(clock_control_nrf.c.obj)
 .text.clkstarted_handle.constprop.0
                0x000071b4       0x34 zephyr/drivers/clock_control/libdrivers__clock_control.a(clock_control_nrf.c.obj)
 .text.clock_event_handler
                0x000071e8       0x1c zephyr/drivers/clock_control/libdrivers__clock_control.a(clock_control_nrf.c.obj)
 .text.generic_hfclk_start
                0x00007204       0x64 zephyr/drivers/clock_control/libdrivers__clock_control.a(clock_control_nrf.c.obj)
 .text.generic_hfclk_stop
                0x00007268       0x2c zephyr/drivers/clock_control/libdrivers__clock_control.a(clock_control_nrf.c.obj)
 .text.api_blocking_start
                0x00007294       0x3c zephyr/drivers/clock_control/libdrivers__clock_control.a(clock_control_nrf.c.obj)
 .text.z_nrf_clock_control_lf_on
                0x000072d0      0x10c zephyr/drivers/clock_control/libdrivers__clock_control.a(clock_control_nrf.c.obj)
                0x000072d0                z_nrf_clock_control_lf_on
 .text.console_out
                0x000073dc       0x34 zephyr/drivers/console/libdrivers__console.a(uart_console.c.obj)
 .text.uart_console_init
                0x00007410       0x30 zephyr/drivers/console/libdrivers__console.a(uart_console.c.obj)
 .text.gpio_nrfx_init
                0x00007440       0x30 zephyr/drivers/gpio/libdrivers__gpio.a(gpio_nrfx.c.obj)
 .text.gpio_nrfx_config
                0x00007470       0xc0 zephyr/drivers/gpio/libdrivers__gpio.a(gpio_nrfx.c.obj)
 .text.nrf_gpio_cfg_sense_set
                0x00007530       0x2c zephyr/drivers/gpio/libdrivers__gpio.a(gpio_nrfx.c.obj)
 .text.check_level_trigger_pins
                0x0000755c       0x90 zephyr/drivers/gpio/libdrivers__gpio.a(gpio_nrfx.c.obj)
 .text.gpio_nrfx_pin_interrupt_configure
                0x000075ec      0x1a4 zephyr/drivers/gpio/libdrivers__gpio.a(gpio_nrfx.c.obj)
 .text.gpiote_event_handler
                0x00007790       0xc0 zephyr/drivers/gpio/libdrivers__gpio.a(gpio_nrfx.c.obj)
 .text.transfer_next_chunk
                0x00007850       0x7c zephyr/drivers/spi/libdrivers__spi.a(spi_nrfx_spi.c.obj)
 .text.spi_nrfx_transceive
                0x000078cc      0x328 zephyr/drivers/spi/libdrivers__spi.a(spi_nrfx_spi.c.obj)
 .text.event_handler
                0x00007bf4       0xb8 zephyr/drivers/spi/libdrivers__spi.a(spi_nrfx_spi.c.obj)
 .text.timer_callback
                0x00007cac        0xc zephyr/drivers/lora/libloramac-node.a(hal_common.c.obj)
 .text.RtcGetTimerElapsedTime
                0x00007cb8       0x14 zephyr/drivers/lora/libloramac-node.a(hal_common.c.obj)
                0x00007cb8                RtcGetTimerElapsedTime
 .text.RtcStopAlarm
                0x00007ccc        0xc zephyr/drivers/lora/libloramac-node.a(hal_common.c.obj)
                0x00007ccc                RtcStopAlarm
 .text.RtcSetAlarm
                0x00007cd8       0x38 zephyr/drivers/lora/libloramac-node.a(hal_common.c.obj)
                0x00007cd8                RtcSetAlarm
 .text.RtcSetTimerContext
                0x00007d10       0x10 zephyr/drivers/lora/libloramac-node.a(hal_common.c.obj)
                0x00007d10                RtcSetTimerContext
 .text.RtcGetTimerContext
                0x00007d20        0xc zephyr/drivers/lora/libloramac-node.a(hal_common.c.obj)
                0x00007d20                RtcGetTimerContext
 .text.modem_release.constprop.0
                0x00007d2c       0x58 zephyr/drivers/lora/libloramac-node.a(sx12xx_common.c.obj)
 .text.sx12xx_ev_tx_done
                0x00007d84       0x20 zephyr/drivers/lora/libloramac-node.a(sx12xx_common.c.obj)
 .text.sx12xx_ev_rx_done
                0x00007da4       0x84 zephyr/drivers/lora/libloramac-node.a(sx12xx_common.c.obj)
 .text.__sx12xx_configure_pin
                0x00007e28       0xa0 zephyr/drivers/lora/libloramac-node.a(sx12xx_common.c.obj)
                0x00007e28                __sx12xx_configure_pin
 .text.sx12xx_lora_send_async
                0x00007ec8       0x50 zephyr/drivers/lora/libloramac-node.a(sx12xx_common.c.obj)
                0x00007ec8                sx12xx_lora_send_async
 .text.sx12xx_lora_send
                0x00007f18       0xe4 zephyr/drivers/lora/libloramac-node.a(sx12xx_common.c.obj)
                0x00007f18                sx12xx_lora_send
 .text.sx12xx_lora_recv
                0x00007ffc       0xcc zephyr/drivers/lora/libloramac-node.a(sx12xx_common.c.obj)
                0x00007ffc                sx12xx_lora_recv
 .text.sx12xx_lora_config
                0x000080c8       0xa8 zephyr/drivers/lora/libloramac-node.a(sx12xx_common.c.obj)
                0x000080c8                sx12xx_lora_config
 .text.sx12xx_lora_test_cw
                0x00008170       0x40 zephyr/drivers/lora/libloramac-node.a(sx12xx_common.c.obj)
                0x00008170                sx12xx_lora_test_cw
 .text.sx12xx_init
                0x000081b0       0x48 zephyr/drivers/lora/libloramac-node.a(sx12xx_common.c.obj)
                0x000081b0                sx12xx_init
 .text.sx127x_dio_work_handle
                0x000081f8       0x18 zephyr/drivers/lora/libloramac-node.a(sx127x.c.obj)
 .text.sx127x_irq_callback
                0x00008210       0x48 zephyr/drivers/lora/libloramac-node.a(sx127x.c.obj)
 .text.SX1276Reset
                0x00008258       0x2c zephyr/drivers/lora/libloramac-node.a(sx127x.c.obj)
                0x00008258                SX1276Reset
 .text.SX1276IoIrqInit
                0x00008284      0x124 zephyr/drivers/lora/libloramac-node.a(sx127x.c.obj)
                0x00008284                SX1276IoIrqInit
 .text.sx127x_read
                0x000083a8       0x3c zephyr/drivers/lora/libloramac-node.a(sx127x.c.obj)
                0x000083a8                sx127x_read
 .text.SX1276ReadBuffer
                0x000083e4       0x38 zephyr/drivers/lora/libloramac-node.a(sx127x.c.obj)
                0x000083e4                SX1276ReadBuffer
 .text.sx127x_lora_init
                0x0000841c      0x11c zephyr/drivers/lora/libloramac-node.a(sx127x.c.obj)
 .text.sx127x_write
                0x00008538       0x3c zephyr/drivers/lora/libloramac-node.a(sx127x.c.obj)
                0x00008538                sx127x_write
 .text.SX1276WriteBuffer
                0x00008574       0x38 zephyr/drivers/lora/libloramac-node.a(sx127x.c.obj)
                0x00008574                SX1276WriteBuffer
 .text.SX1276SetRfTxPower
                0x000085ac       0xd4 zephyr/drivers/lora/libloramac-node.a(sx127x.c.obj)
                0x000085ac                SX1276SetRfTxPower
 .text.SX1276GetDio1PinState
                0x00008680       0x2c zephyr/drivers/lora/libloramac-node.a(sx127x.c.obj)
                0x00008680                SX1276GetDio1PinState
 .text.TimerInsertNewHeadTimer
                0x000086ac       0x18 zephyr/drivers/lora/libloramac-node.a(timer.c.obj)
 .text.TimerStart
                0x000086c4       0x70 zephyr/drivers/lora/libloramac-node.a(timer.c.obj)
                0x000086c4                TimerStart
 .text.TimerIrqHandler
                0x00008734       0x78 zephyr/drivers/lora/libloramac-node.a(timer.c.obj)
                0x00008734                TimerIrqHandler
 .text.TimerStop
                0x000087ac       0x58 zephyr/drivers/lora/libloramac-node.a(timer.c.obj)
                0x000087ac                TimerStop
 .text.GetFskBandwidthRegValue
                0x00008804       0x2c zephyr/drivers/lora/libloramac-node.a(sx1276.c.obj)
 .text.SX1276OnDio4Irq
                0x00008830       0x1c zephyr/drivers/lora/libloramac-node.a(sx1276.c.obj)
 .text.SX1276GetStatus
                0x0000884c        0xc zephyr/drivers/lora/libloramac-node.a(sx1276.c.obj)
                0x0000884c                SX1276GetStatus
 .text.SX1276GetTimeOnAir
                0x00008858       0xf0 zephyr/drivers/lora/libloramac-node.a(sx1276.c.obj)
                0x00008858                SX1276GetTimeOnAir
 .text.SX1276SetChannel
                0x00008948       0x48 zephyr/drivers/lora/libloramac-node.a(sx1276.c.obj)
                0x00008948                SX1276SetChannel
 .text.SX1276OnDio3Irq
                0x00008990       0x50 zephyr/drivers/lora/libloramac-node.a(sx1276.c.obj)
 .text.SX1276OnDio2Irq
                0x000089e0       0xd8 zephyr/drivers/lora/libloramac-node.a(sx1276.c.obj)
 .text.SX1276OnDio1Irq
                0x00008ab8      0x124 zephyr/drivers/lora/libloramac-node.a(sx1276.c.obj)
 .text.SX1276OnDio0Irq
                0x00008bdc      0x260 zephyr/drivers/lora/libloramac-node.a(sx1276.c.obj)
 .text.RxChainCalibration
                0x00008e3c       0x94 zephyr/drivers/lora/libloramac-node.a(sx1276.c.obj)
 .text.SX1276SetSleep
                0x00008ed0       0x3c zephyr/drivers/lora/libloramac-node.a(sx1276.c.obj)
                0x00008ed0                SX1276SetSleep
 .text.SX1276SetStby
                0x00008f0c       0x34 zephyr/drivers/lora/libloramac-node.a(sx1276.c.obj)
                0x00008f0c                SX1276SetStby
 .text.SX1276Send
                0x00008f40      0x19c zephyr/drivers/lora/libloramac-node.a(sx1276.c.obj)
                0x00008f40                SX1276Send
 .text.SX1276SetRx
                0x000090dc      0x224 zephyr/drivers/lora/libloramac-node.a(sx1276.c.obj)
                0x000090dc                SX1276SetRx
 .text.SX1276ReadRssi
                0x00009300       0x48 zephyr/drivers/lora/libloramac-node.a(sx1276.c.obj)
                0x00009300                SX1276ReadRssi
 .text.SX1276SetModem
                0x00009348       0x74 zephyr/drivers/lora/libloramac-node.a(sx1276.c.obj)
                0x00009348                SX1276SetModem
 .text.SX1276Init
                0x000093bc       0x80 zephyr/drivers/lora/libloramac-node.a(sx1276.c.obj)
                0x000093bc                SX1276Init
 .text.SX1276SetRxConfig
                0x0000943c      0x2a8 zephyr/drivers/lora/libloramac-node.a(sx1276.c.obj)
                0x0000943c                SX1276SetRxConfig
 .text.SX1276SetTxConfig
                0x000096e4      0x240 zephyr/drivers/lora/libloramac-node.a(sx1276.c.obj)
                0x000096e4                SX1276SetTxConfig
 .text.SX1276SetTxContinuousWave
                0x00009924       0x80 zephyr/drivers/lora/libloramac-node.a(sx1276.c.obj)
                0x00009924                SX1276SetTxContinuousWave
 .text.SX1276SetMaxPayloadLength
                0x000099a4       0x34 zephyr/drivers/lora/libloramac-node.a(sx1276.c.obj)
                0x000099a4                SX1276SetMaxPayloadLength
 .text.SX1276SetPublicNetwork
                0x000099d8       0x28 zephyr/drivers/lora/libloramac-node.a(sx1276.c.obj)
                0x000099d8                SX1276SetPublicNetwork
 .text.SX1276OnTimeoutIrq
                0x00009a00       0xc8 zephyr/drivers/lora/libloramac-node.a(sx1276.c.obj)
 .text.uarte_nrfx_configure
                0x00009ac8      0x16c zephyr/drivers/serial/libdrivers__serial.a(uart_nrfx_uarte.c.obj)
 .text.nrf_gpio_cfg_input
                0x00009c34       0x20 zephyr/drivers/serial/libdrivers__serial.a(uart_nrfx_uarte.c.obj)
 .text.uarte_nrfx_poll_out
                0x00009c54       0x94 zephyr/drivers/serial/libdrivers__serial.a(uart_nrfx_uarte.c.obj)
 .text.nrf_gpio_cfg_output
                0x00009ce8       0x20 zephyr/drivers/serial/libdrivers__serial.a(uart_nrfx_uarte.c.obj)
 .text.nrf_gpio_pin_set
                0x00009d08       0x20 zephyr/drivers/serial/libdrivers__serial.a(uart_nrfx_uarte.c.obj)
 .text.uarte_0_init
                0x00009d28      0x13c zephyr/drivers/serial/libdrivers__serial.a(uart_nrfx_uarte.c.obj)
 .text.sys_clock_timeout_handler
                0x00009e64       0x78 zephyr/drivers/timer/libdrivers__timer.a(nrf_rtc_timer.c.obj)
 .text.compare_int_lock
                0x00009edc       0x50 zephyr/drivers/timer/libdrivers__timer.a(nrf_rtc_timer.c.obj)
 .text.compare_int_unlock.part.0
                0x00009f2c       0x5c zephyr/drivers/timer/libdrivers__timer.a(nrf_rtc_timer.c.obj)
 .text.z_nrf_rtc_timer_read
                0x00009f88       0x44 zephyr/drivers/timer/libdrivers__timer.a(nrf_rtc_timer.c.obj)
                0x00009f88                z_nrf_rtc_timer_read
 .text.compare_set
                0x00009fcc      0x154 zephyr/drivers/timer/libdrivers__timer.a(nrf_rtc_timer.c.obj)
 .text.rtc_nrf_isr
                0x0000a120       0xf0 zephyr/drivers/timer/libdrivers__timer.a(nrf_rtc_timer.c.obj)
                0x0000a120                rtc_nrf_isr
 .text.sys_clock_driver_init
                0x0000a210       0x88 zephyr/drivers/timer/libdrivers__timer.a(nrf_rtc_timer.c.obj)
                0x0000a210                sys_clock_driver_init
 .text.sys_clock_set_timeout
                0x0000a298       0x60 zephyr/drivers/timer/libdrivers__timer.a(nrf_rtc_timer.c.obj)
                0x0000a298                sys_clock_set_timeout
 .text.sys_clock_elapsed
                0x0000a2f8       0x14 zephyr/drivers/timer/libdrivers__timer.a(nrf_rtc_timer.c.obj)
                0x0000a2f8                sys_clock_elapsed
 .text.k_sys_fatal_error_handler
                0x0000a30c       0x2c modules/nrf/lib/fatal_error/lib..__nrf__lib__fatal_error.a(fatal_error.c.obj)
                0x0000a30c                k_sys_fatal_error_handler
 .text.__NVIC_SystemReset
                0x0000a338       0x24 modules/hal_nordic/nrfx/libmodules__hal_nordic__nrfx.a(system_nrf52840.c.obj)
 .text.nrf52_errata_36
                0x0000a35c       0x14 modules/hal_nordic/nrfx/libmodules__hal_nordic__nrfx.a(system_nrf52840.c.obj)
 .text.nrf52_errata_98
                0x0000a370       0x28 modules/hal_nordic/nrfx/libmodules__hal_nordic__nrfx.a(system_nrf52840.c.obj)
 .text.nvmc_wait
                0x0000a398       0x10 modules/hal_nordic/nrfx/libmodules__hal_nordic__nrfx.a(system_nrf52840.c.obj)
                0x0000a398                nvmc_wait
 .text.SystemInit
                0x0000a3a8      0x1e0 modules/hal_nordic/nrfx/libmodules__hal_nordic__nrfx.a(system_nrf52840.c.obj)
                0x0000a3a8                SystemInit
 .text.nrfx_clock_init
                0x0000a588       0x20 modules/hal_nordic/nrfx/libmodules__hal_nordic__nrfx.a(nrfx_clock.c.obj)
                0x0000a588                nrfx_clock_init
 .text.nrfx_clock_start
                0x0000a5a8       0x64 modules/hal_nordic/nrfx/libmodules__hal_nordic__nrfx.a(nrfx_clock.c.obj)
                0x0000a5a8                nrfx_clock_start
 .text.nrfx_clock_stop
                0x0000a60c       0x8c modules/hal_nordic/nrfx/libmodules__hal_nordic__nrfx.a(nrfx_clock.c.obj)
                0x0000a60c                nrfx_clock_stop
 .text.nrfx_power_clock_irq_handler
                0x0000a698       0x68 modules/hal_nordic/nrfx/libmodules__hal_nordic__nrfx.a(nrfx_clock.c.obj)
                0x0000a698                nrfx_power_clock_irq_handler
 .text.nrfx_comp_init
                0x0000a700       0xcc modules/hal_nordic/nrfx/libmodules__hal_nordic__nrfx.a(nrfx_comp.c.obj)
                0x0000a700                nrfx_comp_init
 .text.nrfx_comp_start
                0x0000a7cc       0x24 modules/hal_nordic/nrfx/libmodules__hal_nordic__nrfx.a(nrfx_comp.c.obj)
                0x0000a7cc                nrfx_comp_start
 .text.nrf_gpio_pin_port_decode
                0x0000a7f0       0x1c modules/hal_nordic/nrfx/libmodules__hal_nordic__nrfx.a(nrfx_gpiote.c.obj)
 .text.nrfx_gpiote_init
                0x0000a80c       0x98 modules/hal_nordic/nrfx/libmodules__hal_nordic__nrfx.a(nrfx_gpiote.c.obj)
                0x0000a80c                nrfx_gpiote_init
 .text.nrfx_gpiote_channel_free
                0x0000a8a4       0x44 modules/hal_nordic/nrfx/libmodules__hal_nordic__nrfx.a(nrfx_gpiote.c.obj)
                0x0000a8a4                nrfx_gpiote_channel_free
 .text.nrfx_gpiote_channel_alloc
                0x0000a8e8       0x70 modules/hal_nordic/nrfx/libmodules__hal_nordic__nrfx.a(nrfx_gpiote.c.obj)
                0x0000a8e8                nrfx_gpiote_channel_alloc
 .text.gpiote_out_init
                0x0000a958      0x100 modules/hal_nordic/nrfx/libmodules__hal_nordic__nrfx.a(nrfx_gpiote.c.obj)
 .text.nrfx_gpiote_out_task_enable
                0x0000aa58       0x24 modules/hal_nordic/nrfx/libmodules__hal_nordic__nrfx.a(nrfx_gpiote.c.obj)
                0x0000aa58                nrfx_gpiote_out_task_enable
 .text.nrfx_gpiote_set_task_get
                0x0000aa7c       0x18 modules/hal_nordic/nrfx/libmodules__hal_nordic__nrfx.a(nrfx_gpiote.c.obj)
                0x0000aa7c                nrfx_gpiote_set_task_get
 .text.nrfx_gpiote_clr_task_get
                0x0000aa94       0x18 modules/hal_nordic/nrfx/libmodules__hal_nordic__nrfx.a(nrfx_gpiote.c.obj)
                0x0000aa94                nrfx_gpiote_clr_task_get
 .text.nrfx_ppi_channel_alloc
                0x0000aaac       0x68 modules/hal_nordic/nrfx/libmodules__hal_nordic__nrfx.a(nrfx_ppi.c.obj)
                0x0000aaac                nrfx_ppi_channel_alloc
 .text.nrfx_ppi_channel_enable
                0x0000ab14       0x34 modules/hal_nordic/nrfx/libmodules__hal_nordic__nrfx.a(nrfx_ppi.c.obj)
                0x0000ab14                nrfx_ppi_channel_enable
 .text.nrf_gpio_pin_port_decode
                0x0000ab48       0x1c modules/hal_nordic/nrfx/libmodules__hal_nordic__nrfx.a(nrfx_spi.c.obj)
 .text.nrfx_spi_init
                0x0000ab64      0x144 modules/hal_nordic/nrfx/libmodules__hal_nordic__nrfx.a(nrfx_spi.c.obj)
                0x0000ab64                nrfx_spi_init
 .text.nrfx_spi_uninit
                0x0000aca8       0x64 modules/hal_nordic/nrfx/libmodules__hal_nordic__nrfx.a(nrfx_spi.c.obj)
                0x0000aca8                nrfx_spi_uninit
 .text.nrfx_spi_xfer
                0x0000ad0c       0xfc modules/hal_nordic/nrfx/libmodules__hal_nordic__nrfx.a(nrfx_spi.c.obj)
                0x0000ad0c                nrfx_spi_xfer
 .text.nrfx_spi_1_irq_handler
                0x0000ae08       0x40 modules/hal_nordic/nrfx/libmodules__hal_nordic__nrfx.a(nrfx_spi.c.obj)
                0x0000ae08                nrfx_spi_1_irq_handler
 .text.z_sys_init_run_level
                0x0000ae48       0x40 zephyr/kernel/libkernel.a(device.c.obj)
                0x0000ae48                z_sys_init_run_level
 .text.z_impl_device_get_binding
                0x0000ae88       0x58 zephyr/kernel/libkernel.a(device.c.obj)
                0x0000ae88                z_impl_device_get_binding
 .text.z_impl_z_errno
                0x0000aee0        0xc zephyr/kernel/libkernel.a(errno.c.obj)
                0x0000aee0                z_impl_z_errno
 .text.z_fatal_error
                0x0000aeec       0xbc zephyr/kernel/libkernel.a(fatal.c.obj)
                0x0000aeec                z_fatal_error
 .text.init_idle_thread
                0x0000afa8       0x58 zephyr/kernel/libkernel.a(init.c.obj)
 .text.bg_thread_main
                0x0000b000       0x34 zephyr/kernel/libkernel.a(init.c.obj)
 .text.z_bss_zero
                0x0000b034       0x14 zephyr/kernel/libkernel.a(init.c.obj)
                0x0000b034                z_bss_zero
 .text.z_cstart
                0x0000b048       0xe8 zephyr/kernel/libkernel.a(init.c.obj)
                0x0000b048                z_cstart
 .text.init_mem_slab_module
                0x0000b130       0x44 zephyr/kernel/libkernel.a(mem_slab.c.obj)
 .text.k_mem_slab_alloc
                0x0000b174       0x60 zephyr/kernel/libkernel.a(mem_slab.c.obj)
                0x0000b174                k_mem_slab_alloc
 .text.z_setup_new_thread
                0x0000b1d4       0x64 zephyr/kernel/libkernel.a(thread.c.obj)
                0x0000b1d4                z_setup_new_thread
 .text.z_impl_k_thread_create
                0x0000b238       0x58 zephyr/kernel/libkernel.a(thread.c.obj)
                0x0000b238                z_impl_k_thread_create
 .text.z_init_static_threads
                0x0000b290       0xbc zephyr/kernel/libkernel.a(thread.c.obj)
                0x0000b290                z_init_static_threads
 .text.idle     0x0000b34c       0x2c zephyr/kernel/libkernel.a(idle.c.obj)
                0x0000b34c                idle
 .text.z_impl_k_mutex_lock
                0x0000b378       0xfc zephyr/kernel/libkernel.a(mutex.c.obj)
                0x0000b378                z_impl_k_mutex_lock
 .text.z_impl_k_mutex_unlock
                0x0000b474       0x8c zephyr/kernel/libkernel.a(mutex.c.obj)
                0x0000b474                z_impl_k_mutex_unlock
 .text.z_impl_k_sem_give
                0x0000b500       0x4c zephyr/kernel/libkernel.a(sem.c.obj)
                0x0000b500                z_impl_k_sem_give
 .text.z_impl_k_sem_take
                0x0000b54c       0x54 zephyr/kernel/libkernel.a(sem.c.obj)
                0x0000b54c                z_impl_k_sem_take
 .text.work_queue_main
                0x0000b5a0      0x13c zephyr/kernel/libkernel.a(work.c.obj)
 .text.submit_to_queue_locked
                0x0000b6dc       0xa0 zephyr/kernel/libkernel.a(work.c.obj)
 .text.k_work_submit
                0x0000b77c        0xc zephyr/kernel/libkernel.a(work.c.obj)
                0x0000b77c                k_work_submit
 .text.k_work_queue_start
                0x0000b788       0x70 zephyr/kernel/libkernel.a(work.c.obj)
                0x0000b788                k_work_queue_start
 .text.z_reset_time_slice
                0x0000b7f8       0x2c zephyr/kernel/libkernel.a(sched.c.obj)
                0x0000b7f8                z_reset_time_slice
 .text.k_sched_time_slice_set
                0x0000b824       0x64 zephyr/kernel/libkernel.a(sched.c.obj)
                0x0000b824                k_sched_time_slice_set
 .text.z_reschedule
                0x0000b888       0x24 zephyr/kernel/libkernel.a(sched.c.obj)
                0x0000b888                z_reschedule
 .text.k_sched_lock
                0x0000b8ac       0x28 zephyr/kernel/libkernel.a(sched.c.obj)
                0x0000b8ac                k_sched_lock
 .text.update_cache
                0x0000b8d4       0x40 zephyr/kernel/libkernel.a(sched.c.obj)
 .text.move_thread_to_end_of_prio_q
                0x0000b914       0x7c zephyr/kernel/libkernel.a(sched.c.obj)
 .text.z_time_slice
                0x0000b990       0x84 zephyr/kernel/libkernel.a(sched.c.obj)
                0x0000b990                z_time_slice
 .text.ready_thread
                0x0000ba14       0x70 zephyr/kernel/libkernel.a(sched.c.obj)
 .text.z_sched_start
                0x0000ba84       0x3c zephyr/kernel/libkernel.a(sched.c.obj)
                0x0000ba84                z_sched_start
 .text.unready_thread
                0x0000bac0       0x30 zephyr/kernel/libkernel.a(sched.c.obj)
 .text.pend     0x0000baf0       0x4c zephyr/kernel/libkernel.a(sched.c.obj)
 .text.z_pend_curr
                0x0000bb3c       0x28 zephyr/kernel/libkernel.a(sched.c.obj)
                0x0000bb3c                z_pend_curr
 .text.z_set_prio
                0x0000bb64       0x98 zephyr/kernel/libkernel.a(sched.c.obj)
                0x0000bb64                z_set_prio
 .text.z_impl_k_thread_suspend
                0x0000bbfc       0x64 zephyr/kernel/libkernel.a(sched.c.obj)
                0x0000bbfc                z_impl_k_thread_suspend
 .text.k_sched_unlock
                0x0000bc60       0x38 zephyr/kernel/libkernel.a(sched.c.obj)
                0x0000bc60                k_sched_unlock
 .text.z_sched_init
                0x0000bc98       0x18 zephyr/kernel/libkernel.a(sched.c.obj)
                0x0000bc98                z_sched_init
 .text.z_impl_k_yield
                0x0000bcb0       0x84 zephyr/kernel/libkernel.a(sched.c.obj)
                0x0000bcb0                z_impl_k_yield
 .text.z_tick_sleep
                0x0000bd34       0x98 zephyr/kernel/libkernel.a(sched.c.obj)
 .text.z_impl_k_sleep
                0x0000bdcc       0x34 zephyr/kernel/libkernel.a(sched.c.obj)
                0x0000bdcc                z_impl_k_sleep
 .text.z_impl_z_current_get
                0x0000be00        0xc zephyr/kernel/libkernel.a(sched.c.obj)
                0x0000be00                z_impl_z_current_get
 .text.z_impl_k_is_preempt_thread
                0x0000be0c       0x20 zephyr/kernel/libkernel.a(sched.c.obj)
                0x0000be0c                z_impl_k_is_preempt_thread
 .text.z_thread_abort
                0x0000be2c       0xa4 zephyr/kernel/libkernel.a(sched.c.obj)
                0x0000be2c                z_thread_abort
 .text.z_sched_wait
                0x0000bed0       0x24 zephyr/kernel/libkernel.a(sched.c.obj)
                0x0000bed0                z_sched_wait
 .text.z_data_copy
                0x0000bef4       0x34 zephyr/kernel/libkernel.a(xip.c.obj)
                0x0000bef4                z_data_copy
 .text.elapsed  0x0000bf28       0x14 zephyr/kernel/libkernel.a(timeout.c.obj)
 .text.remove_timeout
                0x0000bf3c       0x34 zephyr/kernel/libkernel.a(timeout.c.obj)
 .text.next_timeout
                0x0000bf70       0x58 zephyr/kernel/libkernel.a(timeout.c.obj)
 .text.z_add_timeout
                0x0000bfc8      0x110 zephyr/kernel/libkernel.a(timeout.c.obj)
                0x0000bfc8                z_add_timeout
 .text.sys_clock_announce
                0x0000c0d8       0xd8 zephyr/kernel/libkernel.a(timeout.c.obj)
                0x0000c0d8                sys_clock_announce
 .text.sys_clock_tick_get
                0x0000c1b0       0x34 zephyr/kernel/libkernel.a(timeout.c.obj)
                0x0000c1b0                sys_clock_tick_get
 .text.z_timer_expiration_handler
                0x0000c1e4       0x78 zephyr/kernel/libkernel.a(timer.c.obj)
                0x0000c1e4                z_timer_expiration_handler
 .text.z_impl_k_timer_start
                0x0000c25c       0xc0 zephyr/kernel/libkernel.a(timer.c.obj)
                0x0000c25c                z_impl_k_timer_start
 .text.z_impl_k_poll
                0x0000c31c       0xb8 zephyr/kernel/libkernel.a(poll.c.obj)
                0x0000c31c                z_impl_k_poll
 .text.z_impl_k_poll_signal_raise
                0x0000c3d4       0x50 zephyr/kernel/libkernel.a(poll.c.obj)
                0x0000c3d4                z_impl_k_poll_signal_raise
 .text.boot_banner
                0x0000c424       0x18 zephyr/kernel/libkernel.a(banner.c.obj)
                0x0000c424                boot_banner
 .text.statics_init
                0x0000c43c       0x24 zephyr/kernel/libkernel.a(kheap.c.obj)
 .text.k_sys_work_q_init
                0x0000c460       0x34 zephyr/kernel/libkernel.a(system_work_q.c.obj)
 .text.nrf_cc3xx_platform_init_no_rng
                0x0000c494       0x38 C:/Users/raffa/Github/ncs/nrfxlib/crypto/nrf_cc310_platform/lib/cortex-m4/soft-float/no-interrupts/libnrf_cc310_platform_0.9.12.a(nrf_cc3xx_platform.c.obj)
                0x0000c494                nrf_cc3xx_platform_init_no_rng
 .text.nrf_cc3xx_platform_abort
                0x0000c4cc       0x24 C:/Users/raffa/Github/ncs/nrfxlib/crypto/nrf_cc310_platform/lib/cortex-m4/soft-float/no-interrupts/libnrf_cc310_platform_0.9.12.a(nrf_cc3xx_platform_abort.c.obj)
 .text.CC_PalAbort
                0x0000c4f0       0x40 C:/Users/raffa/Github/ncs/nrfxlib/crypto/nrf_cc310_platform/lib/cortex-m4/soft-float/no-interrupts/libnrf_cc310_platform_0.9.12.a(nrf_cc3xx_platform_abort.c.obj)
                0x0000c4f0                CC_PalAbort
 .text.nrf_cc3xx_platform_set_abort
                0x0000c530       0x10 C:/Users/raffa/Github/ncs/nrfxlib/crypto/nrf_cc310_platform/lib/cortex-m4/soft-float/no-interrupts/libnrf_cc310_platform_0.9.12.a(nrf_cc3xx_platform_abort.c.obj)
                0x0000c530                nrf_cc3xx_platform_set_abort
 .text.mutex_free
                0x0000c540       0x28 C:/Users/raffa/Github/ncs/nrfxlib/crypto/nrf_cc310_platform/lib/cortex-m4/soft-float/no-interrupts/libnrf_cc310_platform_0.9.12.a(nrf_cc3xx_platform_mutex.c.obj)
 .text.mutex_unlock
                0x0000c568       0x2c C:/Users/raffa/Github/ncs/nrfxlib/crypto/nrf_cc310_platform/lib/cortex-m4/soft-float/no-interrupts/libnrf_cc310_platform_0.9.12.a(nrf_cc3xx_platform_mutex.c.obj)
 .text.mutex_init
                0x0000c594       0x1c C:/Users/raffa/Github/ncs/nrfxlib/crypto/nrf_cc310_platform/lib/cortex-m4/soft-float/no-interrupts/libnrf_cc310_platform_0.9.12.a(nrf_cc3xx_platform_mutex.c.obj)
 .text.mutex_lock
                0x0000c5b0       0x44 C:/Users/raffa/Github/ncs/nrfxlib/crypto/nrf_cc310_platform/lib/cortex-m4/soft-float/no-interrupts/libnrf_cc310_platform_0.9.12.a(nrf_cc3xx_platform_mutex.c.obj)
 .text.nrf_cc3xx_platform_set_mutexes
                0x0000c5f4       0x60 C:/Users/raffa/Github/ncs/nrfxlib/crypto/nrf_cc310_platform/lib/cortex-m4/soft-float/no-interrupts/libnrf_cc310_platform_0.9.12.a(nrf_cc3xx_platform_mutex.c.obj)
                0x0000c5f4                nrf_cc3xx_platform_set_mutexes
 .text.CC_LibInitNoRng
                0x0000c654       0x6c C:/Users/raffa/Github/ncs/nrfxlib/crypto/nrf_cc310_platform/lib/cortex-m4/soft-float/no-interrupts/libnrf_cc310_platform_0.9.12.a(cc_lib.c.obj)
                0x0000c654                CC_LibInitNoRng
 .text.CC_HalInit
                0x0000c6c0        0x4 C:/Users/raffa/Github/ncs/nrfxlib/crypto/nrf_cc310_platform/lib/cortex-m4/soft-float/no-interrupts/libnrf_cc310_platform_0.9.12.a(cc_hal.c.obj)
                0x0000c6c0                CC_HalInit
 .text.CC_HalTerminate
                0x0000c6c4        0x4 C:/Users/raffa/Github/ncs/nrfxlib/crypto/nrf_cc310_platform/lib/cortex-m4/soft-float/no-interrupts/libnrf_cc310_platform_0.9.12.a(cc_hal.c.obj)
                0x0000c6c4                CC_HalTerminate
 .text.CC_HalMaskInterrupt
                0x0000c6c8        0xc C:/Users/raffa/Github/ncs/nrfxlib/crypto/nrf_cc310_platform/lib/cortex-m4/soft-float/no-interrupts/libnrf_cc310_platform_0.9.12.a(cc_hal.c.obj)
                0x0000c6c8                CC_HalMaskInterrupt
 .text.CC_PalInit
                0x0000c6d4       0x5c C:/Users/raffa/Github/ncs/nrfxlib/crypto/nrf_cc310_platform/lib/cortex-m4/soft-float/no-interrupts/libnrf_cc310_platform_0.9.12.a(cc_pal.c.obj)
                0x0000c6d4                CC_PalInit
 .text.CC_PalTerminate
                0x0000c730       0x34 C:/Users/raffa/Github/ncs/nrfxlib/crypto/nrf_cc310_platform/lib/cortex-m4/soft-float/no-interrupts/libnrf_cc310_platform_0.9.12.a(cc_pal.c.obj)
                0x0000c730                CC_PalTerminate
 .text.CC_PalDmaInit
                0x0000c764        0x4 C:/Users/raffa/Github/ncs/nrfxlib/crypto/nrf_cc310_platform/lib/cortex-m4/soft-float/no-interrupts/libnrf_cc310_platform_0.9.12.a(cc_pal_dma.c.obj)
                0x0000c764                CC_PalDmaInit
 .text.CC_PalDmaTerminate
                0x0000c768        0x4 C:/Users/raffa/Github/ncs/nrfxlib/crypto/nrf_cc310_platform/lib/cortex-m4/soft-float/no-interrupts/libnrf_cc310_platform_0.9.12.a(cc_pal_dma.c.obj)
                0x0000c768                CC_PalDmaTerminate
 .text.CC_PalMutexCreate
                0x0000c76c       0x14 C:/Users/raffa/Github/ncs/nrfxlib/crypto/nrf_cc310_platform/lib/cortex-m4/soft-float/no-interrupts/libnrf_cc310_platform_0.9.12.a(cc_pal_mutex.c.obj)
                0x0000c76c                CC_PalMutexCreate
 .text.CC_PalMutexDestroy
                0x0000c780       0x14 C:/Users/raffa/Github/ncs/nrfxlib/crypto/nrf_cc310_platform/lib/cortex-m4/soft-float/no-interrupts/libnrf_cc310_platform_0.9.12.a(cc_pal_mutex.c.obj)
                0x0000c780                CC_PalMutexDestroy
 .text.CC_PalPowerSaveModeInit
                0x0000c794       0x3c C:/Users/raffa/Github/ncs/nrfxlib/crypto/nrf_cc310_platform/lib/cortex-m4/soft-float/no-interrupts/libnrf_cc310_platform_0.9.12.a(cc_pal_pm.c.obj)
                0x0000c794                CC_PalPowerSaveModeInit
 .text.CC_PalPowerSaveModeSelect
                0x0000c7d0       0x84 C:/Users/raffa/Github/ncs/nrfxlib/crypto/nrf_cc310_platform/lib/cortex-m4/soft-float/no-interrupts/libnrf_cc310_platform_0.9.12.a(cc_pal_pm.c.obj)
                0x0000c7d0                CC_PalPowerSaveModeSelect
 .text.calloc   0x0000c854       0x10 c:/gnuarmemb/opt/arm-none-eabi/lib/thumb/v7e-m/nofp\libc_nano.a(lib_a-calloc.o)
                0x0000c854                calloc
 .text.malloc   0x0000c864       0x10 c:/gnuarmemb/opt/arm-none-eabi/lib/thumb/v7e-m/nofp\libc_nano.a(lib_a-malloc.o)
                0x0000c864                malloc
 .text.free     0x0000c874       0x10 c:/gnuarmemb/opt/arm-none-eabi/lib/thumb/v7e-m/nofp\libc_nano.a(lib_a-malloc.o)
                0x0000c874                free
 .text._free_r  0x0000c884       0x9c c:/gnuarmemb/opt/arm-none-eabi/lib/thumb/v7e-m/nofp\libc_nano.a(lib_a-nano-freer.o)
                0x0000c884                _free_r
 .text._malloc_r
                0x0000c920       0xb4 c:/gnuarmemb/opt/arm-none-eabi/lib/thumb/v7e-m/nofp\libc_nano.a(lib_a-nano-mallocr.o)
                0x0000c920                _malloc_r
 .text.realloc  0x0000c9d4       0x10 c:/gnuarmemb/opt/arm-none-eabi/lib/thumb/v7e-m/nofp\libc_nano.a(lib_a-realloc.o)
                0x0000c9d4                realloc
 .text._sbrk_r  0x0000c9e4       0x20 c:/gnuarmemb/opt/arm-none-eabi/lib/thumb/v7e-m/nofp\libc_nano.a(lib_a-sbrkr.o)
                0x0000c9e4                _sbrk_r
 .text.sscanf   0x0000ca04       0x54 c:/gnuarmemb/opt/arm-none-eabi/lib/thumb/v7e-m/nofp\libc_nano.a(lib_a-sscanf.o)
                0x0000ca04                siscanf
                0x0000ca04                sscanf
 .text.vsnprintf
                0x0000ca58       0x1c c:/gnuarmemb/opt/arm-none-eabi/lib/thumb/v7e-m/nofp\libc_nano.a(lib_a-vsnprintf.o)
                0x0000ca58                vsniprintf
                0x0000ca58                vsnprintf
 .text._vsprintf_r
                0x0000ca74       0x2c c:/gnuarmemb/opt/arm-none-eabi/lib/thumb/v7e-m/nofp\libc_nano.a(lib_a-vsprintf.o)
                0x0000ca74                _vsprintf_r
                0x0000ca74                _vsiprintf_r
 .text.vsprintf
                0x0000caa0       0x14 c:/gnuarmemb/opt/arm-none-eabi/lib/thumb/v7e-m/nofp\libc_nano.a(lib_a-vsprintf.o)
                0x0000caa0                vsiprintf
                0x0000caa0                vsprintf
 .text.__malloc_lock
                0x0000cab4        0xc c:/gnuarmemb/opt/arm-none-eabi/lib/thumb/v7e-m/nofp\libc_nano.a(lib_a-mlock.o)
                0x0000cab4                __malloc_lock
 .text.__malloc_unlock
                0x0000cac0        0xc c:/gnuarmemb/opt/arm-none-eabi/lib/thumb/v7e-m/nofp\libc_nano.a(lib_a-mlock.o)
                0x0000cac0                __malloc_unlock
 .text._svfprintf_r
                0x0000cacc      0x200 c:/gnuarmemb/opt/arm-none-eabi/lib/thumb/v7e-m/nofp\libc_nano.a(lib_a-nano-svfprintf.o)
                0x0000cacc                _svfiprintf_r
                0x0000cacc                _svfprintf_r
 .text.__ssvfscanf_r
                0x0000cccc      0x2f0 c:/gnuarmemb/opt/arm-none-eabi/lib/thumb/v7e-m/nofp\libc_nano.a(lib_a-nano-svfscanf.o)
                0x0000cccc                __ssvfiscanf_r
                0x0000cccc                __ssvfscanf_r
 .text._printf_i
                0x0000cfbc      0x24c c:/gnuarmemb/opt/arm-none-eabi/lib/thumb/v7e-m/nofp\libc_nano.a(lib_a-nano-vfprintf_i.o)
                0x0000cfbc                _printf_i
 .text._scanf_chars
                0x0000d208       0xb0 c:/gnuarmemb/opt/arm-none-eabi/lib/thumb/v7e-m/nofp\libc_nano.a(lib_a-nano-vfscanf_i.o)
                0x0000d208                _scanf_chars
 .text._scanf_i
                0x0000d2b8      0x1e8 c:/gnuarmemb/opt/arm-none-eabi/lib/thumb/v7e-m/nofp\libc_nano.a(lib_a-nano-vfscanf_i.o)
                0x0000d2b8                _scanf_i
 .text._strtol_l.isra.0
                0x0000d4a0       0xf4 c:/gnuarmemb/opt/arm-none-eabi/lib/thumb/v7e-m/nofp\libc_nano.a(lib_a-strtol.o)
 .text._strtoul_l.isra.0
                0x0000d594       0xf8 c:/gnuarmemb/opt/arm-none-eabi/lib/thumb/v7e-m/nofp\libc_nano.a(lib_a-strtoul.o)
 .text._OffsetAbsSyms
                0x0000d68c        0x2 zephyr/CMakeFiles/offsets.dir/./arch/arm/core/offsets/offsets.c.obj
                0x0000d68c                _OffsetAbsSyms
 .text.svr_getAttributeAccess
                0x0000d68e        0x4 app/libapp.a(main.c.obj)
                0x0000d68e                svr_getAttributeAccess
 .text.svr_getMethodAccess
                0x0000d692        0x4 app/libapp.a(main.c.obj)
                0x0000d692                svr_getMethodAccess
 .text.svr_connected
                0x0000d696        0x4 app/libapp.a(main.c.obj)
                0x0000d696                svr_connected
 .text.svr_isTarget
                0x0000d69a        0x4 app/libapp.a(main.c.obj)
                0x0000d69a                svr_isTarget
 .text.ba_init  0x0000d69e        0x8 app/libapp.a(bitarray.c.obj)
                0x0000d69e                ba_init
 .text.ba_attach
                0x0000d6a6       0x10 app/libapp.a(bitarray.c.obj)
                0x0000d6a6                ba_attach
 .text.ba_capacity
                0x0000d6b6       0x52 app/libapp.a(bitarray.c.obj)
                0x0000d6b6                ba_capacity
 .text.ba_setByIndex
                0x0000d708       0x76 app/libapp.a(bitarray.c.obj)
                0x0000d708                ba_setByIndex
 .text.ba_clear
                0x0000d77e       0x16 app/libapp.a(bitarray.c.obj)
                0x0000d77e                ba_clear
 .text.ba_copy  0x0000d794       0x34 app/libapp.a(bitarray.c.obj)
                0x0000d794                ba_copy
 .text.ba_getByIndex
                0x0000d7c8       0x4c app/libapp.a(bitarray.c.obj)
                0x0000d7c8                ba_getByIndex
 .text.ba_toInteger
                0x0000d814       0x38 app/libapp.a(bitarray.c.obj)
                0x0000d814                ba_toInteger
 .text.ba_toString
                0x0000d84c       0x3e app/libapp.a(bitarray.c.obj)
                0x0000d84c                ba_toString
 .text.bb_isAttached
                0x0000d88a        0x8 app/libapp.a(bytebuffer.c.obj)
                0x0000d88a                bb_isAttached
 .text.bb_available
                0x0000d892        0xc app/libapp.a(bytebuffer.c.obj)
                0x0000d892                bb_available
 .text.bb_getCapacity
                0x0000d89e        0x8 app/libapp.a(bytebuffer.c.obj)
                0x0000d89e                bb_getCapacity
 .text.bb_size  0x0000d8a6        0x6 app/libapp.a(bytebuffer.c.obj)
                0x0000d8a6                bb_size
 .text.bb_init  0x0000d8ac        0xc app/libapp.a(bytebuffer.c.obj)
                0x0000d8ac                bb_init
 .text.bb_capacity
                0x0000d8b8       0x52 app/libapp.a(bytebuffer.c.obj)
                0x0000d8b8                bb_capacity
 .text.bb_allocate
                0x0000d90a       0x56 app/libapp.a(bytebuffer.c.obj)
                0x0000d90a                bb_allocate
 .text.bb_setUInt8ByIndex
                0x0000d960       0x1e app/libapp.a(bytebuffer.c.obj)
                0x0000d960                bb_setUInt8ByIndex
 .text.bb_setUInt8
                0x0000d97e       0x1e app/libapp.a(bytebuffer.c.obj)
                0x0000d97e                bb_setUInt8
 .text.bb_setUInt16ByIndex
                0x0000d99c       0x26 app/libapp.a(bytebuffer.c.obj)
                0x0000d99c                bb_setUInt16ByIndex
 .text.bb_setUInt16
                0x0000d9c2       0x16 app/libapp.a(bytebuffer.c.obj)
                0x0000d9c2                bb_setUInt16
 .text.bb_setUInt32ByIndex
                0x0000d9d8       0x2e app/libapp.a(bytebuffer.c.obj)
                0x0000d9d8                bb_setUInt32ByIndex
 .text.bb_setUInt32
                0x0000da06       0x16 app/libapp.a(bytebuffer.c.obj)
                0x0000da06                bb_setUInt32
 .text.bb_setUInt64
                0x0000da1c       0x64 app/libapp.a(bytebuffer.c.obj)
                0x0000da1c                bb_setUInt64
 .text.bb_setFloat
                0x0000da80       0x44 app/libapp.a(bytebuffer.c.obj)
                0x0000da80                bb_setFloat
 .text.bb_setDouble
                0x0000dac4       0x74 app/libapp.a(bytebuffer.c.obj)
                0x0000dac4                bb_setDouble
 .text.bb_setInt8
                0x0000db38        0x4 app/libapp.a(bytebuffer.c.obj)
                0x0000db38                bb_setInt8
 .text.bb_setInt16
                0x0000db3c        0x6 app/libapp.a(bytebuffer.c.obj)
                0x0000db3c                bb_setInt16
 .text.bb_setInt32
                0x0000db42        0x4 app/libapp.a(bytebuffer.c.obj)
                0x0000db42                bb_setInt32
 .text.bb_setInt64
                0x0000db46        0x4 app/libapp.a(bytebuffer.c.obj)
                0x0000db46                bb_setInt64
 .text.bb_set   0x0000db4a       0x2a app/libapp.a(bytebuffer.c.obj)
                0x0000db4a                bb_set
 .text.bb_addString.part.0
                0x0000db74       0x34 app/libapp.a(bytebuffer.c.obj)
 .text.bb_set2  0x0000dba8       0x38 app/libapp.a(bytebuffer.c.obj)
                0x0000dba8                bb_set2
 .text.bb_addString
                0x0000dbe0        0xa app/libapp.a(bytebuffer.c.obj)
                0x0000dbe0                bb_addString
 .text.bb_attach
                0x0000dbea       0x26 app/libapp.a(bytebuffer.c.obj)
                0x0000dbea                bb_attach
 .text.bb_attachString
                0x0000dc10       0x22 app/libapp.a(bytebuffer.c.obj)
                0x0000dc10                bb_attachString
 .text.bb_clear
                0x0000dc32       0x22 app/libapp.a(bytebuffer.c.obj)
                0x0000dc32                bb_clear
 .text.bb_empty
                0x0000dc54        0xa app/libapp.a(bytebuffer.c.obj)
                0x0000dc54                bb_empty
 .text.bb_getUInt8
                0x0000dc5e       0x1e app/libapp.a(bytebuffer.c.obj)
                0x0000dc5e                bb_getUInt8
 .text.bb_getInt8
                0x0000dc7c       0x1e app/libapp.a(bytebuffer.c.obj)
                0x0000dc7c                bb_getInt8
 .text.bb_getUInt8ByIndex
                0x0000dc9a       0x16 app/libapp.a(bytebuffer.c.obj)
                0x0000dc9a                bb_getUInt8ByIndex
 .text.bb_getUInt16
                0x0000dcb0       0x2a app/libapp.a(bytebuffer.c.obj)
                0x0000dcb0                bb_getUInt16
 .text.bb_getUInt32
                0x0000dcda       0x32 app/libapp.a(bytebuffer.c.obj)
                0x0000dcda                bb_getUInt32
 .text.bb_getInt16
                0x0000dd0c       0x2a app/libapp.a(bytebuffer.c.obj)
                0x0000dd0c                bb_getInt16
 .text.bb_getUInt24ByIndex
                0x0000dd36       0x2e app/libapp.a(bytebuffer.c.obj)
                0x0000dd36                bb_getUInt24ByIndex
 .text.bb_getUInt24
                0x0000dd64       0x14 app/libapp.a(bytebuffer.c.obj)
                0x0000dd64                bb_getUInt24
 .text.bb_getUInt32ByIndex
                0x0000dd78       0x2e app/libapp.a(bytebuffer.c.obj)
                0x0000dd78                bb_getUInt32ByIndex
 .text.bb_getInt32
                0x0000dda6       0x14 app/libapp.a(bytebuffer.c.obj)
                0x0000dda6                bb_getInt32
 .text.bb_getUInt64ByIndex
                0x0000ddba       0x48 app/libapp.a(bytebuffer.c.obj)
                0x0000ddba                bb_getUInt64ByIndex
 .text.bb_getInt64
                0x0000de02       0x16 app/libapp.a(bytebuffer.c.obj)
                0x0000de02                bb_getInt64
 .text.bb_getUInt64
                0x0000de18       0x16 app/libapp.a(bytebuffer.c.obj)
                0x0000de18                bb_getUInt64
 .text.bb_getFloat
                0x0000de2e       0x38 app/libapp.a(bytebuffer.c.obj)
                0x0000de2e                bb_getFloat
 .text.bb_getDouble
                0x0000de66       0x56 app/libapp.a(bytebuffer.c.obj)
                0x0000de66                bb_getDouble
 .text.bb_getUInt16ByIndex
                0x0000debc       0x22 app/libapp.a(bytebuffer.c.obj)
                0x0000debc                bb_getUInt16ByIndex
 .text.bb_addHexString
                0x0000dede       0x32 app/libapp.a(bytebuffer.c.obj)
                0x0000dede                bb_addHexString
 .text.bb_toHexString
                0x0000df10        0x8 app/libapp.a(bytebuffer.c.obj)
                0x0000df10                bb_toHexString
 .text.bb_addIntAsString2
                0x0000df18       0x20 app/libapp.a(bytebuffer.c.obj)
                0x0000df18                bb_addIntAsString2
 .text.bb_addIntAsString
                0x0000df38        0x6 app/libapp.a(bytebuffer.c.obj)
                0x0000df38                bb_addIntAsString
 .text.bb_move  0x0000df3e       0x62 app/libapp.a(bytebuffer.c.obj)
                0x0000df3e                bb_move
 .text.bb_insert
                0x0000dfa0       0x56 app/libapp.a(bytebuffer.c.obj)
                0x0000dfa0                bb_insert
 .text.bb_trim  0x0000dff6       0x26 app/libapp.a(bytebuffer.c.obj)
                0x0000dff6                bb_trim
 .text.bb_get   0x0000e01c       0x2e app/libapp.a(bytebuffer.c.obj)
                0x0000e01c                bb_get
 .text.cip_xor  0x0000e04a       0x1c app/libapp.a(ciphering.c.obj)
 .text.shift_right_block
                0x0000e066       0x7e app/libapp.a(ciphering.c.obj)
 .text.cip_inc32
                0x0000e0e4        0xc app/libapp.a(ciphering.c.obj)
 .text.cip_multiplyH
                0x0000e0f0       0x64 app/libapp.a(ciphering.c.obj)
 .text.cip_getGHash
                0x0000e154       0x90 app/libapp.a(ciphering.c.obj)
 .text.aes_gcm_ghash
                0x0000e1e4       0x70 app/libapp.a(ciphering.c.obj)
 .text.cip_clear
                0x0000e254       0x36 app/libapp.a(ciphering.c.obj)
                0x0000e254                cip_clear
 .text.cip_gctr.part.0
                0x0000e28a       0xa4 app/libapp.a(ciphering.c.obj)
 .text.aes_gcm_gctr.constprop.0
                0x0000e32e       0x2e app/libapp.a(ciphering.c.obj)
 .text.cosem_getObjectSize
                0x0000e35c       0xd8 app/libapp.a(cosem.c.obj)
                0x0000e35c                cosem_getObjectSize
 .text.cosem_setLogicalName
                0x0000e434        0xe app/libapp.a(cosem.c.obj)
                0x0000e434                cosem_setLogicalName
 .text.cosem_init2
                0x0000e442        0xa app/libapp.a(cosem.c.obj)
                0x0000e442                cosem_init2
 .text.cosem_getStructure
                0x0000e44c       0x32 app/libapp.a(cosem.c.obj)
                0x0000e44c                cosem_getStructure
 .text.cosem_checkStructure
                0x0000e47e       0x1c app/libapp.a(cosem.c.obj)
                0x0000e47e                cosem_checkStructure
 .text.cosem_checkArray2
                0x0000e49a       0x42 app/libapp.a(cosem.c.obj)
                0x0000e49a                cosem_checkArray2
 .text.cosem_checkArray
                0x0000e4dc        0x6 app/libapp.a(cosem.c.obj)
                0x0000e4dc                cosem_checkArray
 .text.cosem_getUInt8
                0x0000e4e2       0x28 app/libapp.a(cosem.c.obj)
                0x0000e4e2                cosem_getUInt8
 .text.cosem_getUInt16
                0x0000e50a       0x28 app/libapp.a(cosem.c.obj)
                0x0000e50a                cosem_getUInt16
 .text.cosem_setDateTimeAsOctetString
                0x0000e532       0x26 app/libapp.a(cosem.c.obj)
                0x0000e532                cosem_setDateTimeAsOctetString
 .text.cosem_setDateAsOctetString
                0x0000e558       0x26 app/libapp.a(cosem.c.obj)
                0x0000e558                cosem_setDateAsOctetString
 .text.cosem_setBitString
                0x0000e57e       0x98 app/libapp.a(cosem.c.obj)
                0x0000e57e                cosem_setBitString
 .text.cosem_setTimeAsOctetString
                0x0000e616       0x26 app/libapp.a(cosem.c.obj)
                0x0000e616                cosem_setTimeAsOctetString
 .text.cosem_setOctetString
                0x0000e63c       0x3c app/libapp.a(cosem.c.obj)
                0x0000e63c                cosem_setOctetString
 .text.cosem_setString
                0x0000e678       0x42 app/libapp.a(cosem.c.obj)
                0x0000e678                cosem_setString
 .text.cosem_setDateTime
                0x0000e6ba       0x1c app/libapp.a(cosem.c.obj)
                0x0000e6ba                cosem_setDateTime
 .text.cosem_setOctetString2
                0x0000e6d6       0x42 app/libapp.a(cosem.c.obj)
                0x0000e6d6                cosem_setOctetString2
 .text.cosem_setUInt8
                0x0000e718       0x1c app/libapp.a(cosem.c.obj)
                0x0000e718                cosem_setUInt8
 .text.cosem_setUInt16
                0x0000e734       0x1c app/libapp.a(cosem.c.obj)
                0x0000e734                cosem_setUInt16
 .text.cosem_setUInt32
                0x0000e750       0x1c app/libapp.a(cosem.c.obj)
                0x0000e750                cosem_setUInt32
 .text.cosem_setInt8
                0x0000e76c       0x1c app/libapp.a(cosem.c.obj)
                0x0000e76c                cosem_setInt8
 .text.cosem_setInt16
                0x0000e788       0x1c app/libapp.a(cosem.c.obj)
                0x0000e788                cosem_setInt16
 .text.cosem_setInt32
                0x0000e7a4       0x1c app/libapp.a(cosem.c.obj)
                0x0000e7a4                cosem_setInt32
 .text.cosem_setVariant
                0x0000e7c0        0xe app/libapp.a(cosem.c.obj)
                0x0000e7c0                cosem_setVariant
 .text.cosem_setStructure
                0x0000e7ce       0x1c app/libapp.a(cosem.c.obj)
                0x0000e7ce                cosem_setStructure
 .text.cosem_setArray
                0x0000e7ea       0x1c app/libapp.a(cosem.c.obj)
                0x0000e7ea                cosem_setArray
 .text.cosem_setEnum
                0x0000e806       0x1c app/libapp.a(cosem.c.obj)
                0x0000e806                cosem_setEnum
 .text.cosem_setBoolean
                0x0000e822       0x1c app/libapp.a(cosem.c.obj)
                0x0000e822                cosem_setBoolean
 .text.getSelectedColumns
                0x0000e83e       0xe4 app/libapp.a(cosem.c.obj)
                0x0000e83e                getSelectedColumns
 .text.cosem_getColumns
                0x0000e922       0xe6 app/libapp.a(cosem.c.obj)
                0x0000e922                cosem_getColumns
 .text.di_init  0x0000ea08        0xe app/libapp.a(datainfo.c.obj)
                0x0000ea08                di_init
 .text.time_getYears
                0x0000ea16        0x6 app/libapp.a(date.c.obj)
                0x0000ea16                time_getYears
 .text.time_getMonths
                0x0000ea1c        0x6 app/libapp.a(date.c.obj)
                0x0000ea1c                time_getMonths
 .text.time_getDays
                0x0000ea22        0x6 app/libapp.a(date.c.obj)
                0x0000ea22                time_getDays
 .text.time_getMinutes
                0x0000ea28       0x18 app/libapp.a(date.c.obj)
                0x0000ea28                time_getMinutes
 .text.time_getSeconds
                0x0000ea40       0x10 app/libapp.a(date.c.obj)
                0x0000ea40                time_getSeconds
 .text.time_addHours
                0x0000ea50        0xe app/libapp.a(date.c.obj)
                0x0000ea50                time_addHours
 .text.time_addMinutes
                0x0000ea5e        0xc app/libapp.a(date.c.obj)
                0x0000ea5e                time_addMinutes
 .text.time_addSeconds
                0x0000ea6a        0x8 app/libapp.a(date.c.obj)
                0x0000ea6a                time_addSeconds
 .text.time_initUnix
                0x0000ea72        0xa app/libapp.a(date.c.obj)
                0x0000ea72                time_initUnix
 .text.time_clear
                0x0000ea7c        0xa app/libapp.a(date.c.obj)
                0x0000ea7c                time_clear
 .text.date_isleap
                0x0000ea86       0x2c app/libapp.a(date.c.obj)
                0x0000ea86                date_isleap
 .text.date_daysInMonth
                0x0000eab2       0x2c app/libapp.a(date.c.obj)
                0x0000eab2                date_daysInMonth
 .text.time_copy
                0x0000eade       0x18 app/libapp.a(date.c.obj)
                0x0000eade                time_copy
 .text.time_dayOfWeek
                0x0000eaf6       0x5e app/libapp.a(date.c.obj)
                0x0000eaf6                time_dayOfWeek
 .text.time_compare
                0x0000eb54       0x1a app/libapp.a(date.c.obj)
                0x0000eb54                time_compare
 .text.time_toUTC
                0x0000eb6e       0x24 app/libapp.a(date.c.obj)
                0x0000eb6e                time_toUTC
 .text.dlms_useHdlc
                0x0000eb92       0x12 app/libapp.a(dlms.c.obj)
                0x0000eb92                dlms_useHdlc
 .text.dlms_getInvokeIDPriority
                0x0000eba4       0x30 app/libapp.a(dlms.c.obj)
                0x0000eba4                dlms_getInvokeIDPriority
 .text.dlms_setData
                0x0000ebd4       0x20 app/libapp.a(dlms.c.obj)
                0x0000ebd4                dlms_setData
 .text.getCount
                0x0000ebf4       0x36 app/libapp.a(dlms.c.obj)
                0x0000ebf4                getCount
 .text.getUInt32
                0x0000ec2a       0x30 app/libapp.a(dlms.c.obj)
                0x0000ec2a                getUInt32
 .text.getInt32
                0x0000ec5a       0x30 app/libapp.a(dlms.c.obj)
                0x0000ec5a                getInt32
 .text.getString
                0x0000ec8a       0x60 app/libapp.a(dlms.c.obj)
                0x0000ec8a                getString
 .text.getUtfString
                0x0000ecea       0x72 app/libapp.a(dlms.c.obj)
                0x0000ecea                getUtfString
 .text.getOctetString
                0x0000ed5c       0x5e app/libapp.a(dlms.c.obj)
                0x0000ed5c                getOctetString
 .text.getUInt8
                0x0000edba       0x38 app/libapp.a(dlms.c.obj)
                0x0000edba                getUInt8
 .text.getInt16
                0x0000edf2       0x38 app/libapp.a(dlms.c.obj)
                0x0000edf2                getInt16
 .text.getInt8  0x0000ee2a       0x38 app/libapp.a(dlms.c.obj)
                0x0000ee2a                getInt8
 .text.getUInt16
                0x0000ee62       0x38 app/libapp.a(dlms.c.obj)
                0x0000ee62                getUInt16
 .text.getInt64
                0x0000ee9a       0x38 app/libapp.a(dlms.c.obj)
                0x0000ee9a                getInt64
 .text.getUInt64
                0x0000eed2       0x38 app/libapp.a(dlms.c.obj)
                0x0000eed2                getUInt64
 .text.getEnum  0x0000ef0a       0x38 app/libapp.a(dlms.c.obj)
                0x0000ef0a                getEnum
 .text.getDouble
                0x0000ef42       0x38 app/libapp.a(dlms.c.obj)
                0x0000ef42                getDouble
 .text.getFloat
                0x0000ef7a       0x38 app/libapp.a(dlms.c.obj)
                0x0000ef7a                getFloat
 .text.getDateTime
                0x0000efb2      0x1d2 app/libapp.a(dlms.c.obj)
                0x0000efb2                getDateTime
 .text.getDataTypes
                0x0000f184      0x1a4 app/libapp.a(dlms.c.obj)
                0x0000f184                getDataTypes
 .text.dlms_getData
                0x0000f328      0x216 app/libapp.a(dlms.c.obj)
                0x0000f328                dlms_getData
 .text.getArray
                0x0000f53e       0xb8 app/libapp.a(dlms.c.obj)
                0x0000f53e                getArray
 .text.getCompactArrayItem
                0x0000f5f6       0xf2 app/libapp.a(dlms.c.obj)
                0x0000f5f6                getCompactArrayItem
 .text.getCompactArrayItem2
                0x0000f6e8       0x94 app/libapp.a(dlms.c.obj)
                0x0000f6e8                getCompactArrayItem2
 .text.getCompactArray
                0x0000f77c      0x234 app/libapp.a(dlms.c.obj)
                0x0000f77c                getCompactArray
 .text.dlms_getHDLCAddress
                0x0000f9b0       0xb2 app/libapp.a(dlms.c.obj)
                0x0000f9b0                dlms_getHDLCAddress
 .text.dlms_checkHdlcAddress
                0x0000fa62       0xb0 app/libapp.a(dlms.c.obj)
                0x0000fa62                dlms_checkHdlcAddress
 .text.dlms_getDataFromFrame
                0x0000fb12       0x4e app/libapp.a(dlms.c.obj)
                0x0000fb12                dlms_getDataFromFrame
 .text.dlms_getHdlcData
                0x0000fb60      0x332 app/libapp.a(dlms.c.obj)
                0x0000fb60                dlms_getHdlcData
 .text.dlms_checkWrapperAddress
                0x0000fe92       0x84 app/libapp.a(dlms.c.obj)
                0x0000fe92                dlms_checkWrapperAddress
 .text.dlms_getTcpData
                0x0000ff16       0x7e app/libapp.a(dlms.c.obj)
                0x0000ff16                dlms_getTcpData
 .text.dlms_getMBusData
                0x0000ff94       0xdc app/libapp.a(dlms.c.obj)
                0x0000ff94                dlms_getMBusData
 .text.dlms_getPlcData
                0x00010070      0x1c2 app/libapp.a(dlms.c.obj)
                0x00010070                dlms_getPlcData
 .text.dlms_getPlcHdlcData
                0x00010232      0x1c4 app/libapp.a(dlms.c.obj)
                0x00010232                dlms_getPlcHdlcData
 .text.dlms_getDataFromBlock
                0x000103f6       0x24 app/libapp.a(dlms.c.obj)
                0x000103f6                dlms_getDataFromBlock
 .text.dlms_verifyInvokeId
                0x0001041a       0x20 app/libapp.a(dlms.c.obj)
                0x0001041a                dlms_verifyInvokeId
 .text.dlms_handleGetResponse
                0x0001043a      0x150 app/libapp.a(dlms.c.obj)
                0x0001043a                dlms_handleGetResponse
 .text.handleWriteResponse
                0x0001058a       0x50 app/libapp.a(dlms.c.obj)
                0x0001058a                handleWriteResponse
 .text.dlms_getValueFromData
                0x000105da       0xe0 app/libapp.a(dlms.c.obj)
                0x000105da                dlms_getValueFromData
 .text.dlms_readResponseDataBlockResult
                0x000106ba       0xb0 app/libapp.a(dlms.c.obj)
                0x000106ba                dlms_readResponseDataBlockResult
 .text.dlms_handleReadResponse
                0x0001076a      0x174 app/libapp.a(dlms.c.obj)
                0x0001076a                dlms_handleReadResponse
 .text.dlms_handleMethodResponse
                0x000108de       0xaa app/libapp.a(dlms.c.obj)
                0x000108de                dlms_handleMethodResponse
 .text.dlms_handleSetResponse
                0x00010988       0x60 app/libapp.a(dlms.c.obj)
                0x00010988                dlms_handleSetResponse
 .text.dlms_changeType
                0x000109e8       0x5c app/libapp.a(dlms.c.obj)
                0x000109e8                dlms_changeType
 .text.dlms_changeType2
                0x00010a44       0x2e app/libapp.a(dlms.c.obj)
                0x00010a44                dlms_changeType2
 .text.dlms_handleDataNotification
                0x00010a72       0x8c app/libapp.a(dlms.c.obj)
                0x00010a72                dlms_handleDataNotification
 .text.dlms_handleConfirmedServiceError
                0x00010afe       0x42 app/libapp.a(dlms.c.obj)
                0x00010afe                dlms_handleConfirmedServiceError
 .text.dlms_handleExceptionResponse
                0x00010b40       0x44 app/libapp.a(dlms.c.obj)
                0x00010b40                dlms_handleExceptionResponse
 .text.dlms_handleGbt
                0x00010b84      0x106 app/libapp.a(dlms.c.obj)
                0x00010b84                dlms_handleGbt
 .text.dlms_handleGloDedResponse
                0x00010c8a       0xda app/libapp.a(dlms.c.obj)
                0x00010c8a                dlms_handleGloDedResponse
 .text.dlms_handleGeneralCiphering
                0x00010d64       0x6a app/libapp.a(dlms.c.obj)
                0x00010d64                dlms_handleGeneralCiphering
 .text.dlms_getData2
                0x00010dce       0xec app/libapp.a(dlms.c.obj)
                0x00010dce                dlms_getData2
 .text.dlms_isPduFull
                0x00010eba       0x3e app/libapp.a(dlms.c.obj)
                0x00010eba                dlms_isPduFull
 .text.resetBlockIndex
                0x00010ef8        0x8 app/libapp.a(dlmsSettings.c.obj)
                0x00010ef8                resetBlockIndex
 .text.resetFrameSequence
                0x00010f00       0x16 app/libapp.a(dlmsSettings.c.obj)
                0x00010f00                resetFrameSequence
 .text.cl_clear
                0x00010f16       0x86 app/libapp.a(dlmsSettings.c.obj)
                0x00010f16                cl_clear
 .text.increaseReceiverSequence
                0x00010f9c       0x14 app/libapp.a(dlmsSettings.c.obj)
                0x00010f9c                increaseReceiverSequence
 .text.increaseSendSequence
                0x00010fb0       0x10 app/libapp.a(dlmsSettings.c.obj)
                0x00010fb0                increaseSendSequence
 .text.checkFrame
                0x00010fc0       0x72 app/libapp.a(dlmsSettings.c.obj)
                0x00010fc0                checkFrame
 .text.arr_init
                0x00011032        0xa app/libapp.a(gxarray.c.obj)
                0x00011032                arr_init
 .text.arr_getCapacity
                0x0001103c        0x8 app/libapp.a(gxarray.c.obj)
                0x0001103c                arr_getCapacity
 .text.arr_capacity
                0x00011044       0x4c app/libapp.a(gxarray.c.obj)
                0x00011044                arr_capacity
 .text.arr_push
                0x00011090       0x2a app/libapp.a(gxarray.c.obj)
                0x00011090                arr_push
 .text.arr_clear
                0x000110ba       0x36 app/libapp.a(gxarray.c.obj)
                0x000110ba                arr_clear
 .text.arr_empty
                0x000110f0       0x1a app/libapp.a(gxarray.c.obj)
                0x000110f0                arr_empty
 .text.arr_getByIndex
                0x0001110a       0x22 app/libapp.a(gxarray.c.obj)
                0x0001110a                arr_getByIndex
 .text.arr_clearKeyValuePair
                0x0001112c       0x3c app/libapp.a(gxarray.c.obj)
                0x0001112c                arr_clearKeyValuePair
 .text.arr_clearStrings
                0x00011168       0x36 app/libapp.a(gxarray.c.obj)
                0x00011168                arr_clearStrings
 .text.cosem_getByteBuffer
                0x0001119e       0x30 app/libapp.a(gxget.c.obj)
                0x0001119e                cosem_getByteBuffer
 .text.cosem_getData
                0x000111ce       0x20 app/libapp.a(gxget.c.obj)
                0x000111ce                cosem_getData
 .text.cosem_getRegister
                0x000111ee       0x5a app/libapp.a(gxget.c.obj)
                0x000111ee                cosem_getRegister
 .text.cosem_getRegisterTable
                0x00011248       0x3a app/libapp.a(gxget.c.obj)
                0x00011248                cosem_getRegisterTable
 .text.cosem_getClock
                0x00011282       0x70 app/libapp.a(gxget.c.obj)
                0x00011282                cosem_getClock
 .text.cosem_getActionSchedule
                0x000112f2       0xc4 app/libapp.a(gxget.c.obj)
                0x000112f2                cosem_getActionSchedule
 .text.getActivityCalendarWeekProfileTable
                0x000113b6       0xa0 app/libapp.a(gxget.c.obj)
                0x000113b6                getActivityCalendarWeekProfileTable
 .text.getActivityCalendarSeasonProfile