Archive member included to satisfy reference by file (symbol)

app/libapp.a(bm_blemesh.c.obj)
                              (--whole-archive)
app/libapp.a(bm_blemesh_model_handler.c.obj)
                              (--whole-archive)
app/libapp.a(bm_simple_buttons_and_leds.c.obj)
                              (--whole-archive)
app/libapp.a(main.c.obj)      (--whole-archive)
app/libapp.a(sensirion_hw_i2c_implementation.c.obj)
                              (--whole-archive)
app/libapp.a(sensirion_common.c.obj)
                              (--whole-archive)
app/libapp.a(sht_git_version.c.obj)
                              (--whole-archive)
app/libapp.a(sht3x.c.obj)     (--whole-archive)
zephyr/libzephyr.a(cbprintf.c.obj)
                              (--whole-archive)
zephyr/libzephyr.a(crc32_sw.c.obj)
                              (--whole-archive)
zephyr/libzephyr.a(crc16_sw.c.obj)
                              (--whole-archive)
zephyr/libzephyr.a(crc8_sw.c.obj)
                              (--whole-archive)
zephyr/libzephyr.a(crc7_sw.c.obj)
                              (--whole-archive)
zephyr/libzephyr.a(dec.c.obj)
                              (--whole-archive)
zephyr/libzephyr.a(fdtable.c.obj)
                              (--whole-archive)
zephyr/libzephyr.a(hex.c.obj)
                              (--whole-archive)
zephyr/libzephyr.a(notify.c.obj)
                              (--whole-archive)
zephyr/libzephyr.a(printk.c.obj)
                              (--whole-archive)
zephyr/libzephyr.a(onoff.c.obj)
                              (--whole-archive)
zephyr/libzephyr.a(rb.c.obj)  (--whole-archive)
zephyr/libzephyr.a(sem.c.obj)
                              (--whole-archive)
zephyr/libzephyr.a(thread_entry.c.obj)
                              (--whole-archive)
zephyr/libzephyr.a(timeutil.c.obj)
                              (--whole-archive)
zephyr/libzephyr.a(work_q.c.obj)
                              (--whole-archive)
zephyr/libzephyr.a(heap.c.obj)
                              (--whole-archive)
zephyr/libzephyr.a(heap-validate.c.obj)
                              (--whole-archive)
zephyr/libzephyr.a(cbprintf_complete.c.obj)
                              (--whole-archive)
zephyr/libzephyr.a(assert.c.obj)
                              (--whole-archive)
zephyr/libzephyr.a(configs.c.obj)
                              (--whole-archive)
zephyr/libzephyr.a(validate_base_addresses.c.obj)
                              (--whole-archive)
zephyr/libzephyr.a(validate_enabled_instances.c.obj)
                              (--whole-archive)
zephyr/libzephyr.a(log_minimal.c.obj)
                              (--whole-archive)
zephyr/libzephyr.a(nvs.c.obj)
                              (--whole-archive)
zephyr/libzephyr.a(addr_utils.c.obj)
                              (--whole-archive)
zephyr/libzephyr.a(flash_map.c.obj)
                              (--whole-archive)
zephyr/libzephyr.a(flash_map_default.c.obj)
                              (--whole-archive)
zephyr/libzephyr.a(settings_store.c.obj)
                              (--whole-archive)
zephyr/libzephyr.a(settings.c.obj)
                              (--whole-archive)
zephyr/libzephyr.a(settings_init.c.obj)
                              (--whole-archive)
zephyr/libzephyr.a(settings_line.c.obj)
                              (--whole-archive)
zephyr/libzephyr.a(settings_nvs.c.obj)
                              (--whole-archive)
zephyr/libzephyr.a(power.c.obj)
                              (--whole-archive)
zephyr/libzephyr.a(pm_ctrl.c.obj)
                              (--whole-archive)
zephyr/libzephyr.a(reboot.c.obj)
                              (--whole-archive)
zephyr/libzephyr.a(policy_residency.c.obj)
                              (--whole-archive)
zephyr/libzephyr.a(clock_control_nrf.c.obj)
                              (--whole-archive)
zephyr/libzephyr.a(hwinfo_weak_impl.c.obj)
                              (--whole-archive)
zephyr/libzephyr.a(hwinfo_nrf.c.obj)
                              (--whole-archive)
zephyr/libzephyr.a(sys_clock_init.c.obj)
                              (--whole-archive)
zephyr/libzephyr.a(nrf_rtc_timer.c.obj)
                              (--whole-archive)
zephyr/libzephyr.a(nrf_cc3xx_platform_abort_zephyr.c.obj)
                              (--whole-archive)
zephyr/libzephyr.a(nrf_cc3xx_platform_mutex_zephyr.c.obj)
                              (--whole-archive)
zephyr/libzephyr.a(utils.c.obj)
                              (--whole-archive)
zephyr/libzephyr.a(ecc_dh.c.obj)
                              (--whole-archive)
zephyr/libzephyr.a(ecc.c.obj)
                              (--whole-archive)
zephyr/libzephyr.a(aes_decrypt.c.obj)
                              (--whole-archive)
zephyr/libzephyr.a(aes_encrypt.c.obj)
                              (--whole-archive)
zephyr/libzephyr.a(cmac_mode.c.obj)
                              (--whole-archive)
zephyr/arch/common/libarch__common.a(sw_isr_common.c.obj)
[...]
Memory Configuration

Name             Origin             Length             Attributes
FLASH            0x00001000         0x000ff000         xr
SRAM             0x20000000         0x00040000         xw
IDT_LIST         0x20040000         0x00000800         xw
*default*        0x00000000         0xffffffff

Linker script and memory map

LOAD zephyr/CMakeFiles/zephyr_final.dir/misc/empty_file.c.obj
LOAD zephyr/CMakeFiles/zephyr_final.dir/isr_tables.c.obj
                0x00000020                _region_min_align = 0x20

.rel.plt        0x00001000        0x0
 *(SORT_BY_ALIGNMENT(.rel.plt))
                [!provide]                PROVIDE (__rel_iplt_start = .)
 *(SORT_BY_ALIGNMENT(.rel.iplt))
 .rel.iplt      0x00001000        0x0 zephyr/CMakeFiles/zephyr_final.dir/isr_tables.c.obj
                [!provide]                PROVIDE (__rel_iplt_end = .)

.rela.plt       0x00000000        0x0
 *(SORT_BY_ALIGNMENT(.rela.plt))
                [!provide]                PROVIDE (__rela_iplt_start = .)
 *(SORT_BY_ALIGNMENT(.rela.iplt))
                [!provide]                PROVIDE (__rela_iplt_end = .)

.rel.dyn
 *(SORT_BY_ALIGNMENT(.rel.*))

.rela.dyn
 *(SORT_BY_ALIGNMENT(.rela.*))

/DISCARD/
 *(SORT_BY_ALIGNMENT(.plt))
 *(SORT_BY_ALIGNMENT(.iplt))
 *(SORT_BY_ALIGNMENT(.got.plt))
 *(SORT_BY_ALIGNMENT(.igot.plt))
 *(SORT_BY_ALIGNMENT(.got))
 *(SORT_BY_ALIGNMENT(.igot))
 *(SORT_BY_ALIGNMENT(.irq_info*))
 *(SORT_BY_ALIGNMENT(.intList*))
 *(SORT_BY_ALIGNMENT(.note.GNU-stack))
                0x00001000                _image_rom_start = 0x1000

rom_start       0x00001000      0x100
                0x00000000                . = 0x0
                0x00000000                . = ALIGN (0x4)
                0x00000000                . = ALIGN (0x80)
                0x00000000                . = ALIGN (0x100)
                0x00001000                _vector_start = .
 *(SORT_BY_ALIGNMENT(.exc_vector_table))
 *(SORT_BY_ALIGNMENT(.exc_vector_table.*))
 .exc_vector_table._vector_table_section
                0x00001000       0x40 zephyr/arch/arch/arm/core/aarch32/cortex_m/libarch__arm__core__aarch32__cortex_m.a(vector_table.S.obj)
                0x00001000                _vector_table
 *(SORT_BY_ALIGNMENT(.gnu.linkonce.irq_vector_table*))
 .gnu.linkonce.irq_vector_table*
                0x00001040       0xc0 zephyr/CMakeFiles/zephyr_final.dir/isr_tables.c.obj
                0x00001040                _irq_vector_table
 *(SORT_BY_ALIGNMENT(.vectors))
                0x00001100                _vector_end = .
 *(SORT_BY_ALIGNMENT(.openocd_dbg))
 *(SORT_BY_ALIGNMENT(.openocd_dbg.*))

text            0x00001100    0x2941c
                0x00001100                _image_text_start = .
 *(SORT_BY_ALIGNMENT(.text))
 .text          0x00001100      0x378 c:/gnuarmemb/bin/../lib/gcc/arm-none-eabi/8.3.1/thumb/v7e-m/nofp\libgcc.a(_arm_addsubdf3.o)
                0x00001100                __aeabi_drsub
                0x00001108                __aeabi_dsub
                0x00001108                __subdf3
                0x0000110c                __aeabi_dadd
                0x0000110c                __adddf3
                0x00001384                __floatunsidf
                0x00001384                __aeabi_ui2d
                0x000013a4                __floatsidf
                0x000013a4                __aeabi_i2d
                0x000013c8                __aeabi_f2d
                0x000013c8                __extendsfdf2
                0x0000140c                __floatundidf
                0x0000140c                __aeabi_ul2d
                0x0000141c                __floatdidf
                0x0000141c                __aeabi_l2d
 .text          0x00001478      0x424 c:/gnuarmemb/bin/../lib/gcc/arm-none-eabi/8.3.1/thumb/v7e-m/nofp\libgcc.a(_arm_muldivdf3.o)
                0x00001478                __aeabi_dmul
                0x00001478                __muldf3
                0x000016cc                __divdf3
                0x000016cc                __aeabi_ddiv
 .text          0x0000189c       0x50 c:/gnuarmemb/bin/../lib/gcc/arm-none-eabi/8.3.1/thumb/v7e-m/nofp\libgcc.a(_arm_fixdfsi.o)
                0x0000189c                __aeabi_d2iz
                0x0000189c                __fixdfsi
 .text          0x000018ec      0x21c c:/gnuarmemb/bin/../lib/gcc/arm-none-eabi/8.3.1/thumb/v7e-m/nofp\libgcc.a(_arm_addsubsf3.o)
                0x000018ec                __aeabi_frsub
                0x000018f4                __subsf3
                0x000018f4                __aeabi_fsub
                0x000018f8                __aeabi_fadd
                0x000018f8                __addsf3
                0x00001a58                __aeabi_ui2f
                0x00001a58                __floatunsisf
                0x00001a60                __aeabi_i2f
                0x00001a60                __floatsisf
                0x00001a7c                __aeabi_ul2f
                0x00001a7c                __floatundisf
                0x00001a8c                __aeabi_l2f
                0x00001a8c                __floatdisf
 .text          0x00001b08      0x2a0 c:/gnuarmemb/bin/../lib/gcc/arm-none-eabi/8.3.1/thumb/v7e-m/nofp\libgcc.a(_arm_muldivsf3.o)
                0x00001b08                __mulsf3
                0x00001b08                __aeabi_fmul
                0x00001c70                __aeabi_fdiv
                0x00001c70                __divsf3
 .text          0x00001da8       0xa0 c:/gnuarmemb/bin/../lib/gcc/arm-none-eabi/8.3.1/thumb/v7e-m/nofp\libgcc.a(_aeabi_ldivmod.o)
                0x00001da8                __aeabi_ldivmod
 .text          0x00001e48       0x30 c:/gnuarmemb/bin/../lib/gcc/arm-none-eabi/8.3.1/thumb/v7e-m/nofp\libgcc.a(_aeabi_uldivmod.o)
                0x00001e48                __aeabi_uldivmod
 .text          0x00001e78       0x28 c:/gnuarmemb/bin/../lib/gcc/arm-none-eabi/8.3.1/thumb/v7e-m/nofp\libgcc.a(_popcountsi2.o)
                0x00001e78                __popcountsi2
 .text          0x00001ea0      0x2d0 c:/gnuarmemb/bin/../lib/gcc/arm-none-eabi/8.3.1/thumb/v7e-m/nofp\libgcc.a(_udivmoddi4.o)
                0x00001ea0                __udivmoddi4
 .text          0x00002170        0x4 c:/gnuarmemb/bin/../lib/gcc/arm-none-eabi/8.3.1/thumb/v7e-m/nofp\libgcc.a(_dvmd_tls.o)
                0x00002170                __aeabi_idiv0
                0x00002170                __aeabi_ldiv0
 *(SORT_BY_ALIGNMENT(.text.*))
 *fill*         0x00002174        0x4 
 .text.doubleToSensorValue
                0x00002178       0x38 app/libapp.a(bm_blemesh_model_handler.c.obj)
                0x00002178                doubleToSensorValue
 .text.ull_drift_ticks_get
                0x000021b0       0x6c zephyr/subsys/bluetooth/controller/libsubsys__bluetooth__controller.a(ull.c.obj)
                0x000021b0                ull_drift_ticks_get
 *fill*         0x0000221c        0x4 
 .text.ll_adv_enable
                0x00002220      0x35c zephyr/subsys/bluetooth/controller/libsubsys__bluetooth__controller.a(ull_adv.c.obj)
                0x00002220                ll_adv_enable
 *fill*         0x0000257c        0x4 
 .text.ull_scan_enable
                0x00002580      0x120 zephyr/subsys/bluetooth/controller/libsubsys__bluetooth__controller.a(ull_scan.c.obj)
                0x00002580                ull_scan_enable
 .text.ll_scan_params_set
                0x000026a0       0x64 zephyr/subsys/bluetooth/controller/libsubsys__bluetooth__controller.a(ull_scan.c.obj)
                0x000026a0                ll_scan_params_set
 *fill*         0x00002704        0x4 
 .text.ull_conn_llcp
                0x00002708      0x974 zephyr/subsys/bluetooth/controller/libsubsys__bluetooth__controller.a(ull_conn.c.obj)
                0x00002708                ull_conn_llcp
 *fill*         0x0000307c        0x4 
 .text.ull_slave_setup
                0x00003080      0x2ec zephyr/subsys/bluetooth/controller/libsubsys__bluetooth__controller.a(ull_slave.c.obj)
                0x00003080                ull_slave_setup
 *fill*         0x0000336c        0x4 
 .text.nrf_flash_sync_exe
                0x00003370       0xf8 zephyr/drivers/flash/libdrivers__flash.a(soc_flash_nrf_ticker.c.obj)
                0x00003370                nrf_flash_sync_exe
 .text.nrf_flash_sync_check_time_limit
                0x00003468       0x48 zephyr/drivers/flash/libdrivers__flash.a(soc_flash_nrf_ticker.c.obj)
                0x00003468                nrf_flash_sync_check_time_limit
 .text.bt_mesh_sensor_delta_threshold
                0x000034b0       0x84 modules/nrf/subsys/bluetooth/mesh/lib..__nrf__subsys__bluetooth__mesh.a(sensor.c.obj)
                0x000034b0                bt_mesh_sensor_delta_threshold
 *fill*         0x00003534        0x4 
 .text.sensor_descriptor_encode
                0x00003538      0x104 modules/nrf/subsys/bluetooth/mesh/lib..__nrf__subsys__bluetooth__mesh.a(sensor.c.obj)
                0x00003538                sensor_descriptor_encode
 .text.prov_complete
                0x0000363c        0xc app/libapp.a(bm_blemesh.c.obj)
 .text.input_complete
                0x00003648        0xc app/libapp.a(bm_blemesh.c.obj)
 .text.input    0x00003654       0x10 app/libapp.a(bm_blemesh.c.obj)
 .text.output_string
                0x00003664       0x14 app/libapp.a(bm_blemesh.c.obj)
 .text.output_number
                0x00003678       0x28 app/libapp.a(bm_blemesh.c.obj)
 .text.bt_ready
                0x000036a0       0xbc app/libapp.a(bm_blemesh.c.obj)
 .text.bm_blemesh_enable
                0x0000375c       0x58 app/libapp.a(bm_blemesh.c.obj)
                0x0000375c                bm_blemesh_enable
 .text.attention_off
                0x000037b4        0xc app/libapp.a(bm_blemesh_model_handler.c.obj)
 .text.attention_on
                0x000037c0        0xc app/libapp.a(bm_blemesh_model_handler.c.obj)
 .text.temp_hum_get
                0x000037cc       0x70 app/libapp.a(bm_blemesh_model_handler.c.obj)
 .text.hum_get  0x0000383c       0x30 app/libapp.a(bm_blemesh_model_handler.c.obj)
 .text.temp_get
                0x0000386c       0x30 app/libapp.a(bm_blemesh_model_handler.c.obj)
 .text.bm_blemesh_model_handler_init
                0x0000389c       0x14 app/libapp.a(bm_blemesh_model_handler.c.obj)
                0x0000389c                bm_blemesh_model_handler_init
 .text.gpio_pin_configure
                0x000038b0       0x88 app/libapp.a(bm_simple_buttons_and_leds.c.obj)
 .text.bm_init_leds
                0x00003938       0xe8 app/libapp.a(bm_simple_buttons_and_leds.c.obj)
                0x00003938                bm_init_leds
 .text.main     0x00003a20       0x4c app/libapp.a(main.c.obj)
                0x00003a20                main
 .text.sensirion_i2c_select_bus
                0x00003a6c       0x40 app/libapp.a(sensirion_hw_i2c_implementation.c.obj)
                0x00003a6c                sensirion_i2c_select_bus
 .text.sensirion_i2c_read
                0x00003aac       0x28 app/libapp.a(sensirion_hw_i2c_implementation.c.obj)
                0x00003aac                sensirion_i2c_read
 .text.sensirion_i2c_write
                0x00003ad4       0x28 app/libapp.a(sensirion_hw_i2c_implementation.c.obj)
                0x00003ad4                sensirion_i2c_write
 .text.sht3x_measure
                0x00003afc       0x10 app/libapp.a(sht3x.c.obj)
                0x00003afc                sht3x_measure
 .text.crc8_ccitt
                0x00003b0c       0x2c zephyr/libzephyr.a(crc8_sw.c.obj)
                0x00003b0c                crc8_ccitt
 .text.sys_notify_finalize
                0x00003b38       0x58 zephyr/libzephyr.a(notify.c.obj)
                0x00003b38                sys_notify_finalize
 .text.char_out
                0x00003b90       0x10 zephyr/libzephyr.a(printk.c.obj)
 .text.vprintk  0x00003ba0       0x1c zephyr/libzephyr.a(printk.c.obj)
                0x00003ba0                vprintk
 .text.vsnprintk
                0x00003bbc       0x28 zephyr/libzephyr.a(printk.c.obj)
                0x00003bbc                vsnprintk
 .text.process_event
                0x00003be4      0x36c zephyr/libzephyr.a(onoff.c.obj)
 .text.transition_complete
                0x00003f50       0x54 zephyr/libzephyr.a(onoff.c.obj)
 .text.onoff_request
                0x00003fa4      0x104 zephyr/libzephyr.a(onoff.c.obj)
                0x00003fa4                onoff_request
 .text.onoff_release
                0x000040a8       0xb8 zephyr/libzephyr.a(onoff.c.obj)
                0x000040a8                onoff_release
 .text.z_work_q_main
                0x00004160       0x68 zephyr/libzephyr.a(work_q.c.obj)
                0x00004160                z_work_q_main
 .text.sys_heap_free
                0x000041c8       0x80 zephyr/libzephyr.a(heap.c.obj)
                0x000041c8                sys_heap_free
 .text.sys_heap_aligned_alloc
                0x00004248       0xe8 zephyr/libzephyr.a(heap.c.obj)
                0x00004248                sys_heap_aligned_alloc
 .text.sys_heap_init
                0x00004330      0x110 zephyr/libzephyr.a(heap.c.obj)
                0x00004330                sys_heap_init
 .text.cbvprintf
                0x00004440      0x6f4 zephyr/libzephyr.a(cbprintf_complete.c.obj)
                0x00004440                cbvprintf
 .text.nvs_recover_last_ate
                0x00004b34       0x5c zephyr/libzephyr.a(nvs.c.obj)
 .text.nvs_gc   0x00004b90      0x178 zephyr/libzephyr.a(nvs.c.obj)
 .text.nvs_init
                0x00004d08      0x26c zephyr/libzephyr.a(nvs.c.obj)
                0x00004d08                nvs_init
 .text.nvs_write
                0x00004f74      0x1b4 zephyr/libzephyr.a(nvs.c.obj)
                0x00004f74                nvs_write
 .text.nvs_read_hist
                0x00005128       0xb4 zephyr/libzephyr.a(nvs.c.obj)
                0x00005128                nvs_read_hist
 .text.get_flash_area_from_id
                0x000051dc       0x2c zephyr/libzephyr.a(flash_map.c.obj)
 .text.flash_area_open
                0x00005208       0x28 zephyr/libzephyr.a(flash_map.c.obj)
                0x00005208                flash_area_open
 .text.flash_area_get_sectors
                0x00005230       0x50 zephyr/libzephyr.a(flash_map.c.obj)
                0x00005230                flash_area_get_sectors
 .text.settings_save_one
                0x00005280       0x48 zephyr/libzephyr.a(settings_store.c.obj)
                0x00005280                settings_save_one
 .text.settings_src_register
                0x000052c8       0x1c zephyr/libzephyr.a(settings_store.c.obj)
                0x000052c8                settings_src_register
 .text.settings_dst_register
                0x000052e4        0xc zephyr/libzephyr.a(settings_store.c.obj)
                0x000052e4                settings_dst_register
 .text.settings_load_subtree
                0x000052f0       0x4c zephyr/libzephyr.a(settings_store.c.obj)
                0x000052f0                settings_load_subtree
 .text.settings_load_subtree_direct
                0x0000533c       0x40 zephyr/libzephyr.a(settings_store.c.obj)
                0x0000533c                settings_load_subtree_direct
 .text.settings_store_init
                0x0000537c       0x10 zephyr/libzephyr.a(settings_store.c.obj)
                0x0000537c                settings_store_init
 .text.settings_init
                0x0000538c       0x10 zephyr/libzephyr.a(settings.c.obj)
                0x0000538c                settings_init
 .text.settings_parse_and_lookup
                0x0000539c       0xb0 zephyr/libzephyr.a(settings.c.obj)
                0x0000539c                settings_parse_and_lookup
 .text.settings_call_set_handler
                0x0000544c       0x70 zephyr/libzephyr.a(settings.c.obj)
                0x0000544c                settings_call_set_handler
 .text.settings_commit_subtree
                0x000054bc       0x98 zephyr/libzephyr.a(settings.c.obj)
                0x000054bc                settings_commit_subtree
 .text.settings_subsys_init
                0x00005554       0x20 zephyr/libzephyr.a(settings_init.c.obj)
                0x00005554                settings_subsys_init
 .text.settings_nvs_load
                0x00005574       0xb8 zephyr/libzephyr.a(settings_nvs.c.obj)
 .text.settings_backend_init
                0x0000562c       0x98 zephyr/libzephyr.a(settings_nvs.c.obj)
                0x0000562c                settings_backend_init
 .text.pm_state_notify
                0x000056c4       0x8c zephyr/libzephyr.a(power.c.obj)
 .text.pm_system_suspend
                0x00005750       0x64 zephyr/libzephyr.a(power.c.obj)
                0x00005750                pm_system_suspend
 .text.pm_ctrl_is_state_enabled
                0x000057b4       0x3c zephyr/libzephyr.a(pm_ctrl.c.obj)
                0x000057b4                pm_ctrl_is_state_enabled
 .text.sys_reboot
                0x000057f0       0x30 zephyr/libzephyr.a(reboot.c.obj)
                0x000057f0                sys_reboot
 .text.onoff_start
                0x00005820       0x4c zephyr/libzephyr.a(clock_control_nrf.c.obj)
 .text.get_status
                0x0000586c       0x34 zephyr/libzephyr.a(clock_control_nrf.c.obj)
 .text.stop     0x000058a0       0x78 zephyr/libzephyr.a(clock_control_nrf.c.obj)
 .text.onoff_stop
                0x00005918       0x28 zephyr/libzephyr.a(clock_control_nrf.c.obj)
 .text.clk_init
                0x00005940       0x60 zephyr/libzephyr.a(clock_control_nrf.c.obj)
 .text.clkstarted_handle.constprop.13
                0x000059a0       0x34 zephyr/libzephyr.a(clock_control_nrf.c.obj)
 .text.clock_event_handler
                0x000059d4       0x58 zephyr/libzephyr.a(clock_control_nrf.c.obj)
 .text.generic_hfclk_start
                0x00005a2c       0x64 zephyr/libzephyr.a(clock_control_nrf.c.obj)
 .text.generic_hfclk_stop
                0x00005a90       0x2c zephyr/libzephyr.a(clock_control_nrf.c.obj)
 .text.api_blocking_start
                0x00005abc       0x3c zephyr/libzephyr.a(clock_control_nrf.c.obj)
 .text.z_nrf_clock_control_get_onoff
                0x00005af8       0x10 zephyr/libzephyr.a(clock_control_nrf.c.obj)
                0x00005af8                z_nrf_clock_control_get_onoff
 .text.z_nrf_clock_bt_ctlr_hf_request
                0x00005b08       0x2c zephyr/libzephyr.a(clock_control_nrf.c.obj)
                0x00005b08                z_nrf_clock_bt_ctlr_hf_request
 .text.z_nrf_clock_bt_ctlr_hf_release
                0x00005b34       0x2c zephyr/libzephyr.a(clock_control_nrf.c.obj)
                0x00005b34                z_nrf_clock_bt_ctlr_hf_release
 .text.z_nrf_clock_control_lf_on
                0x00005b60      0x148 zephyr/libzephyr.a(clock_control_nrf.c.obj)
                0x00005b60                z_nrf_clock_control_lf_on
 .text.z_clock_isr
                0x00005ca8       0x24 zephyr/libzephyr.a(sys_clock_init.c.obj)
                0x00005ca8                z_clock_isr
 .text.sys_clock_timeout_handler
                0x00005ccc       0x18 zephyr/libzephyr.a(nrf_rtc_timer.c.obj)
 .text.set_absolute_alarm
                0x00005ce4       0x9c zephyr/libzephyr.a(nrf_rtc_timer.c.obj)
 .text.rtc_nrf_isr
                0x00005d80       0x50 zephyr/libzephyr.a(nrf_rtc_timer.c.obj)
                0x00005d80                rtc_nrf_isr
 .text.z_clock_driver_init
                0x00005dd0       0x54 zephyr/libzephyr.a(nrf_rtc_timer.c.obj)
                0x00005dd0                z_clock_driver_init
 .text.z_clock_set_timeout
                0x00005e24       0x64 zephyr/libzephyr.a(nrf_rtc_timer.c.obj)
                0x00005e24                z_clock_set_timeout
 .text.z_clock_elapsed
                0x00005e88       0x7c zephyr/libzephyr.a(nrf_rtc_timer.c.obj)
                0x00005e88                z_clock_elapsed
 .text.nrf_cc3xx_platform_abort_init
                0x00005f04        0xc zephyr/libzephyr.a(nrf_cc3xx_platform_abort_zephyr.c.obj)
                0x00005f04                nrf_cc3xx_platform_abort_init
 .text.mutex_unlock_platform
                0x00005f10       0x4c zephyr/libzephyr.a(nrf_cc3xx_platform_mutex_zephyr.c.obj)
 .text.mutex_free_platform
                0x00005f5c       0x48 zephyr/libzephyr.a(nrf_cc3xx_platform_mutex_zephyr.c.obj)
 .text.mutex_init_platform
                0x00005fa4       0x70 zephyr/libzephyr.a(nrf_cc3xx_platform_mutex_zephyr.c.obj)
 .text.mutex_lock_platform
                0x00006014       0x58 zephyr/libzephyr.a(nrf_cc3xx_platform_mutex_zephyr.c.obj)
 .text.nrf_cc3xx_platform_mutex_init
                0x0000606c       0x2c zephyr/libzephyr.a(nrf_cc3xx_platform_mutex_zephyr.c.obj)
                0x0000606c                nrf_cc3xx_platform_mutex_init
 .text.uECC_get_rng
                0x00006098        0xc zephyr/libzephyr.a(ecc.c.obj)
                0x00006098                uECC_get_rng
 .text.vli_mmod_fast_secp256r1
                0x000060a4      0x1a0 zephyr/libzephyr.a(ecc.c.obj)
                0x000060a4                vli_mmod_fast_secp256r1
 .text.tc_aes128_set_encrypt_key
                0x00006244       0xac zephyr/libzephyr.a(aes_encrypt.c.obj)
                0x00006244                tc_aes128_set_encrypt_key
 .text.tc_aes_encrypt
                0x000062f0       0xd4 zephyr/libzephyr.a(aes_encrypt.c.obj)
                0x000062f0                tc_aes_encrypt
 .text.arch_swap
                0x000063c4       0x38 zephyr/arch/arch/arm/core/aarch32/libarch__arm__core__aarch32.a(swap.c.obj)
                0x000063c4                arch_swap
 .text.z_arm_pendsv
                0x000063fc       0x58 zephyr/arch/arch/arm/core/aarch32/libarch__arm__core__aarch32.a(swap_helper.S.obj)
                0x000063fc                z_arm_pendsv
 .text.z_arm_svc
                0x00006454       0x20 zephyr/arch/arch/arm/core/aarch32/libarch__arm__core__aarch32.a(swap_helper.S.obj)
                0x00006454                z_arm_svc
 .text.arch_irq_enable
                0x00006474       0x20 zephyr/arch/arch/arm/core/aarch32/libarch__arm__core__aarch32.a(irq_manage.c.obj)
                0x00006474                arch_irq_enable
 .text.arch_irq_disable
                0x00006494       0x28 zephyr/arch/arch/arm/core/aarch32/libarch__arm__core__aarch32.a(irq_manage.c.obj)
                0x00006494                arch_irq_disable
 .text.arch_irq_is_enabled
                0x000064bc       0x1c zephyr/arch/arch/arm/core/aarch32/libarch__arm__core__aarch32.a(irq_manage.c.obj)
                0x000064bc                arch_irq_is_enabled
 .text.z_arm_irq_priority_set
                0x000064d8       0x50 zephyr/arch/arch/arm/core/aarch32/libarch__arm__core__aarch32.a(irq_manage.c.obj)
                0x000064d8                z_arm_irq_priority_set
 .text._arch_isr_direct_pm
                0x00006528       0x1c zephyr/arch/arch/arm/core/aarch32/libarch__arm__core__aarch32.a(irq_manage.c.obj)
                0x00006528                _arch_isr_direct_pm
 .text.arch_new_thread
                0x00006544       0x38 zephyr/arch/arch/arm/core/aarch32/libarch__arm__core__aarch32.a(thread.c.obj)
                0x00006544                arch_new_thread
 .text.z_check_thread_stack_fail
                0x0000657c       0x34 zephyr/arch/arch/arm/core/aarch32/libarch__arm__core__aarch32.a(thread.c.obj)
                0x0000657c                z_check_thread_stack_fail
 .text.arch_switch_to_main_thread
                0x000065b0       0x34 zephyr/arch/arch/arm/core/aarch32/libarch__arm__core__aarch32.a(thread.c.obj)
                0x000065b0                arch_switch_to_main_thread
 .text.z_arm_cpu_idle_init
                0x000065e4        0xc zephyr/arch/arch/arm/core/aarch32/libarch__arm__core__aarch32.a(cpu_idle.S.obj)
                0x000065e4                z_arm_cpu_idle_init
 .text.arch_cpu_idle
                0x000065f0       0x1c zephyr/arch/arch/arm/core/aarch32/libarch__arm__core__aarch32.a(cpu_idle.S.obj)
                0x000065f0                arch_cpu_idle
 .text.arch_cpu_atomic_idle
                0x0000660c       0x14 zephyr/arch/arch/arm/core/aarch32/libarch__arm__core__aarch32.a(cpu_idle.S.obj)
                0x0000660c                arch_cpu_atomic_idle
 .text.z_arm_fatal_error
                0x00006620       0x5c zephyr/arch/arch/arm/core/aarch32/libarch__arm__core__aarch32.a(fatal.c.obj)
                0x00006620                z_arm_fatal_error
 .text.z_SysNmiOnReset
                0x0000667c        0x8 zephyr/arch/arch/arm/core/aarch32/libarch__arm__core__aarch32.a(nmi_on_reset.S.obj)
                0x0000667c                z_SysNmiOnReset
 .text.z_arm_prep_c
                0x00006684       0x44 zephyr/arch/arch/arm/core/aarch32/libarch__arm__core__aarch32.a(prep_c.c.obj)
                0x00006684                z_arm_prep_c
 .text._isr_wrapper
                0x000066c8       0x40 zephyr/arch/arch/arm/core/aarch32/libarch__arm__core__aarch32.a(isr_wrapper.S.obj)
                0x000066c8                _isr_wrapper
 .text._reset_section
                0x00006708       0x30 zephyr/arch/arch/arm/core/aarch32/cortex_m/libarch__arm__core__aarch32__cortex_m.a(reset.S.obj)
                0x00006708                __start
                0x00006708                z_arm_reset
 .text.__fault  0x00006738       0x14 zephyr/arch/arch/arm/core/aarch32/cortex_m/libarch__arm__core__aarch32__cortex_m.a(fault_s.S.obj)
                0x00006738                z_arm_usage_fault
                0x00006738                z_arm_mpu_fault
                0x00006738                z_arm_exc_spurious
                0x00006738                z_arm_debug_monitor
                0x00006738                z_arm_hard_fault
                0x00006738                z_arm_bus_fault
 .text.mem_manage_fault
                0x0000674c      0x108 zephyr/arch/arch/arm/core/aarch32/cortex_m/libarch__arm__core__aarch32__cortex_m.a(fault.c.obj)
 .text.bus_fault.isra.2
                0x00006854       0xb4 zephyr/arch/arch/arm/core/aarch32/cortex_m/libarch__arm__core__aarch32__cortex_m.a(fault.c.obj)
 .text.usage_fault.isra.3
                0x00006908       0x98 zephyr/arch/arch/arm/core/aarch32/cortex_m/libarch__arm__core__aarch32__cortex_m.a(fault.c.obj)
 .text.z_arm_fault
                0x000069a0      0x184 zephyr/arch/arch/arm/core/aarch32/cortex_m/libarch__arm__core__aarch32__cortex_m.a(fault.c.obj)
                0x000069a0                z_arm_fault
 .text.z_arm_fault_init
                0x00006b24       0x10 zephyr/arch/arch/arm/core/aarch32/cortex_m/libarch__arm__core__aarch32__cortex_m.a(fault.c.obj)
                0x00006b24                z_arm_fault_init
 .text._HandlerModeExit
                0x00006b34       0x1c zephyr/arch/arch/arm/core/aarch32/cortex_m/libarch__arm__core__aarch32__cortex_m.a(exc_exit.S.obj)
                0x00006b34                z_arm_int_exit
                0x00006b34                z_arm_exc_exit
 .text.z_arm_interrupt_init
                0x00006b50       0x18 zephyr/arch/arch/arm/core/aarch32/cortex_m/libarch__arm__core__aarch32__cortex_m.a(irq_init.c.obj)
                0x00006b50                z_arm_interrupt_init
 .text.z_impl_k_thread_abort
                0x00006b68       0x44 zephyr/arch/arch/arm/core/aarch32/cortex_m/libarch__arm__core__aarch32__cortex_m.a(thread_abort.c.obj)
                0x00006b68                z_impl_k_thread_abort
 .text.z_arm_configure_static_mpu_regions
                0x00006bac       0x18 zephyr/arch/arch/arm/core/aarch32/cortex_m/mpu/libarch__arm__core__aarch32__cortex_m__mpu.a(arm_core_mpu.c.obj)
                0x00006bac                z_arm_configure_static_mpu_regions
 .text.z_arm_configure_dynamic_mpu_regions
                0x00006bc4       0x20 zephyr/arch/arch/arm/core/aarch32/cortex_m/mpu/libarch__arm__core__aarch32__cortex_m__mpu.a(arm_core_mpu.c.obj)
                0x00006bc4                z_arm_configure_dynamic_mpu_regions
 .text.mpu_configure_regions
                0x00006be4       0x98 zephyr/arch/arch/arm/core/aarch32/cortex_m/mpu/libarch__arm__core__aarch32__cortex_m__mpu.a(arm_mpu.c.obj)
 .text.arm_core_mpu_enable
                0x00006c7c       0x14 zephyr/arch/arch/arm/core/aarch32/cortex_m/mpu/libarch__arm__core__aarch32__cortex_m__mpu.a(arm_mpu.c.obj)
                0x00006c7c                arm_core_mpu_enable
 .text.arm_core_mpu_disable
                0x00006c90       0x10 zephyr/arch/arch/arm/core/aarch32/cortex_m/mpu/libarch__arm__core__aarch32__cortex_m__mpu.a(arm_mpu.c.obj)
                0x00006c90                arm_core_mpu_disable
 .text.arm_mpu_init
                0x00006ca0       0x98 zephyr/arch/arch/arm/core/aarch32/cortex_m/mpu/libarch__arm__core__aarch32__cortex_m__mpu.a(arm_mpu.c.obj)
 .text.arm_core_mpu_configure_static_mpu_regions
                0x00006d38       0x3c zephyr/arch/arch/arm/core/aarch32/cortex_m/mpu/libarch__arm__core__aarch32__cortex_m__mpu.a(arm_mpu.c.obj)
                0x00006d38                arm_core_mpu_configure_static_mpu_regions
 .text.arm_core_mpu_configure_dynamic_mpu_regions
                0x00006d74       0x50 zephyr/arch/arch/arm/core/aarch32/cortex_m/mpu/libarch__arm__core__aarch32__cortex_m__mpu.a(arm_mpu.c.obj)
                0x00006d74                arm_core_mpu_configure_dynamic_mpu_regions
 .text.z_impl_zephyr_fputc
                0x00006dc4       0x18 zephyr/lib/libc/minimal/liblib__libc__minimal.a(stdout_console.c.obj)
                0x00006dc4                z_impl_zephyr_fputc
 .text.printf   0x00006ddc       0x24 zephyr/lib/libc/minimal/liblib__libc__minimal.a(fprintf.c.obj)
                0x00006ddc                printf
 .text.nordicsemi_nrf52_init
                0x00006e00       0x30 zephyr/soc/arm/nordic_nrf/nrf52/libsoc__arm__nordic_nrf__nrf52.a(soc.c.obj)
 .text.sys_arch_reboot
                0x00006e30       0x2c zephyr/soc/arm/nordic_nrf/nrf52/libsoc__arm__nordic_nrf__nrf52.a(soc.c.obj)
                0x00006e30                sys_arch_reboot
 .text.arch_busy_wait
                0x00006e5c       0x14 zephyr/soc/arm/nordic_nrf/nrf52/libsoc__arm__nordic_nrf__nrf52.a(soc.c.obj)
                0x00006e5c                arch_busy_wait
 .text.board_nrf52840dongle_nrf52840_init
                0x00006e70       0x7c zephyr/boards/boards/arm/nrf52840dongle_nrf52840/libboards__arm__nrf52840dongle_nrf52840.a(board.c.obj)
 .text.bt_hex_real
                0x00006eec       0x44 zephyr/subsys/bluetooth/common/libsubsys__bluetooth__common.a(log.c.obj)
                0x00006eec                bt_hex_real
 .text.bt_addr_le_str_real
                0x00006f30       0x7c zephyr/subsys/bluetooth/common/libsubsys__bluetooth__common.a(log.c.obj)
                0x00006f30                bt_addr_le_str_real
 .text.sys_memcpy_swap.constprop.2
                0x00006fac       0x4c zephyr/subsys/bluetooth/host/libsubsys__bluetooth__host.a(hci_ecc.c.obj)
 .text.ecc_thread
                0x00006ff8      0x1b4 zephyr/subsys/bluetooth/host/libsubsys__bluetooth__host.a(hci_ecc.c.obj)
 .text.bt_hci_ecc_send
                0x000071ac      0x114 zephyr/subsys/bluetooth/host/libsubsys__bluetooth__host.a(hci_ecc.c.obj)
                0x000071ac                bt_hci_ecc_send
 .text.bt_hci_ecc_init
                0x000072c0       0x48 zephyr/subsys/bluetooth/host/libsubsys__bluetooth__host.a(hci_ecc.c.obj)
                0x000072c0                bt_hci_ecc_init
 .text.save_id  0x00007308       0x3c zephyr/subsys/bluetooth/host/libsubsys__bluetooth__host.a(settings.c.obj)
 .text.set      0x00007344       0x98 zephyr/subsys/bluetooth/host/libsubsys__bluetooth__host.a(settings.c.obj)
 .text.bt_settings_encode_key
                0x000073dc       0x60 zephyr/subsys/bluetooth/host/libsubsys__bluetooth__host.a(settings.c.obj)
                0x000073dc                bt_settings_encode_key
 .text.bt_settings_save_id
                0x0000743c       0x30 zephyr/subsys/bluetooth/host/libsubsys__bluetooth__host.a(settings.c.obj)
                0x0000743c                bt_settings_save_id
 .text.commit   0x0000746c       0x6c zephyr/subsys/bluetooth/host/libsubsys__bluetooth__host.a(settings.c.obj)
 .text.bt_settings_init
                0x000074d8       0x1c zephyr/subsys/bluetooth/host/libsubsys__bluetooth__host.a(settings.c.obj)
                0x000074d8                bt_settings_init
 .text.uuid_to_uuid128
                0x000074f4       0x7c zephyr/subsys/bluetooth/host/libsubsys__bluetooth__host.a(uuid.c.obj)
 .text.bt_buf_get_rx
                0x00007570       0x50 zephyr/subsys/bluetooth/host/libsubsys__bluetooth__host.a(buf.c.obj)
                0x00007570                bt_buf_get_rx
 .text.bt_buf_get_cmd_complete
                0x000075c0       0x50 zephyr/subsys/bluetooth/host/libsubsys__bluetooth__host.a(buf.c.obj)
                0x000075c0                bt_buf_get_cmd_complete
 .text.bt_buf_get_evt
                0x00007610       0x54 zephyr/subsys/bluetooth/host/libsubsys__bluetooth__host.a(buf.c.obj)
                0x00007610                bt_buf_get_evt
 .text.le_dhkey_complete
                0x00007664       0x1c zephyr/subsys/bluetooth/host/libsubsys__bluetooth__host.a(hci_core.c.obj)
 .text.hci_data_buf_overflow
                0x00007680       0x10 zephyr/subsys/bluetooth/host/libsubsys__bluetooth__host.a(hci_core.c.obj)
 .text.hci_disconn_complete_prio
                0x00007690       0x3c zephyr/subsys/bluetooth/host/libsubsys__bluetooth__host.a(hci_core.c.obj)
 .text.hci_disconn_complete
                0x000076cc       0x40 zephyr/subsys/bluetooth/host/libsubsys__bluetooth__host.a(hci_core.c.obj)
 .text.le_pkey_complete
                0x0000770c       0x50 zephyr/subsys/bluetooth/host/libsubsys__bluetooth__host.a(hci_core.c.obj)
 .text.hci_hardware_error
                0x0000775c       0x1c zephyr/subsys/bluetooth/host/libsubsys__bluetooth__host.a(hci_core.c.obj)
 .text.hci_vendor_event
                0x00007778       0x1c zephyr/subsys/bluetooth/host/libsubsys__bluetooth__host.a(hci_core.c.obj)
 .text.le_conn_update_complete
                0x00007794       0x84 zephyr/subsys/bluetooth/host/libsubsys__bluetooth__host.a(hci_core.c.obj)
 .text.id_find  0x00007818       0x30 zephyr/subsys/bluetooth/host/libsubsys__bluetooth__host.a(hci_core.c.obj)
 .text.valid_adv_param
                0x00007848       0x88 zephyr/subsys/bluetooth/host/libsubsys__bluetooth__host.a(hci_core.c.obj)
 .text.hci_cmd_done
                0x000078d0       0xc8 zephyr/subsys/bluetooth/host/libsubsys__bluetooth__host.a(hci_core.c.obj)
 .text.handle_event
                0x00007998       0x60 zephyr/subsys/bluetooth/host/libsubsys__bluetooth__host.a(hci_core.c.obj)
 .text.hci_le_meta_event
                0x000079f8       0x20 zephyr/subsys/bluetooth/host/libsubsys__bluetooth__host.a(hci_core.c.obj)
 .text.find_pending_connect.part.21
                0x00007a18       0x3c zephyr/subsys/bluetooth/host/libsubsys__bluetooth__host.a(hci_core.c.obj)
 .text.hci_tx_thread
                0x00007a54      0x158 zephyr/subsys/bluetooth/host/libsubsys__bluetooth__host.a(hci_core.c.obj)
 .text.hci_num_completed_packets
                0x00007bac       0xf4 zephyr/subsys/bluetooth/host/libsubsys__bluetooth__host.a(hci_core.c.obj)
 .text.le_adv_start_add_conn
                0x00007ca0       0xa8 zephyr/subsys/bluetooth/host/libsubsys__bluetooth__host.a(hci_core.c.obj)
 .text.id_create.isra.22
                0x00007d48       0x68 zephyr/subsys/bluetooth/host/libsubsys__bluetooth__host.a(hci_core.c.obj)
 .text.le_adv_report
                0x00007db0      0x16c zephyr/subsys/bluetooth/host/libsubsys__bluetooth__host.a(hci_core.c.obj)
 .text.hci_cmd_status
                0x00007f1c       0x2c zephyr/subsys/bluetooth/host/libsubsys__bluetooth__host.a(hci_core.c.obj)
 .text.hci_cmd_complete
                0x00007f48       0x30 zephyr/subsys/bluetooth/host/libsubsys__bluetooth__host.a(hci_core.c.obj)
 .text.bt_hci_cmd_create
                0x00007f78       0x90 zephyr/subsys/bluetooth/host/libsubsys__bluetooth__host.a(hci_core.c.obj)
                0x00007f78                bt_hci_cmd_create
 .text.bt_hci_cmd_send
                0x00008008       0x50 zephyr/subsys/bluetooth/host/libsubsys__bluetooth__host.a(hci_core.c.obj)
                0x00008008                bt_hci_cmd_send
 .text.le_conn_param_neg_reply
                0x00008058       0x40 zephyr/subsys/bluetooth/host/libsubsys__bluetooth__host.a(hci_core.c.obj)
 .text.le_conn_param_req
                0x00008098       0xbc zephyr/subsys/bluetooth/host/libsubsys__bluetooth__host.a(hci_core.c.obj)
 .text.conn_auto_initiate
                0x00008154       0x50 zephyr/subsys/bluetooth/host/libsubsys__bluetooth__host.a(hci_core.c.obj)
 .text.le_remote_feat_complete
                0x000081a4       0x4c zephyr/subsys/bluetooth/host/libsubsys__bluetooth__host.a(hci_core.c.obj)
 .text.bt_hci_cmd_send_sync
                0x000081f0       0xc4 zephyr/subsys/bluetooth/host/libsubsys__bluetooth__host.a(hci_core.c.obj)
                0x000081f0                bt_hci_cmd_send_sync
 .text.set_le_scan_enable_legacy
                0x000082b4       0x74 zephyr/subsys/bluetooth/host/libsubsys__bluetooth__host.a(hci_core.c.obj)
 .text.hci_set_ad
                0x00008328       0xc8 zephyr/subsys/bluetooth/host/libsubsys__bluetooth__host.a(hci_core.c.obj)
 .text.le_adv_update.constprop.37
                0x000083f0       0xdc zephyr/subsys/bluetooth/host/libsubsys__bluetooth__host.a(hci_core.c.obj)
 .text.set_random_address
                0x000084cc       0x5c zephyr/subsys/bluetooth/host/libsubsys__bluetooth__host.a(hci_core.c.obj)
 .text.le_adv_set_random_addr.isra.28
                0x00008528       0xdc zephyr/subsys/bluetooth/host/libsubsys__bluetooth__host.a(hci_core.c.obj)
 .text.set_le_adv_enable_legacy
                0x00008604       0x5c zephyr/subsys/bluetooth/host/libsubsys__bluetooth__host.a(hci_core.c.obj)
 .text.bt_le_scan_random_addr_check
                0x00008660       0x14 zephyr/subsys/bluetooth/host/libsubsys__bluetooth__host.a(hci_core.c.obj)
                0x00008660                bt_le_scan_random_addr_check
 .text.bt_le_scan_update
                0x00008674       0x2c zephyr/subsys/bluetooth/host/libsubsys__bluetooth__host.a(hci_core.c.obj)
                0x00008674                bt_le_scan_update
 .text.hci_event_prio
                0x000086a0       0xb0 zephyr/subsys/bluetooth/host/libsubsys__bluetooth__host.a(hci_core.c.obj)
                0x000086a0                hci_event_prio
 .text.bt_recv  0x00008750      0x12c zephyr/subsys/bluetooth/host/libsubsys__bluetooth__host.a(hci_core.c.obj)
                0x00008750                bt_recv
 .text.bt_recv_prio
                0x0000887c       0x34 zephyr/subsys/bluetooth/host/libsubsys__bluetooth__host.a(hci_core.c.obj)
                0x0000887c                bt_recv_prio
 .text.bt_hci_driver_register
                0x000088b0       0x28 zephyr/subsys/bluetooth/host/libsubsys__bluetooth__host.a(hci_core.c.obj)
                0x000088b0                bt_hci_driver_register
 .text.bt_finalize_init
                0x000088d8       0x18 zephyr/subsys/bluetooth/host/libsubsys__bluetooth__host.a(hci_core.c.obj)
                0x000088d8                bt_finalize_init
 .text.bt_init  0x000088f0      0x39c zephyr/subsys/bluetooth/host/libsubsys__bluetooth__host.a(hci_core.c.obj)
 .text.init_work
                0x00008c8c       0x18 zephyr/subsys/bluetooth/host/libsubsys__bluetooth__host.a(hci_core.c.obj)
 .text.bt_enable
                0x00008ca4       0xd4 zephyr/subsys/bluetooth/host/libsubsys__bluetooth__host.a(hci_core.c.obj)
                0x00008ca4                bt_enable
 .text.bt_get_name
                0x00008d78        0x8 zephyr/subsys/bluetooth/host/libsubsys__bluetooth__host.a(hci_core.c.obj)
                0x00008d78                bt_get_name
 .text.bt_id_create
                0x00008d80       0x74 zephyr/subsys/bluetooth/host/libsubsys__bluetooth__host.a(hci_core.c.obj)
                0x00008d80                bt_id_create
 .text.bt_setup_public_id_addr
                0x00008df4       0x90 zephyr/subsys/bluetooth/host/libsubsys__bluetooth__host.a(hci_core.c.obj)
                0x00008df4                bt_setup_public_id_addr
 .text.bt_read_static_addr
                0x00008e84       0x88 zephyr/subsys/bluetooth/host/libsubsys__bluetooth__host.a(hci_core.c.obj)
                0x00008e84                bt_read_static_addr
 .text.bt_setup_random_id_addr
                0x00008f0c       0x58 zephyr/subsys/bluetooth/host/libsubsys__bluetooth__host.a(hci_core.c.obj)
                0x00008f0c                bt_setup_random_id_addr
 .text.bt_le_adv_start_legacy
                0x00008f64      0x240 zephyr/subsys/bluetooth/host/libsubsys__bluetooth__host.a(hci_core.c.obj)
                0x00008f64                bt_le_adv_start_legacy
 .text.bt_le_adv_start
                0x000091a4       0x1c zephyr/subsys/bluetooth/host/libsubsys__bluetooth__host.a(hci_core.c.obj)
                0x000091a4                bt_le_adv_start
 .text.bt_le_adv_stop
                0x000091c0       0xbc zephyr/subsys/bluetooth/host/libsubsys__bluetooth__host.a(hci_core.c.obj)
                0x000091c0                bt_le_adv_stop
 .text.bt_le_adv_resume
                0x0000927c       0x6c zephyr/subsys/bluetooth/host/libsubsys__bluetooth__host.a(hci_core.c.obj)
                0x0000927c                bt_le_adv_resume
 .text.enh_conn_complete
                0x000092e8      0x15c zephyr/subsys/bluetooth/host/libsubsys__bluetooth__host.a(hci_core.c.obj)
 .text.bt_le_scan_start
                0x00009444      0x17c zephyr/subsys/bluetooth/host/libsubsys__bluetooth__host.a(hci_core.c.obj)
                0x00009444                bt_le_scan_start
 .text.bt_le_scan_stop
                0x000095c0       0x2c zephyr/subsys/bluetooth/host/libsubsys__bluetooth__host.a(hci_core.c.obj)
                0x000095c0                bt_le_scan_stop
 .text.bt_pub_key_gen
                0x000095ec       0x80 zephyr/subsys/bluetooth/host/libsubsys__bluetooth__host.a(hci_core.c.obj)
                0x000095ec                bt_pub_key_gen
 .text.bt_pub_key_get
                0x0000966c       0x1c zephyr/subsys/bluetooth/host/libsubsys__bluetooth__host.a(hci_core.c.obj)
                0x0000966c                bt_pub_key_get
 .text.bt_dh_key_gen
                0x00009688       0x80 zephyr/subsys/bluetooth/host/libsubsys__bluetooth__host.a(hci_core.c.obj)
                0x00009688                bt_dh_key_gen
 .text.tx_free  0x00009708       0x14 zephyr/subsys/bluetooth/host/libsubsys__bluetooth__host.a(conn.c.obj)
 .text.notify_connected
                0x0000971c       0x2c zephyr/subsys/bluetooth/host/libsubsys__bluetooth__host.a(conn.c.obj)
 .text.send_frag
                0x00009748      0x154 zephyr/subsys/bluetooth/host/libsubsys__bluetooth__host.a(conn.c.obj)
 .text.bt_conn_get_pkts
                0x0000989c        0x8 zephyr/subsys/bluetooth/host/libsubsys__bluetooth__host.a(conn.c.obj)
                0x0000989c                bt_conn_get_pkts
 .text.notify_le_param_updated
                0x000098a4       0x68 zephyr/subsys/bluetooth/host/libsubsys__bluetooth__host.a(conn.c.obj)
                0x000098a4                notify_le_param_updated
 .text.le_param_req
                0x0000990c       0x40 zephyr/subsys/bluetooth/host/libsubsys__bluetooth__host.a(conn.c.obj)
                0x0000990c                le_param_req
 .text.bt_conn_cb_register
                0x0000994c       0x10 zephyr/subsys/bluetooth/host/libsubsys__bluetooth__host.a(conn.c.obj)
                0x0000994c                bt_conn_cb_register
 .text.conn_cleanup
                0x0000995c       0x80 zephyr/subsys/bluetooth/host/libsubsys__bluetooth__host.a(conn.c.obj)
 .text.bt_conn_recv
                0x000099dc       0xcc zephyr/subsys/bluetooth/host/libsubsys__bluetooth__host.a(conn.c.obj)
                0x000099dc                bt_conn_recv
 .text.bt_conn_send_cb
                0x00009aa8       0xac zephyr/subsys/bluetooth/host/libsubsys__bluetooth__host.a(conn.c.obj)
                0x00009aa8                bt_conn_send_cb
 .text.bt_conn_prepare_events
                0x00009b54       0x7c zephyr/subsys/bluetooth/host/libsubsys__bluetooth__host.a(conn.c.obj)
                0x00009b54                bt_conn_prepare_events
 .text.bt_conn_add_le
                0x00009bd0       0x58 zephyr/subsys/bluetooth/host/libsubsys__bluetooth__host.a(conn.c.obj)
                0x00009bd0                bt_conn_add_le
 .text.bt_conn_unref
                0x00009c28       0x58 zephyr/subsys/bluetooth/host/libsubsys__bluetooth__host.a(conn.c.obj)
                0x00009c28                bt_conn_unref
 .text.bt_conn_lookup_handle
                0x00009c80       0x10 zephyr/subsys/bluetooth/host/libsubsys__bluetooth__host.a(conn.c.obj)
                0x00009c80                bt_conn_lookup_handle
 .text.bt_conn_set_state
                0x00009c90      0x1ac zephyr/subsys/bluetooth/host/libsubsys__bluetooth__host.a(conn.c.obj)
                0x00009c90                bt_conn_set_state
 .text.bt_conn_lookup_addr_le.part.13
                0x00009e3c       0x3c zephyr/subsys/bluetooth/host/libsubsys__bluetooth__host.a(conn.c.obj)
 .text.bt_conn_exists_le
                0x00009e78       0x38 zephyr/subsys/bluetooth/host/libsubsys__bluetooth__host.a(conn.c.obj)
                0x00009e78                bt_conn_exists_le
 .text.bt_conn_lookup_state_le
                0x00009eb0       0x48 zephyr/subsys/bluetooth/host/libsubsys__bluetooth__host.a(conn.c.obj)
                0x00009eb0                bt_conn_lookup_state_le
 .text.bt_conn_disconnect
                0x00009ef8       0x64 zephyr/subsys/bluetooth/host/libsubsys__bluetooth__host.a(conn.c.obj)
                0x00009ef8                bt_conn_disconnect
 .text.send_conn_le_param_update
                0x00009f5c       0x60 zephyr/subsys/bluetooth/host/libsubsys__bluetooth__host.a(conn.c.obj)
 .text.deferred_work
                0x00009fbc       0x9c zephyr/subsys/bluetooth/host/libsubsys__bluetooth__host.a(conn.c.obj)
 .text.bt_conn_create_pdu_timeout
                0x0000a058       0x60 zephyr/subsys/bluetooth/host/libsubsys__bluetooth__host.a(conn.c.obj)
                0x0000a058                bt_conn_create_pdu_timeout
 .text.bt_conn_create_frag_timeout
                0x0000a0b8        0xc zephyr/subsys/bluetooth/host/libsubsys__bluetooth__host.a(conn.c.obj)
                0x0000a0b8                bt_conn_create_frag_timeout
 .text.create_frag.isra.16
                0x0000a0c4       0x6c zephyr/subsys/bluetooth/host/libsubsys__bluetooth__host.a(conn.c.obj)
 .text.bt_conn_process_tx
                0x0000a130       0xcc zephyr/subsys/bluetooth/host/libsubsys__bluetooth__host.a(conn.c.obj)
                0x0000a130                bt_conn_process_tx
 .text.bt_conn_index
                0x0000a1fc       0x3c zephyr/subsys/bluetooth/host/libsubsys__bluetooth__host.a(conn.c.obj)
                0x0000a1fc                bt_conn_index
 .text.bt_conn_init
                0x0000a238       0x38 zephyr/subsys/bluetooth/host/libsubsys__bluetooth__host.a(conn.c.obj)
                0x0000a238                bt_conn_init
 .text.l2cap_accept
                0x0000a270       0x2c zephyr/subsys/bluetooth/host/libsubsys__bluetooth__host.a(l2cap.c.obj)
 .text.l2cap_create_le_sig_pdu.isra.8
                0x0000a29c       0x3c zephyr/subsys/bluetooth/host/libsubsys__bluetooth__host.a(l2cap.c.obj)
 .text.l2cap_rtx_timeout
                0x0000a2d8       0x28 zephyr/subsys/bluetooth/host/libsubsys__bluetooth__host.a(l2cap.c.obj)
 .text.bt_l2cap_connected
                0x0000a300       0xe0 zephyr/subsys/bluetooth/host/libsubsys__bluetooth__host.a(l2cap.c.obj)
                0x0000a300                bt_l2cap_connected
 .text.l2cap_recv
                0x0000a3e0       0xa0 zephyr/subsys/bluetooth/host/libsubsys__bluetooth__host.a(l2cap.c.obj)
 .text.bt_l2cap_recv
                0x0000a480       0x50 zephyr/subsys/bluetooth/host/libsubsys__bluetooth__host.a(l2cap.c.obj)
                0x0000a480                bt_l2cap_recv
 .text.bt_l2cap_update_conn_param
                0x0000a4d0       0x5c zephyr/subsys/bluetooth/host/libsubsys__bluetooth__host.a(l2cap.c.obj)
                0x0000a4d0                bt_l2cap_update_conn_param
 .text.att_cfm_sent
                0x0000a52c       0x10 zephyr/subsys/bluetooth/host/libsubsys__bluetooth__host.a(att.c.obj)
 .text.att_rsp_sent
                0x0000a53c       0x10 zephyr/subsys/bluetooth/host/libsubsys__bluetooth__host.a(att.c.obj)
 .text.att_req_sent
                0x0000a54c       0x10 zephyr/subsys/bluetooth/host/libsubsys__bluetooth__host.a(att.c.obj)
 .text.bt_att_released
                0x0000a55c       0x18 zephyr/subsys/bluetooth/host/libsubsys__bluetooth__host.a(att.c.obj)
 .text.read_group_cb
                0x0000a574       0xac zephyr/subsys/bluetooth/host/libsubsys__bluetooth__host.a(att.c.obj)
 .text.read_type_cb
                0x0000a620       0xa4 zephyr/subsys/bluetooth/host/libsubsys__bluetooth__host.a(att.c.obj)
 .text.find_type_cb
                0x0000a6c4      0x148 zephyr/subsys/bluetooth/host/libsubsys__bluetooth__host.a(att.c.obj)
 .text.chan_send
                0x0000a80c       0xd8 zephyr/subsys/bluetooth/host/libsubsys__bluetooth__host.a(att.c.obj)
 .text.att_get  0x0000a8e4       0x4c zephyr/subsys/bluetooth/host/libsubsys__bluetooth__host.a(att.c.obj)
 .text.bt_att_accept
                0x0000a930       0xb8 zephyr/subsys/bluetooth/host/libsubsys__bluetooth__host.a(att.c.obj)
 .text.chan_req_sent
                0x0000a9e8       0x1c zephyr/subsys/bluetooth/host/libsubsys__bluetooth__host.a(att.c.obj)
 .text.bt_att_chan_send_rsp.constprop.24
                0x0000aa04       0x24 zephyr/subsys/bluetooth/host/libsubsys__bluetooth__host.a(att.c.obj)
 .text.bt_att_connected
                0x0000aa28       0x80 zephyr/subsys/bluetooth/host/libsubsys__bluetooth__host.a(att.c.obj)
 .text.bt_att_chan_req_send
                0x0000aaa8       0xa4 zephyr/subsys/bluetooth/host/libsubsys__bluetooth__host.a(att.c.obj)
 .text.att_write_cmd
                0x0000ab4c       0x78 zephyr/subsys/bluetooth/host/libsubsys__bluetooth__host.a(att.c.obj)
 .text.bt_att_chan_create_pdu
                0x0000abc4       0x68 zephyr/subsys/bluetooth/host/libsubsys__bluetooth__host.a(att.c.obj)
                0x0000abc4                bt_att_chan_create_pdu
 .text.bt_att_recv
                0x0000ac2c      0x118 zephyr/subsys/bluetooth/host/libsubsys__bluetooth__host.a(att.c.obj)
 .text.att_write_req
                0x0000ad44       0xb4 zephyr/subsys/bluetooth/host/libsubsys__bluetooth__host.a(att.c.obj)
 .text.bt_att_create_pdu
                0x0000adf8       0x58 zephyr/subsys/bluetooth/host/libsubsys__bluetooth__host.a(att.c.obj)
                0x0000adf8                bt_att_create_pdu
 .text.att_read_group_req
                0x0000ae50      0x104 zephyr/subsys/bluetooth/host/libsubsys__bluetooth__host.a(att.c.obj)
 .text.att_read_mult_req
                0x0000af54       0x84 zephyr/subsys/bluetooth/host/libsubsys__bluetooth__host.a(att.c.obj)
 .text.att_read_rsp
                0x0000afd8       0x8c zephyr/subsys/bluetooth/host/libsubsys__bluetooth__host.a(att.c.obj)
 .text.att_read_type_req
                0x0000b064       0xc0 zephyr/subsys/bluetooth/host/libsubsys__bluetooth__host.a(att.c.obj)
 .text.att_find_type_req
                0x0000b124       0xd4 zephyr/subsys/bluetooth/host/libsubsys__bluetooth__host.a(att.c.obj)
 .text.att_find_info_req
                0x0000b1f8       0x70 zephyr/subsys/bluetooth/host/libsubsys__bluetooth__host.a(att.c.obj)
 .text.bt_att_req_alloc
                0x0000b268       0x2c zephyr/subsys/bluetooth/host/libsubsys__bluetooth__host.a(att.c.obj)
                0x0000b268                bt_att_req_alloc
 .text.bt_att_req_free
                0x0000b294       0x18 zephyr/subsys/bluetooth/host/libsubsys__bluetooth__host.a(att.c.obj)
                0x0000b294                bt_att_req_free
 .text.att_handle_rsp
                0x0000b2ac       0xd0 zephyr/subsys/bluetooth/host/libsubsys__bluetooth__host.a(att.c.obj)
 .text.att_reset
                0x0000b37c       0x54 zephyr/subsys/bluetooth/host/libsubsys__bluetooth__host.a(att.c.obj)
 .text.att_timeout
                0x0000b3d0       0x44 zephyr/subsys/bluetooth/host/libsubsys__bluetooth__host.a(att.c.obj)
 .text.bt_att_send
                0x0000b414       0xdc zephyr/subsys/bluetooth/host/libsubsys__bluetooth__host.a(att.c.obj)
                0x0000b414                bt_att_send
 .text.bt_att_req_send
                0x0000b4f0       0xa4 zephyr/subsys/bluetooth/host/libsubsys__bluetooth__host.a(att.c.obj)
                0x0000b4f0                bt_att_req_send
 .text.db_hash_set
                0x0000b594       0x2c zephyr/subsys/bluetooth/host/libsubsys__bluetooth__host.a(gatt.c.obj)
 .text.db_hash_store
                0x0000b5c0       0x2c zephyr/subsys/bluetooth/host/libsubsys__bluetooth__host.a(gatt.c.obj)
 .text.sc_store
                0x0000b5ec       0x50 zephyr/subsys/bluetooth/host/libsubsys__bluetooth__host.a(gatt.c.obj)
 .text.bt_gatt_service_init.part.12
                0x0000b63c       0x4c zephyr/subsys/bluetooth/host/libsubsys__bluetooth__host.a(gatt.c.obj)
 .text.find_sc_cfg
                0x0000b688       0x20 zephyr/subsys/bluetooth/host/libsubsys__bluetooth__host.a(gatt.c.obj)
 .text.sc_save  0x0000b6a8       0x74 zephyr/subsys/bluetooth/host/libsubsys__bluetooth__host.a(gatt.c.obj)
 .text.sc_set   0x0000b71c       0xc8 zephyr/subsys/bluetooth/host/libsubsys__bluetooth__host.a(gatt.c.obj)
 .text.ccc_save
                0x0000b7e4       0x38 zephyr/subsys/bluetooth/host/libsubsys__bluetooth__host.a(gatt.c.obj)
 .text.ccc_load
                0x0000b81c       0x8c zephyr/subsys/bluetooth/host/libsubsys__bluetooth__host.a(gatt.c.obj)
 .text.remove_peer_from_attr
                0x0000b8a8       0x28 zephyr/subsys/bluetooth/host/libsubsys__bluetooth__host.a(gatt.c.obj)
 .text.find_cf_cfg
                0x0000b8d0       0x38 zephyr/subsys/bluetooth/host/libsubsys__bluetooth__host.a(gatt.c.obj)
 .text.bt_gatt_attr_write_ccc
                0x0000b908       0xb0 zephyr/subsys/bluetooth/host/libsubsys__bluetooth__host.a(gatt.c.obj)
                0x0000b908                bt_gatt_attr_write_ccc
 .text.find_cf_cfg_by_addr
                0x0000b9b8       0x24 zephyr/subsys/bluetooth/host/libsubsys__bluetooth__host.a(gatt.c.obj)
 .text.cf_set   0x0000b9dc       0xbc zephyr/subsys/bluetooth/host/libsubsys__bluetooth__host.a(gatt.c.obj)
 .text.sc_indicate.part.13
                0x0000ba98       0x18 zephyr/subsys/bluetooth/host/libsubsys__bluetooth__host.a(gatt.c.obj)
 .text.sc_commit
                0x0000bab0       0x24 zephyr/subsys/bluetooth/host/libsubsys__bluetooth__host.a(gatt.c.obj)
 .text.db_changed
                0x0000bad4       0x54 zephyr/subsys/bluetooth/host/libsubsys__bluetooth__host.a(gatt.c.obj)
 .text.cf_write
                0x0000bb28       0xb0 zephyr/subsys/bluetooth/host/libsubsys__bluetooth__host.a(gatt.c.obj)
 .text.sc_indicate_rsp
                0x0000bbd8       0x4c zephyr/subsys/bluetooth/host/libsubsys__bluetooth__host.a(gatt.c.obj)
 .text.gatt_notify
                0x0000bc24       0x60 zephyr/subsys/bluetooth/host/libsubsys__bluetooth__host.a(gatt.c.obj)
 .text.read_ppcp
                0x0000bc84       0x38 zephyr/subsys/bluetooth/host/libsubsys__bluetooth__host.a(gatt.c.obj)
 .text.bt_gatt_clear_sc
                0x0000bcbc       0x5c zephyr/subsys/bluetooth/host/libsubsys__bluetooth__host.a(gatt.c.obj)
 .text.sc_clear
                0x0000bd18       0x44 zephyr/subsys/bluetooth/host/libsubsys__bluetooth__host.a(gatt.c.obj)
 .text.disconnected_cb
                0x0000bd5c       0x8c zephyr/subsys/bluetooth/host/libsubsys__bluetooth__host.a(gatt.c.obj)
 .text.sc_indicate
                0x0000bde8       0x64 zephyr/subsys/bluetooth/host/libsubsys__bluetooth__host.a(gatt.c.obj)
 .text.gatt_indicate
                0x0000be4c       0xac zephyr/subsys/bluetooth/host/libsubsys__bluetooth__host.a(gatt.c.obj)
 .text.notify_cb
                0x0000bef8       0xc8 zephyr/subsys/bluetooth/host/libsubsys__bluetooth__host.a(gatt.c.obj)
 .text.bt_gatt_init
                0x0000bfc0       0xa8 zephyr/subsys/bluetooth/host/libsubsys__bluetooth__host.a(gatt.c.obj)
                0x0000bfc0                bt_gatt_init
 .text.bt_gatt_attr_get_handle
                0x0000c068       0x88 zephyr/subsys/bluetooth/host/libsubsys__bluetooth__host.a(gatt.c.obj)
                0x0000c068                bt_gatt_attr_get_handle
 .text.bt_gatt_foreach_attr_type
                0x0000c0f0      0x16c zephyr/subsys/bluetooth/host/libsubsys__bluetooth__host.a(gatt.c.obj)
                0x0000c0f0                bt_gatt_foreach_attr_type
 .text.db_hash_gen
                0x0000c25c       0x7c zephyr/subsys/bluetooth/host/libsubsys__bluetooth__host.a(gatt.c.obj)
 .text.db_hash_commit
                0x0000c2d8       0x54 zephyr/subsys/bluetooth/host/libsubsys__bluetooth__host.a(gatt.c.obj)
 .text.bt_gatt_service_register
                0x0000c32c      0x1f4 zephyr/subsys/bluetooth/host/libsubsys__bluetooth__host.a(gatt.c.obj)
                0x0000c32c                bt_gatt_service_register
 .text.ccc_set_direct
                0x0000c520       0xcc zephyr/subsys/bluetooth/host/libsubsys__bluetooth__host.a(gatt.c.obj)
 .text.bt_gatt_notify_cb
                0x0000c5ec      0x124 zephyr/subsys/bluetooth/host/libsubsys__bluetooth__host.a(gatt.c.obj)
                0x0000c5ec                bt_gatt_notify_cb
 .text.bt_gatt_indicate
                0x0000c710      0x12c zephyr/subsys/bluetooth/host/libsubsys__bluetooth__host.a(gatt.c.obj)
                0x0000c710                bt_gatt_indicate
 .text.sc_process
                0x0000c83c       0x80 zephyr/subsys/bluetooth/host/libsubsys__bluetooth__host.a(gatt.c.obj)
 .text.update_ccc
                0x0000c8bc       0xd8 zephyr/subsys/bluetooth/host/libsubsys__bluetooth__host.a(gatt.c.obj)
 .text.bt_gatt_connected
                0x0000c994       0x64 zephyr/subsys/bluetooth/host/libsubsys__bluetooth__host.a(gatt.c.obj)
                0x0000c994                bt_gatt_connected
 .text.db_hash_read
                0x0000c9f8       0x50 zephyr/subsys/bluetooth/host/libsubsys__bluetooth__host.a(gatt.c.obj)
 .text.bt_gatt_store_ccc
                0x0000ca48       0x74 zephyr/subsys/bluetooth/host/libsubsys__bluetooth__host.a(gatt.c.obj)
                0x0000ca48                bt_gatt_store_ccc
 .text.bt_gatt_service_unregister
                0x0000cabc      0x10c zephyr/subsys/bluetooth/host/libsubsys__bluetooth__host.a(gatt.c.obj)
                0x0000cabc                bt_gatt_service_unregister
 .text.bt_gatt_disconnected
                0x0000cbc8       0xf0 zephyr/subsys/bluetooth/host/libsubsys__bluetooth__host.a(gatt.c.obj)
                0x0000cbc8                bt_gatt_disconnected
 .text.bt_smp_accept
                0x0000ccb8       0x2c zephyr/subsys/bluetooth/host/libsubsys__bluetooth__host.a(smp_null.c.obj)
 .text.atomic_test_bit.constprop.4
                0x0000cce4       0x18 zephyr/subsys/bluetooth/mesh/libsubsys__bluetooth__mesh.a(main.c.obj)
 .text.bt_mesh_reset
                0x0000ccfc       0x6c zephyr/subsys/bluetooth/mesh/libsubsys__bluetooth__mesh.a(main.c.obj)
                0x0000ccfc                bt_mesh_reset
 .text.bt_mesh_start
                0x0000cd68       0x54 zephyr/subsys/bluetooth/mesh/libsubsys__bluetooth__mesh.a(main.c.obj)
                0x0000cd68                bt_mesh_start
 .text.bt_mesh_provision
                0x0000cdbc       0xa8 zephyr/subsys/bluetooth/mesh/libsubsys__bluetooth__mesh.a(main.c.obj)
                0x0000cdbc                bt_mesh_provision
 .text.atomic_test_bit.constprop.6
                0x0000ce64       0x1c zephyr/subsys/bluetooth/mesh/libsubsys__bluetooth__mesh.a(cfg.c.obj)
 .text.bt_mesh_beacon_set
                0x0000ce80       0x60 zephyr/subsys/bluetooth/mesh/libsubsys__bluetooth__mesh.a(cfg.c.obj)
                0x0000ce80                bt_mesh_beacon_set
 .text.bt_mesh_default_ttl_set
                0x0000cee0       0x38 zephyr/subsys/bluetooth/mesh/libsubsys__bluetooth__mesh.a(cfg.c.obj)
                0x0000cee0                bt_mesh_default_ttl_set
 .text.bt_mesh_default_ttl_get
                0x0000cf18        0xc zephyr/subsys/bluetooth/mesh/libsubsys__bluetooth__mesh.a(cfg.c.obj)
                0x0000cf18                bt_mesh_default_ttl_get
 .text.bt_mesh_net_transmit_set
                0x0000cf24       0x28 zephyr/subsys/bluetooth/mesh/libsubsys__bluetooth__mesh.a(cfg.c.obj)
                0x0000cf24                bt_mesh_net_transmit_set
 .text.cfg_set  0x0000cf4c       0x4c zephyr/subsys/bluetooth/mesh/libsubsys__bluetooth__mesh.a(cfg.c.obj)
 .text.bt_mesh_net_transmit_get
                0x0000cf98        0xc zephyr/subsys/bluetooth/mesh/libsubsys__bluetooth__mesh.a(cfg.c.obj)
                0x0000cf98                bt_mesh_net_transmit_get
 .text.bt_mesh_cfg_init
                0x0000cfa4       0x30 zephyr/subsys/bluetooth/mesh/libsubsys__bluetooth__mesh.a(cfg.c.obj)
                0x0000cfa4                bt_mesh_cfg_init
 .text.bt_mesh_cfg_pending_store
                0x0000cfd4       0x74 zephyr/subsys/bluetooth/mesh/libsubsys__bluetooth__mesh.a(cfg.c.obj)
                0x0000cfd4                bt_mesh_cfg_pending_store
 .text.adv_alloc
                0x0000d048       0x10 zephyr/subsys/bluetooth/mesh/libsubsys__bluetooth__mesh.a(adv.c.obj)
 .text.bt_mesh_scan_cb
                0x0000d058       0x8c zephyr/subsys/bluetooth/mesh/libsubsys__bluetooth__mesh.a(adv.c.obj)
 .text.bt_mesh_adv_create_from_pool
                0x0000d0e4       0x60 zephyr/subsys/bluetooth/mesh/libsubsys__bluetooth__mesh.a(adv.c.obj)
                0x0000d0e4                bt_mesh_adv_create_from_pool
 .text.bt_mesh_adv_create
                0x0000d144       0x20 zephyr/subsys/bluetooth/mesh/libsubsys__bluetooth__mesh.a(adv.c.obj)
                0x0000d144                bt_mesh_adv_create
 .text.bt_mesh_adv_send
                0x0000d164       0x2c zephyr/subsys/bluetooth/mesh/libsubsys__bluetooth__mesh.a(adv.c.obj)
                0x0000d164                bt_mesh_adv_send
 .text.bt_mesh_scan_enable
                0x0000d190       0x44 zephyr/subsys/bluetooth/mesh/libsubsys__bluetooth__mesh.a(adv.c.obj)
                0x0000d190                bt_mesh_scan_enable
 .text.bt_mesh_scan_disable
                0x0000d1d4       0x28 zephyr/subsys/bluetooth/mesh/libsubsys__bluetooth__mesh.a(adv.c.obj)
                0x0000d1d4                bt_mesh_scan_disable
 .text.subnet_by_id
                0x0000d1fc       0x7c zephyr/subsys/bluetooth/mesh/libsubsys__bluetooth__mesh.a(beacon.c.obj)
 .text.k_delayed_work_submit.constprop.7
                0x0000d278       0x14 zephyr/subsys/bluetooth/mesh/libsubsys__bluetooth__mesh.a(beacon.c.obj)
 .text.beacon_send
                0x0000d28c      0x168 zephyr/subsys/bluetooth/mesh/libsubsys__bluetooth__mesh.a(beacon.c.obj)
 .text.bt_mesh_beacon_create
                0x0000d3f4       0x54 zephyr/subsys/bluetooth/mesh/libsubsys__bluetooth__mesh.a(beacon.c.obj)
                0x0000d3f4                bt_mesh_beacon_create
 .text.secure_beacon_send
                0x0000d448       0x80 zephyr/subsys/bluetooth/mesh/libsubsys__bluetooth__mesh.a(beacon.c.obj)
 .text.bt_mesh_beacon_update
                0x0000d4c8       0x50 zephyr/subsys/bluetooth/mesh/libsubsys__bluetooth__mesh.a(beacon.c.obj)
                0x0000d4c8                bt_mesh_beacon_update
 .text.bt_mesh_beacon_init
                0x0000d518       0x1c zephyr/subsys/bluetooth/mesh/libsubsys__bluetooth__mesh.a(beacon.c.obj)
                0x0000d518                bt_mesh_beacon_init
 .text.bt_mesh_beacon_ivu_initiator
                0x0000d534       0x58 zephyr/subsys/bluetooth/mesh/libsubsys__bluetooth__mesh.a(beacon.c.obj)
                0x0000d534                bt_mesh_beacon_ivu_initiator
 .text.bt_mesh_beacon_recv
                0x0000d58c      0x178 zephyr/subsys/bluetooth/mesh/libsubsys__bluetooth__mesh.a(beacon.c.obj)
                0x0000d58c                bt_mesh_beacon_recv
 .text.bt_mesh_beacon_enable
                0x0000d704       0x20 zephyr/subsys/bluetooth/mesh/libsubsys__bluetooth__mesh.a(beacon.c.obj)
                0x0000d704                bt_mesh_beacon_enable
 .text.bt_mesh_beacon_disable
                0x0000d724       0x20 zephyr/subsys/bluetooth/mesh/libsubsys__bluetooth__mesh.a(beacon.c.obj)
                0x0000d724                bt_mesh_beacon_disable
 .text.net_tx_cred_get
                0x0000d744       0x44 zephyr/subsys/bluetooth/mesh/libsubsys__bluetooth__mesh.a(net.c.obj)
 .text.bt_mesh_net_local
                0x0000d788       0xc4 zephyr/subsys/bluetooth/mesh/libsubsys__bluetooth__mesh.a(net.c.obj)
 .text.net_decrypt
                0x0000d84c       0xf4 zephyr/subsys/bluetooth/mesh/libsubsys__bluetooth__mesh.a(net.c.obj)
 .text.seq_set  0x0000d940       0x54 zephyr/subsys/bluetooth/mesh/libsubsys__bluetooth__mesh.a(net.c.obj)
 .text.net_set  0x0000d994       0x58 zephyr/subsys/bluetooth/mesh/libsubsys__bluetooth__mesh.a(net.c.obj)
 .text.atomic_test_bit.constprop.15
                0x0000d9ec       0x1c zephyr/subsys/bluetooth/mesh/libsubsys__bluetooth__mesh.a(net.c.obj)
 .text.atomic_set_bit_to.constprop.11
                0x0000da08       0x34 zephyr/subsys/bluetooth/mesh/libsubsys__bluetooth__mesh.a(net.c.obj)
 .text.iv_set   0x0000da3c       0x70 zephyr/subsys/bluetooth/mesh/libsubsys__bluetooth__mesh.a(net.c.obj)
 .text.bt_mesh_net_create
                0x0000daac       0x78 zephyr/subsys/bluetooth/mesh/libsubsys__bluetooth__mesh.a(net.c.obj)
                0x0000daac                bt_mesh_net_create
 .text.bt_mesh_net_iv_update
                0x0000db24      0x120 zephyr/subsys/bluetooth/mesh/libsubsys__bluetooth__mesh.a(net.c.obj)
                0x0000db24                bt_mesh_net_iv_update
 .text.ivu_refresh
                0x0000dc44       0x64 zephyr/subsys/bluetooth/mesh/libsubsys__bluetooth__mesh.a(net.c.obj)
 .text.bt_mesh_next_seq
                0x0000dca8       0x48 zephyr/subsys/bluetooth/mesh/libsubsys__bluetooth__mesh.a(net.c.obj)
                0x0000dca8                bt_mesh_next_seq
 .text.net_header_encode
                0x0000dcf0       0x98 zephyr/subsys/bluetooth/mesh/libsubsys__bluetooth__mesh.a(net.c.obj)
 .text.bt_mesh_net_send
                0x0000dd88      0x128 zephyr/subsys/bluetooth/mesh/libsubsys__bluetooth__mesh.a(net.c.obj)
                0x0000dd88                bt_mesh_net_send
 .text.bt_mesh_net_loopback_clear
                0x0000deb0       0x48 zephyr/subsys/bluetooth/mesh/libsubsys__bluetooth__mesh.a(net.c.obj)
                0x0000deb0                bt_mesh_net_loopback_clear
 .text.bt_mesh_net_decode
                0x0000def8      0x168 zephyr/subsys/bluetooth/mesh/libsubsys__bluetooth__mesh.a(net.c.obj)
                0x0000def8                bt_mesh_net_decode
 .text.bt_mesh_net_recv
                0x0000e060      0x1e4 zephyr/subsys/bluetooth/mesh/libsubsys__bluetooth__mesh.a(net.c.obj)
                0x0000e060                bt_mesh_net_recv
 .text.bt_mesh_net_init
                0x0000e244       0x30 zephyr/subsys/bluetooth/mesh/libsubsys__bluetooth__mesh.a(net.c.obj)
                0x0000e244                bt_mesh_net_init
 .text.bt_mesh_net_pending_iv_store
                0x0000e274       0x64 zephyr/subsys/bluetooth/mesh/libsubsys__bluetooth__mesh.a(net.c.obj)
                0x0000e274                bt_mesh_net_pending_iv_store
 .text.bt_mesh_net_pending_net_store
                0x0000e2d8       0x58 zephyr/subsys/bluetooth/mesh/libsubsys__bluetooth__mesh.a(net.c.obj)
                0x0000e2d8                bt_mesh_net_pending_net_store
 .text.bt_mesh_net_pending_seq_store
                0x0000e330       0x38 zephyr/subsys/bluetooth/mesh/libsubsys__bluetooth__mesh.a(net.c.obj)
                0x0000e330                bt_mesh_net_pending_seq_store
 .text.bt_mesh_net_settings_commit
                0x0000e368       0x24 zephyr/subsys/bluetooth/mesh/libsubsys__bluetooth__mesh.a(net.c.obj)
                0x0000e368                bt_mesh_net_settings_commit
 .text.clear_net_key
                0x0000e38c       0x30 zephyr/subsys/bluetooth/mesh/libsubsys__bluetooth__mesh.a(subnet.c.obj)
 .text.subnet_evt
                0x0000e3bc       0x4c zephyr/subsys/bluetooth/mesh/libsubsys__bluetooth__mesh.a(subnet.c.obj)
 .text.net_keys_create
                0x0000e408       0x84 zephyr/subsys/bluetooth/mesh/libsubsys__bluetooth__mesh.a(subnet.c.obj)
 .text.bt_mesh_subnet_get.part.1
                0x0000e48c       0x14 zephyr/subsys/bluetooth/mesh/libsubsys__bluetooth__mesh.a(subnet.c.obj)
 .text.store_subnet
                0x0000e4a0       0x7c zephyr/subsys/bluetooth/mesh/libsubsys__bluetooth__mesh.a(subnet.c.obj)
 .text.update_subnet_settings
                0x0000e51c       0x4c zephyr/subsys/bluetooth/mesh/libsubsys__bluetooth__mesh.a(subnet.c.obj)
 .text.bt_mesh_net_flags
                0x0000e568       0x24 zephyr/subsys/bluetooth/mesh/libsubsys__bluetooth__mesh.a(subnet.c.obj)
                0x0000e568                bt_mesh_net_flags
 .text.bt_mesh_subnet_add
                0x0000e58c       0x5c zephyr/subsys/bluetooth/mesh/libsubsys__bluetooth__mesh.a(subnet.c.obj)
                0x0000e58c                bt_mesh_subnet_add
 .text.bt_mesh_subnet_kr_phase_set
                0x0000e5e8       0x60 zephyr/subsys/bluetooth/mesh/libsubsys__bluetooth__mesh.a(subnet.c.obj)
                0x0000e5e8                bt_mesh_subnet_kr_phase_set
 .text.bt_mesh_subnets_get
                0x0000e648       0x38 zephyr/subsys/bluetooth/mesh/libsubsys__bluetooth__mesh.a(subnet.c.obj)
                0x0000e648                bt_mesh_subnets_get
 .text.bt_mesh_subnet_set
                0x0000e680       0x64 zephyr/subsys/bluetooth/mesh/libsubsys__bluetooth__mesh.a(subnet.c.obj)
                0x0000e680                bt_mesh_subnet_set
 .text.net_key_set
                0x0000e6e4       0x68 zephyr/subsys/bluetooth/mesh/libsubsys__bluetooth__mesh.a(subnet.c.obj)
 .text.bt_mesh_subnet_find
                0x0000e74c       0x24 zephyr/subsys/bluetooth/mesh/libsubsys__bluetooth__mesh.a(subnet.c.obj)
                0x0000e74c                bt_mesh_subnet_find
 .text.bt_mesh_subnet_foreach
                0x0000e770       0x20 zephyr/subsys/bluetooth/mesh/libsubsys__bluetooth__mesh.a(subnet.c.obj)
                0x0000e770                bt_mesh_subnet_foreach
 .text.bt_mesh_subnet_next
                0x0000e790       0x30 zephyr/subsys/bluetooth/mesh/libsubsys__bluetooth__mesh.a(subnet.c.obj)
                0x0000e790                bt_mesh_subnet_next
 .text.bt_mesh_net_keys_reset
                0x0000e7c0       0x18 zephyr/subsys/bluetooth/mesh/libsubsys__bluetooth__mesh.a(subnet.c.obj)
                0x0000e7c0                bt_mesh_net_keys_reset
 .text.bt_mesh_net_cred_find
                0x0000e7d8       0xb8 zephyr/subsys/bluetooth/mesh/libsubsys__bluetooth__mesh.a(subnet.c.obj)
                0x0000e7d8                bt_mesh_net_cred_find
 .text.bt_mesh_subnet_pending_store
                0x0000e890       0x2c zephyr/subsys/bluetooth/mesh/libsubsys__bluetooth__mesh.a(subnet.c.obj)
                0x0000e890                bt_mesh_subnet_pending_store
 .text.clear_app_key
                0x0000e8bc       0x30 zephyr/subsys/bluetooth/mesh/libsubsys__bluetooth__mesh.a(app_keys.c.obj)
 .text.app_key_evt
                0x0000e8ec       0x4c zephyr/subsys/bluetooth/mesh/libsubsys__bluetooth__mesh.a(app_keys.c.obj)
 .text.store_app_key
                0x0000e938       0x74 zephyr/subsys/bluetooth/mesh/libsubsys__bluetooth__mesh.a(app_keys.c.obj)
 .text.update_app_key_settings
                0x0000e9ac       0x4c zephyr/subsys/bluetooth/mesh/libsubsys__bluetooth__mesh.a(app_keys.c.obj)
 .text.subnet_evt
                0x0000e9f8       0x74 zephyr/subsys/bluetooth/mesh/libsubsys__bluetooth__mesh.a(app_keys.c.obj)
 .text.bt_mesh_app_key_add
                0x0000ea6c       0x84 zephyr/subsys/bluetooth/mesh/libsubsys__bluetooth__mesh.a(app_keys.c.obj)
                0x0000ea6c                bt_mesh_app_key_add
 .text.bt_mesh_app_key_update
                0x0000eaf0       0x8c zephyr/subsys/bluetooth/mesh/libsubsys__bluetooth__mesh.a(app_keys.c.obj)
                0x0000eaf0                bt_mesh_app_key_update
 .text.bt_mesh_app_key_del
                0x0000eb7c       0x48 zephyr/subsys/bluetooth/mesh/libsubsys__bluetooth__mesh.a(app_keys.c.obj)
                0x0000eb7c                bt_mesh_app_key_del
 .text.bt_mesh_app_key_set
                0x0000ebc4       0x78 zephyr/subsys/bluetooth/mesh/libsubsys__bluetooth__mesh.a(app_keys.c.obj)
                0x0000ebc4                bt_mesh_app_key_set
 .text.app_key_set
                0x0000ec3c       0x74 zephyr/subsys/bluetooth/mesh/libsubsys__bluetooth__mesh.a(app_keys.c.obj)
 .text.bt_mesh_app_key_exists
                0x0000ecb0       0x10 zephyr/subsys/bluetooth/mesh/libsubsys__bluetooth__mesh.a(app_keys.c.obj)
                0x0000ecb0                bt_mesh_app_key_exists
 .text.bt_mesh_app_keys_get
                0x0000ecc0       0x40 zephyr/subsys/bluetooth/mesh/libsubsys__bluetooth__mesh.a(app_keys.c.obj)
                0x0000ecc0                bt_mesh_app_keys_get
 .text.bt_mesh_keys_resolve
                0x0000ed00       0xac zephyr/subsys/bluetooth/mesh/libsubsys__bluetooth__mesh.a(app_keys.c.obj)
                0x0000ed00                bt_mesh_keys_resolve
 .text.bt_mesh_app_key_find
                0x0000edac       0x70 zephyr/subsys/bluetooth/mesh/libsubsys__bluetooth__mesh.a(app_keys.c.obj)
                0x0000edac                bt_mesh_app_key_find
 .text.bt_mesh_app_keys_reset
                0x0000ee1c       0x18 zephyr/subsys/bluetooth/mesh/libsubsys__bluetooth__mesh.a(app_keys.c.obj)
                0x0000ee1c                bt_mesh_app_keys_reset
 .text.bt_mesh_app_key_pending_store
                0x0000ee34       0x2c zephyr/subsys/bluetooth/mesh/libsubsys__bluetooth__mesh.a(app_keys.c.obj)
                0x0000ee34                bt_mesh_app_key_pending_store
 .text.k_delayed_work_submit
                0x0000ee60        0xc zephyr/subsys/bluetooth/mesh/libsubsys__bluetooth__mesh.a(transport.c.obj)
 .text.va_set   0x0000ee6c       0xa0 zephyr/subsys/bluetooth/mesh/libsubsys__bluetooth__mesh.a(transport.c.obj)
 .text.seg_rx_reset
                0x0000ef0c       0x58 zephyr/subsys/bluetooth/mesh/libsubsys__bluetooth__mesh.a(transport.c.obj)
 .text.seg_tx_reset
                0x0000ef64       0x9c zephyr/subsys/bluetooth/mesh/libsubsys__bluetooth__mesh.a(transport.c.obj)
 .text.seg_tx_complete
                0x0000f000       0x5c zephyr/subsys/bluetooth/mesh/libsubsys__bluetooth__mesh.a(transport.c.obj)
 .text.seg_tx_send_unacked
                0x0000f05c      0x1e4 zephyr/subsys/bluetooth/mesh/libsubsys__bluetooth__mesh.a(transport.c.obj)
 .text.ctl_recv
                0x0000f240      0x1d8 zephyr/subsys/bluetooth/mesh/libsubsys__bluetooth__mesh.a(transport.c.obj)
 .text.send_seg
                0x0000f418      0x194 zephyr/subsys/bluetooth/mesh/libsubsys__bluetooth__mesh.a(transport.c.obj)
 .text.send_unseg
                0x0000f5ac       0x84 zephyr/subsys/bluetooth/mesh/libsubsys__bluetooth__mesh.a(transport.c.obj)
 .text.bt_mesh_tx_in_progress
                0x0000f630       0x14 zephyr/subsys/bluetooth/mesh/libsubsys__bluetooth__mesh.a(transport.c.obj)
                0x0000f630                bt_mesh_tx_in_progress
 .text.bt_mesh_ctl_send
                0x0000f644       0x8c zephyr/subsys/bluetooth/mesh/libsubsys__bluetooth__mesh.a(transport.c.obj)
                0x0000f644                bt_mesh_ctl_send
 .text.send_ack
                0x0000f6d0       0xac zephyr/subsys/bluetooth/mesh/libsubsys__bluetooth__mesh.a(transport.c.obj)
 .text.seg_ack  0x0000f77c       0xa4 zephyr/subsys/bluetooth/mesh/libsubsys__bluetooth__mesh.a(transport.c.obj)
 .text.bt_mesh_rx_reset
                0x0000f820        0xc zephyr/subsys/bluetooth/mesh/libsubsys__bluetooth__mesh.a(transport.c.obj)
                0x0000f820                bt_mesh_rx_reset
 .text.bt_mesh_trans_reset
                0x0000f82c       0x3c zephyr/subsys/bluetooth/mesh/libsubsys__bluetooth__mesh.a(transport.c.obj)
                0x0000f82c                bt_mesh_trans_reset
 .text.bt_mesh_trans_init
                0x0000f868       0x38 zephyr/subsys/bluetooth/mesh/libsubsys__bluetooth__mesh.a(transport.c.obj)
                0x0000f868                bt_mesh_trans_init
 .text.bt_mesh_va_add
                0x0000f8a0       0x74 zephyr/subsys/bluetooth/mesh/libsubsys__bluetooth__mesh.a(transport.c.obj)
                0x0000f8a0                bt_mesh_va_add
 .text.bt_mesh_va_del
                0x0000f914       0x48 zephyr/subsys/bluetooth/mesh/libsubsys__bluetooth__mesh.a(transport.c.obj)
                0x0000f914                bt_mesh_va_del
 .text.bt_mesh_va_label_get
                0x0000f95c       0x2c zephyr/subsys/bluetooth/mesh/libsubsys__bluetooth__mesh.a(transport.c.obj)
                0x0000f95c                bt_mesh_va_label_get
 .text.bt_mesh_trans_send
                0x0000f988      0x180 zephyr/subsys/bluetooth/mesh/libsubsys__bluetooth__mesh.a(transport.c.obj)
                0x0000f988                bt_mesh_trans_send
 .text.sdu_recv
                0x0000fb08       0xa4 zephyr/subsys/bluetooth/mesh/libsubsys__bluetooth__mesh.a(transport.c.obj)
 .text.bt_mesh_trans_recv
                0x0000fbac      0x52c zephyr/subsys/bluetooth/mesh/libsubsys__bluetooth__mesh.a(transport.c.obj)
                0x0000fbac                bt_mesh_trans_recv
 .text.bt_mesh_va_pending_store
                0x000100d8       0x8c zephyr/subsys/bluetooth/mesh/libsubsys__bluetooth__mesh.a(transport.c.obj)
                0x000100d8                bt_mesh_va_pending_store
 .text.rpl_set  0x00010164       0xc8 zephyr/subsys/bluetooth/mesh/libsubsys__bluetooth__mesh.a(rpl.c.obj)
 .text.bt_mesh_rpl_check
                0x0001022c       0x74 zephyr/subsys/bluetooth/mesh/libsubsys__bluetooth__mesh.a(rpl.c.obj)
                0x0001022c                bt_mesh_rpl_check
 .text.bt_mesh_rpl_reset
                0x000102a0       0x38 zephyr/subsys/bluetooth/mesh/libsubsys__bluetooth__mesh.a(rpl.c.obj)
                0x000102a0                bt_mesh_rpl_reset
 .text.bt_mesh_rpl_pending_store
                0x000102d8       0xb4 zephyr/subsys/bluetooth/mesh/libsubsys__bluetooth__mesh.a(rpl.c.obj)
                0x000102d8                bt_mesh_rpl_pending_store
 .text.notify_sub_end
                0x0001038c       0x4c zephyr/subsys/bluetooth/mesh/libsubsys__bluetooth__mesh.a(heartbeat.c.obj)
 .text.k_delayed_work_submit
                0x000103d8        0xc zephyr/subsys/bluetooth/mesh/libsubsys__bluetooth__mesh.a(heartbeat.c.obj)
 .text.hb_publish_end_cb
                0x000103e4       0x54 zephyr/subsys/bluetooth/mesh/libsubsys__bluetooth__mesh.a(heartbeat.c.obj)
 .text.heartbeat_send.constprop.3
                0x00010438       0xac zephyr/subsys/bluetooth/mesh/libsubsys__bluetooth__mesh.a(heartbeat.c.obj)
 .text.hb_publish
                0x000104e4       0x44 zephyr/subsys/bluetooth/mesh/libsubsys__bluetooth__mesh.a(heartbeat.c.obj)
 .text.sub_remaining
                0x00010528       0x2c zephyr/subsys/bluetooth/mesh/libsubsys__bluetooth__mesh.a(heartbeat.c.obj)
 .text.bt_mesh_hb_recv
                0x00010554       0xcc zephyr/subsys/bluetooth/mesh/libsubsys__bluetooth__mesh.a(heartbeat.c.obj)
                0x00010554                bt_mesh_hb_recv
 .text.bt_mesh_hb_pub_set
                0x00010620       0x84 zephyr/subsys/bluetooth/mesh/libsubsys__bluetooth__mesh.a(heartbeat.c.obj)
                0x00010620                bt_mesh_hb_pub_set
 .text.hb_pub_set
                0x000106a4       0x80 zephyr/subsys/bluetooth/mesh/libsubsys__bluetooth__mesh.a(heartbeat.c.obj)
 .text.bt_mesh_hb_pub_get
                0x00010724       0x14 zephyr/subsys/bluetooth/mesh/libsubsys__bluetooth__mesh.a(heartbeat.c.obj)
                0x00010724                bt_mesh_hb_pub_get
 .text.bt_mesh_hb_sub_set
                0x00010738       0xcc zephyr/subsys/bluetooth/mesh/libsubsys__bluetooth__mesh.a(heartbeat.c.obj)
                0x00010738                bt_mesh_hb_sub_set
 .text.bt_mesh_hb_sub_reset_count
                0x00010804        0xc zephyr/subsys/bluetooth/mesh/libsubsys__bluetooth__mesh.a(heartbeat.c.obj)
                0x00010804                bt_mesh_hb_sub_reset_count
 .text.bt_mesh_hb_sub_get
                0x00010810       0x18 zephyr/subsys/bluetooth/mesh/libsubsys__bluetooth__mesh.a(heartbeat.c.obj)
                0x00010810                bt_mesh_hb_sub_get
 .text.bt_mesh_hb_feature_changed
                0x00010828       0x18 zephyr/subsys/bluetooth/mesh/libsubsys__bluetooth__mesh.a(heartbeat.c.obj)
                0x00010828                bt_mesh_hb_feature_changed
 .text.bt_mesh_hb_init
                0x00010840       0x44 zephyr/subsys/bluetooth/mesh/libsubsys__bluetooth__mesh.a(heartbeat.c.obj)
                0x00010840                bt_mesh_hb_init
 .text.bt_mesh_hb_start
                0x00010884       0x20 zephyr/subsys/bluetooth/mesh/libsubsys__bluetooth__mesh.a(heartbeat.c.obj)
                0x00010884                bt_mesh_hb_start
 .text.bt_mesh_hb_pub_pending_store
                0x000108a4       0x90 zephyr/subsys/bluetooth/mesh/libsubsys__bluetooth__mesh.a(heartbeat.c.obj)
                0x000108a4                bt_mesh_hb_pub_pending_store
 .text.bt_mesh_k2
                0x00010934       0xb0 zephyr/subsys/bluetooth/mesh/libsubsys__bluetooth__mesh.a(crypto.c.obj)
                0x00010934                bt_mesh_k2
 .text.bt_mesh_k3
                0x000109e4       0x5c zephyr/subsys/bluetooth/mesh/libsubsys__bluetooth__mesh.a(crypto.c.obj)
                0x000109e4                bt_mesh_k3
 .text.bt_mesh_k4
                0x00010a40       0x50 zephyr/subsys/bluetooth/mesh/libsubsys__bluetooth__mesh.a(crypto.c.obj)
                0x00010a40                bt_mesh_k4
 .text.bt_mesh_id128
                0x00010a90       0x2c zephyr/subsys/bluetooth/mesh/libsubsys__bluetooth__mesh.a(crypto.c.obj)
                0x00010a90                bt_mesh_id128
 .text.bt_mesh_fcs_calc
                0x00010abc       0x20 zephyr/subsys/bluetooth/mesh/libsubsys__bluetooth__mesh.a(crypto.c.obj)
                0x00010abc                bt_mesh_fcs_calc
 .text.bt_mesh_fcs_check
                0x00010adc       0x2c zephyr/subsys/bluetooth/mesh/libsubsys__bluetooth__mesh.a(crypto.c.obj)
                0x00010adc                bt_mesh_fcs_check
 .text.bt_mesh_virtual_addr
                0x00010b08       0x48 zephyr/subsys/bluetooth/mesh/libsubsys__bluetooth__mesh.a(crypto.c.obj)
                0x00010b08                bt_mesh_virtual_addr
 .text.bt_mesh_prov_conf_key
                0x00010b50       0x18 zephyr/subsys/bluetooth/mesh/libsubsys__bluetooth__mesh.a(crypto.c.obj)
                0x00010b50                bt_mesh_prov_conf_key
 .text.encode_mod_path
                0x00010b68       0x2c zephyr/subsys/bluetooth/mesh/libsubsys__bluetooth__mesh.a(access.c.obj)
 .text.model_send
                0x00010b94       0xa0 zephyr/subsys/bluetooth/mesh/libsubsys__bluetooth__mesh.a(access.c.obj)
 .text.publish_start
                0x00010c34       0x30 zephyr/subsys/bluetooth/mesh/libsubsys__bluetooth__mesh.a(access.c.obj)
 .text.store_pending_mod
                0x00010c64      0x12c zephyr/subsys/bluetooth/mesh/libsubsys__bluetooth__mesh.a(access.c.obj)
 .text.mod_init
                0x00010d90       0x6c zephyr/subsys/bluetooth/mesh/libsubsys__bluetooth__mesh.a(access.c.obj)
 .text.bt_mesh_model_foreach
                0x00010dfc       0x74 zephyr/subsys/bluetooth/mesh/libsubsys__bluetooth__mesh.a(access.c.obj)
                0x00010dfc                bt_mesh_model_foreach
 .text.bt_mesh_model_pub_period_get
                0x00010e70       0x50 zephyr/subsys/bluetooth/mesh/libsubsys__bluetooth__mesh.a(access.c.obj)
                0x00010e70                bt_mesh_model_pub_period_get
 .text.publish_sent
                0x00010ec0       0x7c zephyr/subsys/bluetooth/mesh/libsubsys__bluetooth__mesh.a(access.c.obj)
 .text.commit_mod
                0x00010f3c       0x50 zephyr/subsys/bluetooth/mesh/libsubsys__bluetooth__mesh.a(access.c.obj)
 .text.bt_mesh_model_elem
                0x00010f8c       0x14 zephyr/subsys/bluetooth/mesh/libsubsys__bluetooth__mesh.a(access.c.obj)
                0x00010f8c                bt_mesh_model_elem
 .text.bt_mesh_model_get
                0x00010fa0       0x60 zephyr/subsys/bluetooth/mesh/libsubsys__bluetooth__mesh.a(access.c.obj)
                0x00010fa0                bt_mesh_model_get
 .text.mod_set  0x00011000      0x1b0 zephyr/subsys/bluetooth/mesh/libsubsys__bluetooth__mesh.a(access.c.obj)
 .text.bt_mesh_comp_register
                0x000111b0       0x2c zephyr/subsys/bluetooth/mesh/libsubsys__bluetooth__mesh.a(access.c.obj)
                0x000111b0                bt_mesh_comp_register
 .text.bt_mesh_comp_provision
                0x000111dc       0x2c zephyr/subsys/bluetooth/mesh/libsubsys__bluetooth__mesh.a(access.c.obj)
                0x000111dc                bt_mesh_comp_provision
 .text.bt_mesh_comp_unprovision
                0x00011208        0xc zephyr/subsys/bluetooth/mesh/libsubsys__bluetooth__mesh.a(access.c.obj)
                0x00011208                bt_mesh_comp_unprovision
 .text.bt_mesh_primary_addr
                0x00011214        0xc zephyr/subsys/bluetooth/mesh/libsubsys__bluetooth__mesh.a(access.c.obj)
                0x00011214                bt_mesh_primary_addr
 .text.bt_mesh_elem_find
                0x00011220       0x74 zephyr/subsys/bluetooth/mesh/libsubsys__bluetooth__mesh.a(access.c.obj)
                0x00011220                bt_mesh_elem_find
 .text.bt_mesh_elem_count
                0x00011294        0xc zephyr/subsys/bluetooth/mesh/libsubsys__bluetooth__mesh.a(access.c.obj)
                0x00011294                bt_mesh_elem_count
 .text.bt_mesh_model_recv
                0x000112a0      0x178 zephyr/subsys/bluetooth/mesh/libsubsys__bluetooth__mesh.a(access.c.obj)
                0x000112a0                bt_mesh_model_recv
 .text.bt_mesh_model_publish
                0x00011418       0xec zephyr/subsys/bluetooth/mesh/libsubsys__bluetooth__mesh.a(access.c.obj)
                0x00011418                bt_mesh_model_publish
 .text.mod_publish
                0x00011504      0x154 zephyr/subsys/bluetooth/mesh/libsubsys__bluetooth__mesh.a(access.c.obj)
 .text.bt_mesh_comp_get
                0x00011658        0xc zephyr/subsys/bluetooth/mesh/libsubsys__bluetooth__mesh.a(access.c.obj)
                0x00011658                bt_mesh_comp_get
 .text.bt_mesh_model_pending_store
                0x00011664        0xc zephyr/subsys/bluetooth/mesh/libsubsys__bluetooth__mesh.a(access.c.obj)
                0x00011664                bt_mesh_model_pending_store
 .text.bt_mesh_model_data_store
                0x00011670       0x60 zephyr/subsys/bluetooth/mesh/libsubsys__bluetooth__mesh.a(access.c.obj)
                0x00011670                bt_mesh_model_data_store
 .text.bt_mesh_model_settings_commit
                0x000116d0        0xc zephyr/subsys/bluetooth/mesh/libsubsys__bluetooth__mesh.a(access.c.obj)
                0x000116d0                bt_mesh_model_settings_commit
 .text.app_key_evt
                0x000116dc       0x20 zephyr/subsys/bluetooth/mesh/libsubsys__bluetooth__mesh.a(cfg_srv.c.obj)
 .text.node_reset
                0x000116fc       0x44 zephyr/subsys/bluetooth/mesh/libsubsys__bluetooth__mesh.a(cfg_srv.c.obj)
 .text.send_mod_sub_status
                0x00011740       0x84 zephyr/subsys/bluetooth/mesh/libsubsys__bluetooth__mesh.a(cfg_srv.c.obj)
 .text.net_key_get
                0x000117c4       0x54 zephyr/subsys/bluetooth/mesh/libsubsys__bluetooth__mesh.a(cfg_srv.c.obj)
 .text.mod_sub_get_vnd
                0x00011818       0xe8 zephyr/subsys/bluetooth/mesh/libsubsys__bluetooth__mesh.a(cfg_srv.c.obj)
 .text.mod_sub_get
                0x00011900       0xcc zephyr/subsys/bluetooth/mesh/libsubsys__bluetooth__mesh.a(cfg_srv.c.obj)
 .text.relay_set
                0x000119cc       0x78 zephyr/subsys/bluetooth/mesh/libsubsys__bluetooth__mesh.a(cfg_srv.c.obj)
 .text.beacon_set
                0x00011a44       0x6c zephyr/subsys/bluetooth/mesh/libsubsys__bluetooth__mesh.a(cfg_srv.c.obj)
 .text.app_key_get
                0x00011ab0       0x98 zephyr/subsys/bluetooth/mesh/libsubsys__bluetooth__mesh.a(cfg_srv.c.obj)
 .text.mod_sub_list_clear.isra.4.part.5
                0x00011b48       0x3c zephyr/subsys/bluetooth/mesh/libsubsys__bluetooth__mesh.a(cfg_srv.c.obj)
 .text.cfg_srv_init
                0x00011b84       0x24 zephyr/subsys/bluetooth/mesh/libsubsys__bluetooth__mesh.a(cfg_srv.c.obj)
 .text.send_krp_status
                0x00011ba8       0x5c zephyr/subsys/bluetooth/mesh/libsubsys__bluetooth__mesh.a(cfg_srv.c.obj)
 .text.krp_set  0x00011c04       0x60 zephyr/subsys/bluetooth/mesh/libsubsys__bluetooth__mesh.a(cfg_srv.c.obj)
 .text.krp_get  0x00011c64       0x40 zephyr/subsys/bluetooth/mesh/libsubsys__bluetooth__mesh.a(cfg_srv.c.obj)
 .text.send_node_id_status
                0x00011ca4       0x5c zephyr/subsys/bluetooth/mesh/libsubsys__bluetooth__mesh.a(cfg_srv.c.obj)
 .text.node_identity_set
                0x00011d00       0x74 zephyr/subsys/bluetooth/mesh/libsubsys__bluetooth__mesh.a(cfg_srv.c.obj)
 .text.node_identity_get
                0x00011d74       0x44 zephyr/subsys/bluetooth/mesh/libsubsys__bluetooth__mesh.a(cfg_srv.c.obj)
 .text.send_net_key_status
                0x00011db8       0x54 zephyr/subsys/bluetooth/mesh/libsubsys__bluetooth__mesh.a(cfg_srv.c.obj)
 .text.net_key_del
                0x00011e0c       0x44 zephyr/subsys/bluetooth/mesh/libsubsys__bluetooth__mesh.a(cfg_srv.c.obj)
 .text.net_key_update
                0x00011e50       0x40 zephyr/subsys/bluetooth/mesh/libsubsys__bluetooth__mesh.a(cfg_srv.c.obj)
 .text.net_key_add
                0x00011e90       0x40 zephyr/subsys/bluetooth/mesh/libsubsys__bluetooth__mesh.a(cfg_srv.c.obj)
 .text.send_app_key_status
                0x00011ed0       0x58 zephyr/subsys/bluetooth/mesh/libsubsys__bluetooth__mesh.a(cfg_srv.c.obj)
 .text.hb_pub_send_status
                0x00011f28       0xb0 zephyr/subsys/bluetooth/mesh/libsubsys__bluetooth__mesh.a(cfg_srv.c.obj)
 .text.heartbeat_pub_set
                0x00011fd8       0xa8 zephyr/subsys/bluetooth/mesh/libsubsys__bluetooth__mesh.a(cfg_srv.c.obj)
 .text.lpn_timeout_get
                0x00012080       0x68 zephyr/subsys/bluetooth/mesh/libsubsys__bluetooth__mesh.a(cfg_srv.c.obj)
 .text.send_friend_status
                0x000120e8       0x4c zephyr/subsys/bluetooth/mesh/libsubsys__bluetooth__mesh.a(cfg_srv.c.obj)
 .text.friend_set
                0x00012134       0x30 zephyr/subsys/bluetooth/mesh/libsubsys__bluetooth__mesh.a(cfg_srv.c.obj)
 .text.mod_app_get
                0x00012164       0xd0 zephyr/subsys/bluetooth/mesh/libsubsys__bluetooth__mesh.a(cfg_srv.c.obj)
 .text.mod_sub_del_all
                0x00012234       0x88 zephyr/subsys/bluetooth/mesh/libsubsys__bluetooth__mesh.a(cfg_srv.c.obj)
 .text.mod_sub_va_overwrite
                0x000122bc       0xbc zephyr/subsys/bluetooth/mesh/libsubsys__bluetooth__mesh.a(cfg_srv.c.obj)
 .text.mod_sub_overwrite
                0x00012378       0xa4 zephyr/subsys/bluetooth/mesh/libsubsys__bluetooth__mesh.a(cfg_srv.c.obj)
 .text.mod_sub_va_del
                0x0001241c       0xc4 zephyr/subsys/bluetooth/mesh/libsubsys__bluetooth__mesh.a(cfg_srv.c.obj)
 .text.mod_sub_del
                0x000124e0       0xbc zephyr/subsys/bluetooth/mesh/libsubsys__bluetooth__mesh.a(cfg_srv.c.obj)
 .text.mod_sub_va_add
                0x0001259c       0xd8 zephyr/subsys/bluetooth/mesh/libsubsys__bluetooth__mesh.a(cfg_srv.c.obj)
 .text.mod_sub_add
                0x00012674       0xb0 zephyr/subsys/bluetooth/mesh/libsubsys__bluetooth__mesh.a(cfg_srv.c.obj)
 .text.mod_app_bind
                0x00012724       0xd8 zephyr/subsys/bluetooth/mesh/libsubsys__bluetooth__mesh.a(cfg_srv.c.obj)
 .text.mod_sub_list_visitor
                0x000127fc       0x38 zephyr/subsys/bluetooth/mesh/libsubsys__bluetooth__mesh.a(cfg_srv.c.obj)
 .text.send_mod_pub_status.isra.19
                0x00012834       0xd8 zephyr/subsys/bluetooth/mesh/libsubsys__bluetooth__mesh.a(cfg_srv.c.obj)
 .text.mod_pub_get
                0x0001290c       0x84 zephyr/subsys/bluetooth/mesh/libsubsys__bluetooth__mesh.a(cfg_srv.c.obj)
 .text.relay_get
                0x00012990       0x58 zephyr/subsys/bluetooth/mesh/libsubsys__bluetooth__mesh.a(cfg_srv.c.obj)
 .text.net_transmit_set
                0x000129e8       0x54 zephyr/subsys/bluetooth/mesh/libsubsys__bluetooth__mesh.a(cfg_srv.c.obj)
 .text.net_transmit_get
                0x00012a3c       0x4c zephyr/subsys/bluetooth/mesh/libsubsys__bluetooth__mesh.a(cfg_srv.c.obj)
 .text.send_gatt_proxy_status
                0x00012a88       0x4c zephyr/subsys/bluetooth/mesh/libsubsys__bluetooth__mesh.a(cfg_srv.c.obj)
 .text.gatt_proxy_set
                0x00012ad4       0x30 zephyr/subsys/bluetooth/mesh/libsubsys__bluetooth__mesh.a(cfg_srv.c.obj)
 .text.default_ttl_set
                0x00012b04       0x6c zephyr/subsys/bluetooth/mesh/libsubsys__bluetooth__mesh.a(cfg_srv.c.obj)
 .text.default_ttl_get
                0x00012b70       0x4c zephyr/subsys/bluetooth/mesh/libsubsys__bluetooth__mesh.a(cfg_srv.c.obj)
 .text.beacon_get
                0x00012bbc       0x4c zephyr/subsys/bluetooth/mesh/libsubsys__bluetooth__mesh.a(cfg_srv.c.obj)
 .text.dev_comp_data_get
                0x00012c08      0x11c zephyr/subsys/bluetooth/mesh/libsubsys__bluetooth__mesh.a(cfg_srv.c.obj)
 .text._mod_pub_set.constprop.31
                0x00012d24       0xd8 zephyr/subsys/bluetooth/mesh/libsubsys__bluetooth__mesh.a(cfg_srv.c.obj)
 .text.mod_app_unbind
                0x00012dfc       0xb0 zephyr/subsys/bluetooth/mesh/libsubsys__bluetooth__mesh.a(cfg_srv.c.obj)
 .text.mod_pub_set
                0x00012eac       0xd4 zephyr/subsys/bluetooth/mesh/libsubsys__bluetooth__mesh.a(cfg_srv.c.obj)
 .text.mod_pub_va_set
                0x00012f80      0x108 zephyr/subsys/bluetooth/mesh/libsubsys__bluetooth__mesh.a(cfg_srv.c.obj)
 .text.hb_sub_send_status